23:32:13 | INFO    | ======================================================================
23:32:13 | INFO    |   PIPELINE: Conformal Prediction: P10-P90 Intervals for 10 Materials
23:32:13 | INFO    |   Split Conformal (Vovk 2005): proper_train(50m) + calib(12m) + test(12m)
23:32:13 | INFO    |   日志文件: D:\Users\dell\PycharmProjects\vmd-catboost\scripts\..\outputs\logs\Conformal_20260709_233213.log
23:32:13 | INFO    | ======================================================================
23:32:13 | INFO    | 
23:32:13 | INFO    | [Step 1] Data Loading
23:32:13 | INFO    |        10 materials + shared features + self-lag features
23:32:13 | INFO    |        -   AC_Arrester            → 交流避雷器 | train_nz=39/62
23:32:13 | INFO    |        -   CVT                    → 电容式电压互感器 | train_nz=39/62
23:32:13 | INFO    |        -   Post_Insulator         → 交流支柱绝缘子 | train_nz=39/62
23:32:13 | INFO    |        -   Breaker_Protect        → 断路器保护 | train_nz=38/62
23:32:13 | INFO    |        -   Reactor_Protect        → 电抗器保护 | train_nz=38/62
23:32:13 | INFO    |        -   Line_Protect           → 线路保护 | train_nz=37/62
23:32:13 | INFO    |        -   T10kV                  → 10kV变压器 | train_nz=37/62
23:32:13 | INFO    |        -   Transformer_Protect    → 变压器保护 | train_nz=37/62
23:32:13 | INFO    |        -   Busbar_Protect         → 母线保护 | train_nz=37/62
23:32:13 | INFO    |        -   GIS_500kV              → 500kVGIS组合电器 | train_nz=36/62
23:32:13 | INFO    |   [Step 1] OK (0.5s) | 10 materials loaded
23:32:13 | DEBUG   |        = 10 materials loaded
23:32:13 | INFO    | 
23:32:13 | INFO    | [Step 2] Conformal Prediction
23:32:13 | INFO    |        Split: proper_train(50) + calib(12) + test(12)
23:32:19 | INFO    |        [AC_Arrester] Cov=92% | Width=4819 | Width/Point=3.55 | Winkler=6390 | R2_pt=0.2193 | radius=3460
23:32:22 | INFO    |        [CVT] Cov=100% | Width=258 | Width/Point=1.57 | Winkler=258 | R2_pt=0.5309 | radius=135
23:32:29 | INFO    |        [Post_Insulator] Cov=42% | Width=1271 | Width/Point=1.07 | Winkler=4178 | R2_pt=0.1971 | radius=733
23:32:32 | INFO    |        [Breaker_Protect] Cov=92% | Width=65 | Width/Point=3.56 | Winkler=80 | R2_pt=-0.3859 | radius=51
23:32:36 | INFO    |        [Reactor_Protect] Cov=100% | Width=41 | Width/Point=2.85 | Winkler=41 | R2_pt=-0.5582 | radius=27
23:32:39 | INFO    |        [Line_Protect] Cov=83% | Width=177 | Width/Point=2.22 | Winkler=910 | R2_pt=0.0859 | radius=102
23:32:43 | INFO    |        [T10kV] Cov=58% | Width=73 | Width/Point=1.54 | Winkler=151 | R2_pt=0.3409 | radius=41
23:32:46 | INFO    |        [Transformer_Protect] Cov=83% | Width=78 | Width/Point=2.18 | Winkler=353 | R2_pt=0.2456 | radius=48
23:32:49 | INFO    |        [Busbar_Protect] Cov=92% | Width=73 | Width/Point=1.89 | Winkler=143 | R2_pt=0.4462 | radius=40
23:32:52 | INFO    |        [GIS_500kV] Cov=75% | Width=84 | Width/Point=2.26 | Winkler=134 | R2_pt=0.1013 | radius=47
23:32:52 | INFO    |   [Step 2] OK (38.6s) | 10 conformal predictions complete
23:32:52 | DEBUG   |        = 10 conformal predictions complete
23:32:52 | INFO    | 
23:32:52 | INFO    | [Step 3] Summary
23:32:52 | INFO    |        Coverage, Width, Winkler Score, Sharpness
23:32:52 | INFO    |        Conformal Prediction Results
23:32:52 | INFO    |        ----------------------------------------------------------------------------
23:32:52 | INFO    |        AC_Arrester      | 92%      | 4819  | 3.55    | 6390    | 0.266     | 0.219 
23:32:52 | INFO    |        CVT              | 100%     | 258   | 1.57    | 258     | 0.687     | 0.531 
23:32:52 | INFO    |        Post_Insulator   | 42%      | 1271  | 1.07    | 4178    | 0.328     | 0.197 
23:32:52 | INFO    |        Breaker_Protect  | 92%      | 65    | 3.56    | 80      | 0.265     | -0.386
23:32:52 | INFO    |        Reactor_Protect  | 100%     | 42    | 2.85    | 42      | 0.430     | -0.558
23:32:52 | INFO    |        Line_Protect     | 83%      | 177   | 2.22    | 910     | 0.463     | 0.086 
23:32:52 | INFO    |        T10kV            | 58%      | 74    | 1.54    | 151     | 0.404     | 0.341 
23:32:52 | INFO    |        Transformer_Prot | 83%      | 78    | 2.18    | 353     | 0.470     | 0.246 
23:32:52 | INFO    |        Busbar_Protect   | 92%      | 73    | 1.89    | 143     | 0.570     | 0.446 
23:32:52 | INFO    |        GIS_500kV        | 75%      | 84    | 2.26    | 134     | 0.411     | 0.101 
23:32:52 | INFO    |        ----------------------------------------------------------------------------
23:32:52 | INFO    |        - Mean Coverage: 81.7% | Mean Width: 694 | Mean Winkler: 1264
23:32:52 | INFO    |        - Coverage in [70%, 90%]: 3/10 (ideal=10)
23:32:52 | INFO    |   [Step 3] OK (0.0s) | Summary done: coverage=81.7%, on_target=3/10
23:32:52 | DEBUG   |        = Summary done: coverage=81.7%, on_target=3/10
23:32:52 | INFO    | 
23:32:52 | INFO    | [Step 4] Charts
23:32:52 | INFO    |        5 figures for the report
23:32:54 | INFO    |   [Step 4] OK (1.9s) | 5 charts generated
23:32:54 | DEBUG   |        = 5 charts generated
23:32:54 | INFO    | 
23:32:54 | INFO    | [Step 5] Detail Report
23:32:54 | INFO    |        Per-material interval analysis
23:32:54 | INFO    |        - [CVT] Coverage=100% PointR2=0.531 Width=[258] ConformalRadius=135 Inside=12/12
23:32:54 | INFO    |        - [Busbar_Protect] Coverage=92% PointR2=0.446 Width=[73] ConformalRadius=40 Inside=11/12
23:32:54 | DEBUG   |            FAILED months: 2026-03(actual=207, interval=[43,123])
23:32:54 | INFO    |        - [T10kV] Coverage=58% PointR2=0.341 Width=[74] ConformalRadius=41 Inside=7/12
23:32:54 | DEBUG   |            FAILED months: 2025-07(actual=0, interval=[20,103]), 2025-08(actual=120, interval=[0,78]), 2025-10(actual=54, interval=[0,53]), 2026-03(actual=153, interval=[60,143]), 2026-05(actual=104, interval=[2,85])
23:32:54 | INFO    |        - [Transformer_Protect] Coverage=83% PointR2=0.246 Width=[78] ConformalRadius=48 Inside=10/12
23:32:54 | DEBUG   |            FAILED months: 2025-12(actual=151, interval=[20,116]), 2026-03(actual=438, interval=[45,142])
23:32:54 | INFO    |        - [AC_Arrester] Coverage=92% PointR2=0.219 Width=[4819] ConformalRadius=3460 Inside=11/12
23:32:54 | DEBUG   |            FAILED months: 2025-11(actual=7580, interval=[0,5695])
23:32:54 | INFO    |        - [Post_Insulator] Coverage=42% PointR2=0.197 Width=[1271] ConformalRadius=733 Inside=5/12
23:32:54 | DEBUG   |            FAILED months: 2025-07(actual=515, interval=[585,2052]), 2025-08(actual=1745, interval=[0,788]), 2025-12(actual=334, interval=[660,2127]), 2026-02(actual=3565, interval=[1484,2951]), 2026-04(actual=1173, interval=[0,733]), 2026-05(actual=2291, interval=[303,1769]), 2026-06(actual=0, interval=[559,2026])
23:32:54 | INFO    |        - [GIS_500kV] Coverage=75% PointR2=0.101 Width=[84] ConformalRadius=47 Inside=9/12
23:32:54 | DEBUG   |            FAILED months: 2025-10(actual=109, interval=[0,95]), 2026-02(actual=112, interval=[0,84]), 2026-04(actual=112, interval=[0,94])
23:32:54 | INFO    |        - [Line_Protect] Coverage=83% PointR2=0.086 Width=[177] ConformalRadius=102 Inside=10/12
23:32:54 | DEBUG   |            FAILED months: 2025-12(actual=450, interval=[13,217]), 2026-03(actual=881, interval=[29,234])
23:32:54 | INFO    |        - [Breaker_Protect] Coverage=92% PointR2=-0.386 Width=[65] ConformalRadius=51 Inside=11/12
23:32:54 | DEBUG   |            FAILED months: 2026-02(actual=82, interval=[0,64])
23:32:54 | INFO    |        - [Reactor_Protect] Coverage=100% PointR2=-0.558 Width=[42] ConformalRadius=27 Inside=12/12
23:32:54 | INFO    |   [Step 5] OK (0.0s) | Detail report complete
23:32:54 | DEBUG   |        = Detail report complete
23:32:54 | INFO    | 
23:32:54 | INFO    | [Step 6] Final Comparison
23:32:54 | INFO    |        Conformal Interval vs Point Prediction
23:32:54 | INFO    | 
23:32:54 | INFO    | ======================================================================
23:32:54 | INFO    |   PIPELINE COMPLETE (41s)
23:32:54 | INFO    |   Coverage=81.7%, Width=694, Winkler=1264, OnTarget=3/10
23:32:54 | INFO    | ======================================================================
