02:28:25 | INFO    | ======================================================================
02:28:25 | INFO    |   配电网物资需求预测 —— VMD-CatBoost 模型对比实验
02:28:25 | INFO    |   物资: Top5采购频率最高 (从ECP数据自动选择)
02:28:25 | INFO    |   因子: 批次事件特征 + 项目数量 + 自回归滞后
02:28:25 | INFO    |   模型: CatBoost / Conditional-CatBoost / N-HiTS / TwoStage + NaiveSeasonal/Persistence/SARIMA
02:28:25 | INFO    | ======================================================================
02:28:25 | INFO    |   日志文件: outputs/logs\main_20260708_022825.log
02:28:25 | INFO    | [1/8] 加载数据...
02:28:25 | INFO    | 读取已有数据文件: inputs\data.xlsx
02:28:25 | INFO    |   Sheet[交流避雷器]: 81 条, demand范围=[0.00, 7580.00]
02:28:25 | INFO    |   Sheet[电容式电压互感器]: 81 条, demand范围=[0.00, 426.00]
02:28:25 | INFO    |   Sheet[交流支柱绝缘子]: 81 条, demand范围=[0.00, 4888.00]
02:28:25 | INFO    |   Sheet[断路器保护]: 81 条, demand范围=[0.00, 173.00]
02:28:25 | INFO    |   Sheet[电抗器保护]: 81 条, demand范围=[0.00, 67.00]
02:28:25 | INFO    |   物资: ['交流避雷器', '电容式电压互感器', '交流支柱绝缘子', '断路器保护', '电抗器保护']
02:28:26 | INFO    |   [图表] 需求量曲线 → outputs/figures\需求量曲线.png
02:28:26 | INFO    | 
02:28:26 | INFO    | [2/8] 处理 交流避雷器 (交流避雷器)...
02:28:26 | INFO    |   [Spearman因子选择] 交流避雷器: top4=['project_count', 'transformer_bids', 'monthly_bid_count', 'uhv_bids']
02:28:26 | INFO    |   [特征工程] top4=['project_count', 'transformer_bids', 'monthly_bid_count', 'uhv_bids'], n_feat=13维, 训练=69月
02:28:26 | DEBUG   |   训练集: 69月, 测试集: 12月
02:28:26 | INFO    |   [3/8] 模型一: CatBoost...
02:28:26 | INFO    |   [CatBoost基线] iterations=1500, lr=0.02, depth=6, l2=3, loss=RMSE
02:28:27 | INFO    |         MSE=3105218.8938 RMSE=1762.1631 MAE=1021.2507 R2=0.2736
02:28:27 | INFO    |   [Baseline] NaiveSeasonal: R2=0.0963
02:28:27 | INFO    |   [Baseline] Persistence: R2=-0.4689
02:28:27 | INFO    |   [Baseline] SARIMA: R2=0.2789
02:28:27 | INFO    |   [5/8] Conditional-CatBoost...
02:28:28 | INFO    |         MSE=3237969.2765 RMSE=1799.4358 MAE=1059.0643 R2=0.2426
02:28:28 | INFO    |   [6/8] N-HiTS...
02:28:28 | WARNING |   [N-HiTS] samples=33<50, skip (小样本不稳定)
02:28:28 | INFO    |   [N-HiTS] 跳过 (未安装或失败)
02:28:28 | INFO    |   [7/8] 两阶段预测...
02:28:29 | INFO    |   [两阶段] Stage1分类准确率=100.00%, 非零训练样本=42
02:28:29 | INFO    |         MSE=1562085.3177 RMSE=1249.8341 MAE=824.6331 R2=0.6346
02:28:30 | INFO    |   [图表] 特征重要性(交流避雷器) → outputs/figures\特征重要性_交流避雷器.png
02:28:30 | INFO    | 
02:28:30 | INFO    | [2/8] 处理 电容式电压互感器 (电容式电压互感器)...
02:28:30 | INFO    |   [Spearman因子选择] 电容式电压互感器: top4=['project_count', 'monthly_bid_count', 'transformer_bids', 'uhv_bids']
02:28:30 | INFO    |   [特征工程] top4=['project_count', 'monthly_bid_count', 'transformer_bids', 'uhv_bids'], n_feat=13维, 训练=69月
02:28:30 | DEBUG   |   训练集: 69月, 测试集: 12月
02:28:30 | INFO    |   [3/8] 模型一: CatBoost...
02:28:30 | INFO    |   [CatBoost基线] iterations=1500, lr=0.02, depth=6, l2=3, loss=RMSE
02:28:30 | INFO    |         MSE=5872.7480 RMSE=76.6339 MAE=58.5548 R2=0.4777
02:28:30 | INFO    |   [Baseline] NaiveSeasonal: R2=-1.7481
02:28:30 | INFO    |   [Baseline] Persistence: R2=-2.4236
02:28:30 | INFO    |   [Baseline] SARIMA: R2=-0.5009
02:28:30 | INFO    |   [5/8] Conditional-CatBoost...
02:28:30 | INFO    |         MSE=6405.6461 RMSE=80.0353 MAE=61.6089 R2=0.4303
02:28:30 | INFO    |   [6/8] N-HiTS...
02:28:30 | WARNING |   [N-HiTS] samples=33<50, skip (小样本不稳定)
02:28:30 | INFO    |   [N-HiTS] 跳过 (未安装或失败)
02:28:30 | INFO    |   [7/8] 两阶段预测...
02:28:31 | INFO    |   [两阶段] Stage1分类准确率=100.00%, 非零训练样本=42
02:28:31 | INFO    |         MSE=2919.6511 RMSE=54.0338 MAE=39.6299 R2=0.7404
02:28:32 | INFO    |   [图表] 特征重要性(电容式电压互感器) → outputs/figures\特征重要性_电容式电压互感器.png
02:28:32 | INFO    | 
02:28:32 | INFO    | [2/8] 处理 交流支柱绝缘子 (交流支柱绝缘子)...
02:28:32 | INFO    |   [Spearman因子选择] 交流支柱绝缘子: top4=['project_count', 'transformer_bids', 'monthly_bid_count', 'uhv_bids']
02:28:32 | INFO    |   [特征工程] top4=['project_count', 'transformer_bids', 'monthly_bid_count', 'uhv_bids'], n_feat=13维, 训练=69月
02:28:32 | DEBUG   |   训练集: 69月, 测试集: 12月
02:28:32 | INFO    |   [3/8] 模型一: CatBoost...
02:28:32 | INFO    |   [CatBoost基线] iterations=1500, lr=0.02, depth=6, l2=3, loss=RMSE
02:28:32 | INFO    |         MSE=668454.8191 RMSE=817.5909 MAE=688.3857 R2=0.4931
02:28:32 | INFO    |   [Baseline] NaiveSeasonal: R2=-1.2457
02:28:32 | INFO    |   [Baseline] Persistence: R2=-0.4130
02:28:32 | INFO    |   [Baseline] SARIMA: R2=-0.3865
02:28:32 | INFO    |   [5/8] Conditional-CatBoost...
02:28:32 | INFO    |         MSE=727795.3154 RMSE=853.1092 MAE=710.7129 R2=0.4481
02:28:32 | INFO    |   [6/8] N-HiTS...
02:28:32 | WARNING |   [N-HiTS] samples=33<50, skip (小样本不稳定)
02:28:32 | INFO    |   [N-HiTS] 跳过 (未安装或失败)
02:28:32 | INFO    |   [7/8] 两阶段预测...
02:28:34 | INFO    |   [两阶段] Stage1分类准确率=100.00%, 非零训练样本=42
02:28:34 | INFO    |         MSE=399585.9934 RMSE=632.1281 MAE=414.6168 R2=0.6970
02:28:34 | INFO    |   [图表] 特征重要性(交流支柱绝缘子) → outputs/figures\特征重要性_交流支柱绝缘子.png
02:28:34 | INFO    | 
02:28:34 | INFO    | [2/8] 处理 断路器保护 (断路器保护)...
02:28:34 | INFO    |   [Spearman因子选择] 断路器保护: top4=['project_count', 'monthly_bid_count', 'uhv_bids', 'transformer_bids']
02:28:34 | INFO    |   [特征工程] top4=['project_count', 'monthly_bid_count', 'uhv_bids', 'transformer_bids'], n_feat=13维, 训练=69月
02:28:34 | DEBUG   |   训练集: 69月, 测试集: 12月
02:28:34 | INFO    |   [3/8] 模型一: CatBoost...
02:28:34 | INFO    |   [CatBoost基线] iterations=1500, lr=0.02, depth=6, l2=3, loss=RMSE
02:28:34 | INFO    |         MSE=81.0614 RMSE=9.0034 MAE=6.3086 R2=0.8526
02:28:34 | INFO    |   [Baseline] NaiveSeasonal: R2=-0.5356
02:28:34 | INFO    |   [Baseline] Persistence: R2=-4.2483
02:28:34 | INFO    |   [Baseline] SARIMA: R2=-0.5684
02:28:34 | INFO    |   [5/8] Conditional-CatBoost...
02:28:35 | INFO    |         MSE=114.7869 RMSE=10.7139 MAE=7.6264 R2=0.7913
02:28:35 | INFO    |   [6/8] N-HiTS...
02:28:35 | WARNING |   [N-HiTS] samples=33<50, skip (小样本不稳定)
02:28:35 | INFO    |   [N-HiTS] 跳过 (未安装或失败)
02:28:35 | INFO    |   [7/8] 两阶段预测...
02:28:35 | INFO    |   [两阶段] Stage1分类准确率=100.00%, 非零训练样本=41
02:28:35 | INFO    |         MSE=196.1233 RMSE=14.0044 MAE=10.4525 R2=0.6433
02:28:36 | INFO    |   [图表] 特征重要性(断路器保护) → outputs/figures\特征重要性_断路器保护.png
02:28:36 | INFO    | 
02:28:36 | INFO    | [2/8] 处理 电抗器保护 (电抗器保护)...
02:28:36 | INFO    |   [Spearman因子选择] 电抗器保护: top4=['project_count', 'monthly_bid_count', 'uhv_bids', 'transformer_bids']
02:28:36 | INFO    |   [特征工程] top4=['project_count', 'monthly_bid_count', 'uhv_bids', 'transformer_bids'], n_feat=13维, 训练=69月
02:28:36 | DEBUG   |   训练集: 69月, 测试集: 12月
02:28:36 | INFO    |   [3/8] 模型一: CatBoost...
02:28:36 | INFO    |   [CatBoost基线] iterations=1500, lr=0.02, depth=6, l2=3, loss=RMSE
02:28:36 | INFO    |         MSE=12.3389 RMSE=3.5127 MAE=2.7060 R2=0.8228
02:28:36 | INFO    |   [Baseline] NaiveSeasonal: R2=-2.5457
02:28:36 | INFO    |   [Baseline] Persistence: R2=-0.0483
02:28:36 | INFO    |   [Baseline] SARIMA: R2=-3.2378
02:28:36 | INFO    |   [5/8] Conditional-CatBoost...
02:28:36 | INFO    |         MSE=13.8099 RMSE=3.7162 MAE=3.0987 R2=0.8017
02:28:36 | INFO    |   [6/8] N-HiTS...
02:28:36 | WARNING |   [N-HiTS] samples=33<50, skip (小样本不稳定)
02:28:36 | INFO    |   [N-HiTS] 跳过 (未安装或失败)
02:28:36 | INFO    |   [7/8] 两阶段预测...
02:28:37 | INFO    |   [两阶段] Stage1分类准确率=100.00%, 非零训练样本=41
02:28:37 | INFO    |         MSE=25.6742 RMSE=5.0670 MAE=3.5293 R2=0.6313
02:28:38 | INFO    |   [图表] 特征重要性(电抗器保护) → outputs/figures\特征重要性_电抗器保护.png
02:28:38 | INFO    | 
02:28:38 | INFO    | [8/8] 汇总评估与可视化...
02:28:38 | INFO    | 
02:28:38 | INFO    | ========================================================================================================================
02:28:38 | INFO    | 评估指标汇总表
02:28:38 | INFO    | ========================================================================================================================
02:28:38 | INFO    | 物资               模型                              MSE         RMSE          MAE          R^2
02:28:38 | INFO    | ------------------------------------------------------------------------------------------------------------------------
02:28:38 | INFO    | 交流避雷器            CatBoost               3105218.8938    1762.1631    1021.2507       0.2736
02:28:38 | INFO    |                  NaiveSeasonal          3863131.4167    1965.4850    1331.0833       0.0963
02:28:38 | INFO    |                  Persistence            6279299.5833    2505.8531    1428.4167      -0.4689
02:28:38 | INFO    |                  SARIMA                 3082744.6500    1755.7747    1356.8945       0.2789
02:28:38 | INFO    |                  CondCatBoost           3237969.2765    1799.4358    1059.0643       0.2426
02:28:38 | INFO    |                  TwoStage               1562085.3177    1249.8341     824.6331       0.6346
02:28:38 | INFO    | ------------------------------------------------------------------------------------------------------------------------
02:28:38 | INFO    | 电容式电压互感器         CatBoost                  5872.7480      76.6339      58.5548       0.4777
02:28:38 | INFO    |                  NaiveSeasonal            30901.1667     175.7873     145.5000      -1.7481
02:28:38 | INFO    |                  Persistence              38497.2500     196.2072     169.0833      -2.4236
02:28:38 | INFO    |                  SARIMA                   16876.7410     129.9105     108.6409      -0.5009
02:28:38 | INFO    |                  CondCatBoost              6405.6461      80.0353      61.6089       0.4303
02:28:38 | INFO    |                  TwoStage                  2919.6511      54.0338      39.6299       0.7404
02:28:38 | INFO    | ------------------------------------------------------------------------------------------------------------------------
02:28:38 | INFO    | 交流支柱绝缘子          CatBoost                668454.8191     817.5909     688.3857       0.4931
02:28:38 | INFO    |                  NaiveSeasonal          2961393.5000    1720.8700    1333.1667      -1.2457
02:28:38 | INFO    |                  Persistence            1863355.5000    1365.0478    1111.5000      -0.4130
02:28:38 | INFO    |                  SARIMA                 1828420.3830    1352.1910    1126.2580      -0.3865
02:28:38 | INFO    |                  CondCatBoost            727795.3154     853.1092     710.7129       0.4481
02:28:38 | INFO    |                  TwoStage                399585.9934     632.1281     414.6168       0.6970
02:28:38 | INFO    | ------------------------------------------------------------------------------------------------------------------------
02:28:38 | INFO    | 断路器保护            CatBoost                    81.0614       9.0034       6.3086       0.8526
02:28:38 | INFO    |                  NaiveSeasonal              844.4167      29.0588      20.2500      -0.5356
02:28:38 | INFO    |                  Persistence               2886.0000      53.7215      51.3333      -4.2483
02:28:38 | INFO    |                  SARIMA                     862.4667      29.3678      27.5372      -0.5684
02:28:38 | INFO    |                  CondCatBoost               114.7869      10.7139       7.6264       0.7913
02:28:38 | INFO    |                  TwoStage                   196.1233      14.0044      10.4525       0.6433
02:28:38 | INFO    | ------------------------------------------------------------------------------------------------------------------------
02:28:38 | INFO    | 电抗器保护            CatBoost                    12.3389       3.5127       2.7060       0.8228
02:28:38 | INFO    |                  NaiveSeasonal              246.9167      15.7136      13.0833      -2.5457
02:28:38 | INFO    |                  Persistence                 73.0000       8.5440       6.8333      -0.0483
02:28:38 | INFO    |                  SARIMA                     295.1140      17.1789      15.0759      -3.2378
02:28:38 | INFO    |                  CondCatBoost                13.8099       3.7162       3.0987       0.8017
02:28:38 | INFO    |                  TwoStage                    25.6742       5.0670       3.5293       0.6313
02:28:38 | INFO    | ------------------------------------------------------------------------------------------------------------------------
02:28:38 | INFO    | 
02:28:38 | INFO    |   [图表] 预测对比图(交流避雷器) → outputs/figures\预测对比_交流避雷器.png
02:28:38 | INFO    |   [图表] 预测对比图(电容式电压互感器) → outputs/figures\预测对比_电容式电压互感器.png
02:28:38 | INFO    |   [图表] 预测对比图(交流支柱绝缘子) → outputs/figures\预测对比_交流支柱绝缘子.png
02:28:39 | INFO    |   [图表] 预测对比图(断路器保护) → outputs/figures\预测对比_断路器保护.png
02:28:39 | INFO    |   [图表] 预测对比图(电抗器保护) → outputs/figures\预测对比_电抗器保护.png
02:28:40 | INFO    |   [图表] 指标对比图 → outputs/figures\指标对比图.png
02:28:40 | INFO    | 
02:28:40 | INFO    | ======================================================================
02:28:40 | INFO    |   模型性能排序 (按R^2)
02:28:40 | INFO    | ======================================================================
02:28:40 | INFO    |   交流避雷器: [1st] TwoStage (R^2=0.6346)  [2nd] SARIMA (R^2=0.2789)  [3rd] CatBoost (R^2=0.2736)
02:28:40 | INFO    |   电容式电压互感器: [1st] TwoStage (R^2=0.7404)  [2nd] CatBoost (R^2=0.4777)  [3rd] CondCatBoost (R^2=0.4303)
02:28:40 | INFO    |   交流支柱绝缘子: [1st] TwoStage (R^2=0.6970)  [2nd] CatBoost (R^2=0.4931)  [3rd] CondCatBoost (R^2=0.4481)
02:28:40 | INFO    |   断路器保护: [1st] CatBoost (R^2=0.8526)  [2nd] CondCatBoost (R^2=0.7913)  [3rd] TwoStage (R^2=0.6433)
02:28:40 | INFO    |   电抗器保护: [1st] CatBoost (R^2=0.8228)  [2nd] CondCatBoost (R^2=0.8017)  [3rd] TwoStage (R^2=0.6313)
02:28:40 | INFO    | 
02:28:40 | INFO    | 所有图表已保存至: C:\Users\董文涛\PycharmProjects\vmd-catboost\outputs\figures/
02:28:40 | INFO    | 日志文件: C:\Users\董文涛\PycharmProjects\vmd-catboost\outputs\logs\main_20260708_022825.log
02:28:40 | INFO    | 完成!
