04:10:45 | INFO    | ======================================================================
04:10:45 | INFO    |   配电网物资需求预测 —— VMD-CatBoost 模型对比实验
04:10:45 | INFO    |   物资: Top5采购频率最高 (从ECP数据自动选择)
04:10:45 | INFO    |   因子: 批次事件特征 + 项目数量 + 自回归滞后
04:10:45 | INFO    |   模型: CatBoost / Conditional-CatBoost / N-HiTS / TwoStage + NaiveSeasonal/Persistence/SARIMA
04:10:45 | INFO    | ======================================================================
04:10:45 | INFO    |   日志文件: outputs/logs\main_20260708_041045.log
04:10:45 | INFO    | [1/8] 加载数据...
04:10:45 | INFO    | 读取已有数据文件: inputs\data.xlsx
04:10:45 | INFO    |   Sheet[交流避雷器]: 81 条, demand范围=[0.00, 7580.00]
04:10:45 | INFO    |   Sheet[电容式电压互感器]: 81 条, demand范围=[0.00, 426.00]
04:10:45 | INFO    |   Sheet[交流支柱绝缘子]: 81 条, demand范围=[0.00, 4888.00]
04:10:45 | INFO    |   Sheet[断路器保护]: 81 条, demand范围=[0.00, 173.00]
04:10:45 | INFO    |   Sheet[电抗器保护]: 81 条, demand范围=[0.00, 67.00]
04:10:45 | INFO    |   物资: ['交流避雷器', '电容式电压互感器', '交流支柱绝缘子', '断路器保护', '电抗器保护']
04:10:46 | INFO    |   [图表] 需求量曲线 → outputs/figures\需求量曲线.png
04:10:46 | INFO    | 
04:10:46 | INFO    | [2/8] 处理 交流避雷器 (交流避雷器)...
04:10:46 | INFO    |   [Spearman因子选择] 交流避雷器: top4=['project_count', 'transformer_bids', 'monthly_bid_count', 'uhv_bids']
04:10:46 | INFO    |   [特征工程] top4=['project_count', 'transformer_bids', 'monthly_bid_count', 'uhv_bids'], n_feat=13维, 训练=69月
04:10:46 | DEBUG   |   训练集: 69月, 测试集: 12月
04:10:46 | INFO    |   [3/8] 模型一: CatBoost...
04:10:46 | INFO    |         MSE=3870237.9946 RMSE=1967.2920 MAE=1123.5349 R2=0.0947
04:10:46 | INFO    |   [Baseline] NaiveSeasonal: R2=0.0963
04:10:46 | INFO    |   [Baseline] NaiveMean: R2=-0.0810
04:10:46 | INFO    |   [Baseline] TSB: R2=-0.0063
04:10:46 | INFO    |   [Baseline] Persistence: R2=-0.4689
04:10:46 | INFO    |   [Baseline] SARIMA: R2=0.2789
04:10:46 | INFO    |   [5/8] Conditional-CatBoost...
04:10:46 | INFO    |   [5/8] CatBoost-2S...
04:10:47 | INFO    |   [5/8] CatBoost-2S: R2=0.5953
04:10:47 | INFO    |   [6/8] Conditional-CatBoost...
04:10:48 | INFO    |         MSE=1988775.2773 RMSE=1410.2394 MAE=1035.8938 R2=0.5348
04:10:48 | INFO    |   [6/8] N-HiTS...
04:10:48 | WARNING |   [N-HiTS] samples=33<50, skip (小样本不稳定)
04:10:48 | INFO    |   [N-HiTS] 跳过 (未安装或失败)
04:10:48 | INFO    |   [基线] Croston-SBA: R2=-0.0304 sMAPE=114.2
04:10:51 | INFO    |   [对比] LightGBM: R2=0.0433
04:10:51 | INFO    |   [7/8] 两阶段预测...
04:10:51 | INFO    |   [两阶段] Stage1分类准确率=83.33%, 非零训练样本=42
04:10:51 | INFO    |         MSE=1873698.4620 RMSE=1368.8311 MAE=1059.2897 R2=0.5617
04:10:53 | INFO    |   [图表] 特征重要性(交流避雷器) → outputs/figures\特征重要性_交流避雷器.png
04:10:53 | INFO    | 
04:10:53 | INFO    | [2/8] 处理 电容式电压互感器 (电容式电压互感器)...
04:10:53 | INFO    |   [Spearman因子选择] 电容式电压互感器: top4=['project_count', 'transformer_bids', 'monthly_bid_count', 'uhv_bids']
04:10:53 | INFO    |   [特征工程] top4=['project_count', 'transformer_bids', 'monthly_bid_count', 'uhv_bids'], n_feat=13维, 训练=69月
04:10:53 | DEBUG   |   训练集: 69月, 测试集: 12月
04:10:53 | INFO    |   [3/8] 模型一: CatBoost...
04:10:53 | INFO    |         MSE=10311.8433 RMSE=101.5472 MAE=82.1143 R2=0.0830
04:10:53 | INFO    |   [Baseline] NaiveSeasonal: R2=-1.7481
04:10:53 | INFO    |   [Baseline] NaiveMean: R2=-0.5093
04:10:53 | INFO    |   [Baseline] TSB: R2=-0.1997
04:10:53 | INFO    |   [Baseline] Persistence: R2=-2.4236
04:10:53 | INFO    |   [Baseline] SARIMA: R2=-0.5009
04:10:53 | INFO    |   [5/8] Conditional-CatBoost...
04:10:53 | INFO    |   [5/8] CatBoost-2S...
04:10:54 | INFO    |   [5/8] CatBoost-2S: R2=0.3198
04:10:54 | INFO    |   [6/8] Conditional-CatBoost...
04:10:54 | INFO    |         MSE=7032.8648 RMSE=83.8622 MAE=68.0694 R2=0.3746
04:10:54 | INFO    |   [6/8] N-HiTS...
04:10:54 | WARNING |   [N-HiTS] samples=33<50, skip (小样本不稳定)
04:10:54 | INFO    |   [N-HiTS] 跳过 (未安装或失败)
04:10:54 | INFO    |   [基线] Croston-SBA: R2=-0.4015 sMAPE=86.2
04:10:55 | INFO    |   [对比] LightGBM: R2=0.2228
04:10:55 | INFO    |   [7/8] 两阶段预测...
04:10:56 | INFO    |   [两阶段] Stage1分类准确率=100.00%, 非零训练样本=42
04:10:56 | INFO    |         MSE=7586.9981 RMSE=87.1034 MAE=71.9766 R2=0.3253
04:10:57 | INFO    |   [图表] 特征重要性(电容式电压互感器) → outputs/figures\特征重要性_电容式电压互感器.png
04:10:57 | INFO    | 
04:10:57 | INFO    | [2/8] 处理 交流支柱绝缘子 (交流支柱绝缘子)...
04:10:57 | INFO    |   [Spearman因子选择] 交流支柱绝缘子: top4=['project_count', 'transformer_bids', 'monthly_bid_count', 'uhv_bids']
04:10:57 | INFO    |   [特征工程] top4=['project_count', 'transformer_bids', 'monthly_bid_count', 'uhv_bids'], n_feat=13维, 训练=69月
04:10:57 | DEBUG   |   训练集: 69月, 测试集: 12月
04:10:57 | INFO    |   [3/8] 模型一: CatBoost...
04:10:57 | INFO    |         MSE=866965.2734 RMSE=931.1097 MAE=749.2339 R2=0.3426
04:10:57 | INFO    |   [Baseline] NaiveSeasonal: R2=-1.2457
04:10:57 | INFO    |   [Baseline] NaiveMean: R2=-0.1796
04:10:57 | INFO    |   [Baseline] TSB: R2=-0.0194
04:10:57 | INFO    |   [Baseline] Persistence: R2=-0.4130
04:10:58 | INFO    |   [Baseline] SARIMA: R2=-0.3865
04:10:58 | INFO    |   [5/8] Conditional-CatBoost...
04:10:58 | INFO    |   [5/8] CatBoost-2S...
04:10:58 | INFO    |   [5/8] CatBoost-2S: R2=0.1415
04:10:58 | INFO    |   [6/8] Conditional-CatBoost...
04:10:59 | INFO    |         MSE=1133540.2466 RMSE=1064.6785 MAE=798.0931 R2=0.1404
04:10:59 | INFO    |   [6/8] N-HiTS...
04:10:59 | WARNING |   [N-HiTS] samples=33<50, skip (小样本不稳定)
04:10:59 | INFO    |   [N-HiTS] 跳过 (未安装或失败)
04:10:59 | INFO    |   [基线] Croston-SBA: R2=-0.0827 sMAPE=116.1
04:11:00 | INFO    |   [对比] LightGBM: R2=0.1376
04:11:00 | INFO    |   [7/8] 两阶段预测...
04:11:00 | INFO    |   [两阶段] Stage1分类准确率=83.33%, 非零训练样本=42
04:11:00 | INFO    |         MSE=1093325.0978 RMSE=1045.6219 MAE=792.9761 R2=0.1709
04:11:02 | INFO    |   [图表] 特征重要性(交流支柱绝缘子) → outputs/figures\特征重要性_交流支柱绝缘子.png
04:11:02 | INFO    | 
04:11:02 | INFO    | [2/8] 处理 断路器保护 (断路器保护)...
04:11:02 | INFO    |   [Spearman因子选择] 断路器保护: top4=['project_count', 'monthly_bid_count', 'transformer_bids', 'uhv_bids']
04:11:02 | INFO    |   [特征工程] top4=['project_count', 'monthly_bid_count', 'transformer_bids', 'uhv_bids'], n_feat=13维, 训练=69月
04:11:02 | DEBUG   |   训练集: 69月, 测试集: 12月
04:11:02 | INFO    |   [3/8] 模型一: CatBoost...
04:11:02 | INFO    |         MSE=184.5529 RMSE=13.5850 MAE=9.5205 R2=0.6644
04:11:02 | INFO    |   [Baseline] NaiveSeasonal: R2=-0.5356
04:11:02 | INFO    |   [Baseline] NaiveMean: R2=-0.0012
04:11:02 | INFO    |   [Baseline] TSB: R2=-0.1427
04:11:02 | INFO    |   [Baseline] Persistence: R2=-4.2483
04:11:02 | INFO    |   [Baseline] SARIMA: R2=-0.5684
04:11:02 | INFO    |   [5/8] Conditional-CatBoost...
04:11:02 | INFO    |   [5/8] CatBoost-2S...
04:11:02 | INFO    |   [5/8] CatBoost-2S: R2=0.0584
04:11:02 | INFO    |   [6/8] Conditional-CatBoost...
04:11:03 | INFO    |         MSE=516.5198 RMSE=22.7271 MAE=18.0422 R2=0.0607
04:11:03 | INFO    |   [6/8] N-HiTS...
04:11:03 | WARNING |   [N-HiTS] samples=33<50, skip (小样本不稳定)
04:11:03 | INFO    |   [N-HiTS] 跳过 (未安装或失败)
04:11:03 | INFO    |   [基线] Croston-SBA: R2=-0.0426 sMAPE=118.8
04:11:04 | INFO    |   [对比] LightGBM: R2=-0.0516
04:11:04 | INFO    |   [7/8] 两阶段预测...
04:11:04 | INFO    |   [两阶段] Stage1分类准确率=83.33%, 非零训练样本=41
04:11:04 | INFO    |         MSE=528.9493 RMSE=22.9989 MAE=18.2899 R2=0.0381
04:11:06 | INFO    |   [图表] 特征重要性(断路器保护) → outputs/figures\特征重要性_断路器保护.png
04:11:06 | INFO    | 
04:11:06 | INFO    | [2/8] 处理 电抗器保护 (电抗器保护)...
04:11:06 | INFO    |   [Spearman因子选择] 电抗器保护: top4=['project_count', 'monthly_bid_count', 'uhv_bids', 'transformer_bids']
04:11:06 | INFO    |   [特征工程] top4=['project_count', 'monthly_bid_count', 'uhv_bids', 'transformer_bids'], n_feat=13维, 训练=69月
04:11:06 | DEBUG   |   训练集: 69月, 测试集: 12月
04:11:06 | INFO    |   [3/8] 模型一: CatBoost...
04:11:06 | INFO    |         MSE=47.9660 RMSE=6.9258 MAE=5.4524 R2=0.3112
04:11:06 | INFO    |   [Baseline] NaiveSeasonal: R2=-2.5457
04:11:06 | INFO    |   [Baseline] NaiveMean: R2=-0.0007
04:11:06 | INFO    |   [Baseline] TSB: R2=-0.5969
04:11:06 | INFO    |   [Baseline] Persistence: R2=-0.0483
04:11:06 | INFO    |   [Baseline] SARIMA: R2=-3.2378
04:11:06 | INFO    |   [5/8] Conditional-CatBoost...
04:11:06 | INFO    |   [5/8] CatBoost-2S...
04:11:07 | INFO    |   [5/8] CatBoost-2S: R2=0.3518
04:11:07 | INFO    |   [6/8] Conditional-CatBoost...
04:11:07 | INFO    |         MSE=36.9403 RMSE=6.0779 MAE=4.9220 R2=0.4695
04:11:07 | INFO    |   [6/8] N-HiTS...
04:11:07 | WARNING |   [N-HiTS] samples=33<50, skip (小样本不稳定)
04:11:07 | INFO    |   [N-HiTS] 跳过 (未安装或失败)
04:11:07 | INFO    |   [基线] Croston-SBA: R2=-0.2051 sMAPE=85.6
04:11:08 | INFO    |   [对比] LightGBM: R2=0.0909
04:11:08 | INFO    |   [7/8] 两阶段预测...
04:11:09 | INFO    |   [两阶段] Stage1分类准确率=91.67%, 非零训练样本=41
04:11:09 | INFO    |         MSE=45.0236 RMSE=6.7100 MAE=4.9259 R2=0.3535
04:11:11 | INFO    |   [图表] 特征重要性(电抗器保护) → outputs/figures\特征重要性_电抗器保护.png
04:11:11 | INFO    | 
04:11:11 | INFO    | [8/8] 汇总评估与可视化...
04:11:11 | INFO    | 
04:11:11 | INFO    | ========================================================================================================================
04:11:11 | INFO    | 评估指标汇总表
04:11:11 | INFO    | ========================================================================================================================
04:11:11 | INFO    | 物资               模型                        MSE       RMSE    sMAPE     MASE       R2
04:11:11 | INFO    | ----------------------------------------------------------------------------------------------------------------------------------
04:11:11 | INFO    | 交流避雷器            CatBoost           3870237.99    1967.29   108.0%   0.495   0.095
04:11:11 | INFO    |                  NaiveSeasonal      3863131.42    1965.48   144.4%   0.586   0.096
04:11:11 | INFO    |                  NaiveMean          4621066.32    2149.67   115.7%   0.585  -0.081
04:11:11 | INFO    |                  Persistence        6279299.58    2505.85   170.8%   0.629  -0.469
04:11:11 | INFO    |                  SARIMA             3082744.73    1755.77   127.3%   0.598   0.279
04:11:11 | INFO    |                  TSB                4301805.89    2074.08   112.3%   0.616  -0.006
04:11:11 | INFO    |                  Croston-SBA        4405092.61    2098.83   114.2%   0.602  -0.030
04:11:11 | INFO    |                  Theta              3478294.89    1865.02   114.0%   0.622   0.186
04:11:11 | INFO    |                  SES                4336333.63    2082.39   113.1%   0.610  -0.014
04:11:11 | INFO    |                  CatBoost-2S        1730091.42    1315.33   106.8%   0.435   0.595
04:11:11 | INFO    |                  Ridge-2S           1932508.26    1390.15    88.8%   0.452   0.548
04:11:11 | INFO    |                  ElasticNet-2S      2267225.83    1505.73   106.6%   0.467   0.470
04:11:11 | INFO    |                  GP-2S              2172725.31    1474.02   100.8%   0.423   0.492
04:11:11 | INFO    |                  CondCatBoost       1988775.28    1410.24   106.2%   0.456   0.535
04:11:11 | INFO    |                  LightGBM           4089974.25    2022.37   115.1%   0.591   0.043
04:11:11 | INFO    |                  TwoStage           1873698.46    1368.83   108.7%   0.466   0.562
04:11:11 | INFO    | ----------------------------------------------------------------------------------------------------------------------------------
04:11:11 | INFO    | 电容式电压互感器         CatBoost             10311.84     101.55    74.6%   0.753   0.083
04:11:11 | INFO    |                  NaiveSeasonal        30901.17     175.79   128.8%   1.335  -1.748
04:11:11 | INFO    |                  NaiveMean            16971.83     130.28    90.8%   1.054  -0.509
04:11:11 | INFO    |                  Persistence          38497.25     196.21   179.0%   1.551  -2.424
04:11:11 | INFO    |                  SARIMA               16876.73     129.91    85.9%   0.997  -0.501
04:11:11 | INFO    |                  TSB                  13490.87     116.15    76.3%   0.924  -0.200
04:11:11 | INFO    |                  Croston-SBA          15759.01     125.53    86.2%   1.015  -0.402
04:11:11 | INFO    |                  Theta                27763.34     166.62    96.9%   1.161  -1.469
04:11:11 | INFO    |                  SES                  14522.22     120.51    81.1%   0.969  -0.291
04:11:11 | INFO    |                  CatBoost-2S           7648.76      87.46    65.2%   0.654   0.320
04:11:11 | INFO    |                  Ridge-2S              8220.63      90.67    61.7%   0.582   0.269
04:11:11 | INFO    |                  ElasticNet-2S         7358.38      85.78    60.5%   0.528   0.346
04:11:11 | INFO    |                  GP-2S                 9257.19      96.21    67.0%   0.684   0.177
04:11:11 | INFO    |                  CondCatBoost          7032.86      83.86    63.9%   0.625   0.375
04:11:11 | INFO    |                  LightGBM              8738.88      93.48    66.9%   0.688   0.223
04:11:11 | INFO    |                  TwoStage              7587.00      87.10    64.8%   0.660   0.325
04:11:11 | INFO    | ----------------------------------------------------------------------------------------------------------------------------------
04:11:11 | INFO    | 交流支柱绝缘子          CatBoost            866965.27     931.11   108.3%   0.515   0.343
04:11:11 | INFO    |                  NaiveSeasonal      2961393.50    1720.87   124.7%   0.916  -1.246
04:11:11 | INFO    |                  NaiveMean          1555612.37    1247.24   123.8%   0.735  -0.180
04:11:11 | INFO    |                  Persistence        1863355.50    1365.05   137.6%   0.764  -0.413
04:11:11 | INFO    |                  SARIMA             1828421.85    1352.19   112.5%   0.774  -0.387
04:11:11 | INFO    |                  TSB                1344319.49    1159.45   108.5%   0.698  -0.019
04:11:11 | INFO    |                  Croston-SBA        1427735.88    1194.88   116.1%   0.717  -0.083
04:11:11 | INFO    |                  Theta              2190641.45    1480.08   110.3%   0.782  -0.661
04:11:11 | INFO    |                  SES                1374475.37    1172.38   111.8%   0.707  -0.042
04:11:11 | INFO    |                  CatBoost-2S        1132051.64    1063.98   107.5%   0.549   0.141
04:11:11 | INFO    |                  Ridge-2S            785526.24     886.30    86.4%   0.416   0.404
04:11:11 | INFO    |                  ElasticNet-2S       620976.77     788.02    44.1%   0.394   0.529
04:11:11 | INFO    |                  GP-2S               950112.97     974.74   110.0%   0.496   0.280
04:11:11 | INFO    |                  CondCatBoost       1133540.25    1064.68   107.5%   0.549   0.140
04:11:11 | INFO    |                  LightGBM           1137258.98    1066.42   107.6%   0.550   0.138
04:11:11 | INFO    |                  TwoStage           1093325.10    1045.62   106.6%   0.545   0.171
04:11:11 | INFO    | ----------------------------------------------------------------------------------------------------------------------------------
04:11:11 | INFO    | 断路器保护            CatBoost               184.55      13.59    89.2%   0.386   0.664
04:11:11 | INFO    |                  NaiveSeasonal          844.42      29.06   124.4%   0.822  -0.536
04:11:11 | INFO    |                  NaiveMean              550.55      23.46   107.6%   0.639  -0.001
04:11:11 | INFO    |                  Persistence           2886.00      53.72   144.8%   2.084  -4.248
04:11:11 | INFO    |                  SARIMA                 862.47      29.37   131.2%   1.118  -0.568
04:11:11 | INFO    |                  TSB                    628.37      25.07   124.0%   0.900  -0.143
04:11:11 | INFO    |                  Croston-SBA            573.30      23.94   118.8%   0.792  -0.043
04:11:11 | INFO    |                  Theta                  668.19      25.85   125.8%   0.955  -0.215
04:11:11 | INFO    |                  SES                    610.49      24.71   122.8%   0.871  -0.110
04:11:11 | INFO    |                  CatBoost-2S            517.80      22.76   120.6%   0.726   0.058
04:11:11 | INFO    |                  Ridge-2S               425.38      20.62    82.5%   0.565   0.226
04:11:11 | INFO    |                  ElasticNet-2S          446.67      21.13   105.2%   0.611   0.188
04:11:11 | INFO    |                  GP-2S                  516.74      22.73   109.1%   0.680   0.060
04:11:11 | INFO    |                  CondCatBoost           516.52      22.73   120.7%   0.732   0.061
04:11:11 | INFO    |                  LightGBM               578.28      24.05   123.8%   0.773  -0.052
04:11:11 | INFO    |                  TwoStage               528.95      23.00   120.4%   0.742   0.038
04:11:11 | INFO    | ----------------------------------------------------------------------------------------------------------------------------------
04:11:11 | INFO    | 电抗器保护            CatBoost                47.97       6.93    84.3%   0.612   0.311
04:11:11 | INFO    |                  NaiveSeasonal          246.92      15.71   126.2%   1.468  -2.546
04:11:11 | INFO    |                  NaiveMean               69.69       8.35    88.5%   0.778  -0.001
04:11:11 | INFO    |                  Persistence             73.00       8.54    91.7%   0.767  -0.048
04:11:11 | INFO    |                  SARIMA                 295.11      17.18   102.6%   1.692  -3.238
04:11:11 | INFO    |                  TSB                    111.21      10.55    88.5%   1.007  -0.597
04:11:11 | INFO    |                  Croston-SBA             83.92       9.16    85.6%   0.865  -0.205
04:11:11 | INFO    |                  Theta                  133.79      11.57    90.5%   1.106  -0.921
04:11:11 | INFO    |                  SES                    106.60      10.32    88.1%   0.987  -0.531
04:11:11 | INFO    |                  CatBoost-2S             45.14       6.72    78.3%   0.572   0.352
04:11:11 | INFO    |                  Ridge-2S               210.95      14.52    51.0%   1.005  -2.029
04:11:11 | INFO    |                  ElasticNet-2S          217.97      14.76    50.1%   1.018  -2.130
04:11:11 | INFO    |                  GP-2S                  208.71      14.45    50.6%   0.953  -1.997
04:11:11 | INFO    |                  CondCatBoost            36.94       6.08    78.5%   0.552   0.469
04:11:11 | INFO    |                  LightGBM                63.31       7.96    87.4%   0.706   0.091
04:11:11 | INFO    |                  TwoStage                45.02       6.71    76.8%   0.553   0.353
04:11:11 | INFO    | ----------------------------------------------------------------------------------------------------------------------------------
04:11:11 | INFO    | 
04:11:11 | INFO    |   [图表] 预测对比图(交流避雷器) → outputs/figures\预测对比_交流避雷器.png
04:11:12 | INFO    |   [图表] 预测对比图(电容式电压互感器) → outputs/figures\预测对比_电容式电压互感器.png
04:11:12 | INFO    |   [图表] 预测对比图(交流支柱绝缘子) → outputs/figures\预测对比_交流支柱绝缘子.png
04:11:12 | INFO    |   [图表] 预测对比图(断路器保护) → outputs/figures\预测对比_断路器保护.png
04:11:13 | INFO    |   [图表] 预测对比图(电抗器保护) → outputs/figures\预测对比_电抗器保护.png
04:11:14 | INFO    |   [图表] 指标对比图 → outputs/figures\指标对比图.png
04:11:14 | INFO    | 
04:11:14 | INFO    | ======================================================================
04:11:14 | INFO    |   模型性能排序 (按R^2)
04:11:14 | INFO    | ======================================================================
04:11:14 | INFO    |   交流避雷器: [1st] CatBoost-2S (R^2=0.5953)  [2nd] TwoStage (R^2=0.5617)  [3rd] Ridge-2S (R^2=0.5479)
04:11:14 | INFO    |   电容式电压互感器: [1st] CondCatBoost (R^2=0.3746)  [2nd] ElasticNet-2S (R^2=0.3456)  [3rd] TwoStage (R^2=0.3253)
04:11:14 | INFO    |   交流支柱绝缘子: [1st] ElasticNet-2S (R^2=0.5291)  [2nd] Ridge-2S (R^2=0.4043)  [3rd] CatBoost (R^2=0.3426)
04:11:14 | INFO    |   断路器保护: [1st] CatBoost (R^2=0.6644)  [2nd] Ridge-2S (R^2=0.2264)  [3rd] ElasticNet-2S (R^2=0.1877)
04:11:14 | INFO    |   电抗器保护: [1st] CondCatBoost (R^2=0.4695)  [2nd] TwoStage (R^2=0.3535)  [3rd] CatBoost-2S (R^2=0.3518)
04:11:14 | INFO    | 
04:11:14 | INFO    | 所有图表已保存至: C:\Users\董文涛\PycharmProjects\vmd-catboost\outputs\figures/
04:11:14 | INFO    | 日志文件: C:\Users\董文涛\PycharmProjects\vmd-catboost\outputs\logs\main_20260708_041045.log
04:11:14 | INFO    | 完成!
