19:21:17 | INFO    | ======================================================================
19:21:17 | INFO    |   配电网物资需求预测 —— VMD-CatBoost 模型对比实验
19:21:17 | INFO    |   物资: 10KV电缆 / 柱上变压器台成套设备 / 10kv交流避雷器
19:21:17 | INFO    |   模型: CatBoost / VMD-CatBoost / VMD-LSTM-CatBoost / VMD-LSTM / VMD-SVR
19:21:17 | INFO    | ======================================================================
19:21:17 | INFO    |   日志文件: outputs/logs\main_20260615_192117.log
19:21:17 | INFO    | [1/8] 加载数据...
19:21:17 | INFO    | 读取已有数据文件: inputs/data\data.xlsx
19:21:18 | INFO    |   Sheet[10KV电缆]: 60 条, demand范围=[0.00, 30.00]
19:21:18 | INFO    |   Sheet[柱上变压器台成套设备]: 60 条, demand范围=[0.00, 18.00]
19:21:18 | INFO    |   Sheet[10kv交流避雷器]: 60 条, demand范围=[0.00, 84.00]
19:21:26 | INFO    |   [图表] 需求量曲线 → outputs/figures\demand_curves_60m.png
19:21:26 | INFO    | 
19:21:26 | INFO    | [2/8] 处理 10KV电缆 (cable)...
19:21:26 | INFO    |   Top-4 影响因子: ['investment', 'history_demand', 'load_growth', 'equipment_cost']
19:21:26 | INFO    |   [特征工程] 原始4因子 + lag1/lag2 + month_sin/cos = 8维特征
19:21:26 | DEBUG   |   训练集: 48月, 测试集: 12月
19:21:26 | INFO    |   [3/8] 模型一: CatBoost...
19:21:26 | INFO    |   [CatBoost基线] iterations=1500, lr=0.02, depth=6, l2=3, RMSE, 全8维特征
19:21:27 | INFO    |         MSE=59.6783 RMSE=7.7252 MAE=5.9921 R^2=0.3835
19:21:27 | INFO    |   [4/8] 模型二: VMD-CatBoost...
19:21:27 | DEBUG   |   [VMD优化] 最优K=3 (搜索范围[2, 3, 4, 5, 6], 频率分离阈值=1.5)
19:21:27 | INFO    |   [VMD-CatBoost] VMD最优K=3
19:21:27 | INFO    |   [VMD-CatBoost] IMF筛选: 3→3个 (保留[0, 1, 2])
19:21:28 | INFO    |         MSE=67.6471 RMSE=8.2248 MAE=6.3986 R^2=0.3012
19:21:32 | INFO    |   [图表] VMD分解图(cable) → outputs/figures\vmd_decomposition_cable.png
19:21:32 | INFO    |   [5/8] 模型三: VMD-LSTM-CatBoost...
19:21:32 | DEBUG   |   [VMD优化] 最优K=3 (搜索范围[2, 3, 4, 5, 6], 频率分离阈值=1.5)
19:21:32 | INFO    |   [VMD-LSTM-CatBoost] VMD最优K=3
19:21:32 | INFO    |   [VMD-LSTM-CatBoost] IMF筛选: 3→3个 | 残差=IMF1(新idx=0), 模态=['IMF2', 'IMF3']
19:21:32 | INFO    |   [LSTM架构] MultiFeatureLSTM | input_size=5, hidden_size=6, num_layers=2, dropout=0.25, ReduceLROnPlateau | CNN/池化层: 无(本模型不使用卷积/池化)
19:21:32 | INFO    |   [训练配置] optimizer=Adam, lr=0.002, weight_decay=0.0001, epochs=1000, patience=60, loss=MSELoss, batch_size=full_batch(全批次), device=cpu | 训练样本数(train_samples)=42, 序列长度(seq_len)=6
19:21:34 | DEBUG   |   [LSTM收敛] epoch=149, best_loss=0.006665
19:21:34 | DEBUG   |   [LSTM架构] SingleFeatureLSTM | hidden_size=6, num_layers=2, dropout=0.25, ReduceLROnPlateau | CNN/池化层: 无(本模型不使用卷积/池化)
19:21:34 | DEBUG   |   [训练配置] optimizer=Adam, lr=0.002, weight_decay=0.0001, epochs=1000, patience=60, loss=MSELoss, batch_size=full_batch(全批次), device=cpu | 训练样本数(train_samples)=42, 序列长度(seq_len)=6
19:21:34 | DEBUG   |   [LSTM收敛] epoch=72, best_loss=0.012034
19:21:34 | DEBUG   |   [LSTM架构] SingleFeatureLSTM | hidden_size=6, num_layers=2, dropout=0.25, ReduceLROnPlateau | CNN/池化层: 无(本模型不使用卷积/池化)
19:21:34 | DEBUG   |   [训练配置] optimizer=Adam, lr=0.002, weight_decay=0.0001, epochs=1000, patience=60, loss=MSELoss, batch_size=full_batch(全批次), device=cpu | 训练样本数(train_samples)=42, 序列长度(seq_len)=6
19:21:35 | DEBUG   |   [LSTM收敛] epoch=220, best_loss=0.004701
19:21:36 | INFO    |         MSE=39.1601 RMSE=6.2578 MAE=4.6967 R^2=0.5955
19:21:36 | INFO    |   [6/8] 模型四: VMD-LSTM(直接求和)...
19:21:36 | DEBUG   |   [VMD优化] 最优K=3 (搜索范围[2, 3, 4, 5, 6], 频率分离阈值=1.5)
19:21:36 | INFO    |   [VMD-LSTM直接求和] VMD最优K=3 → 1×MultiFeatureLSTM(hidden=8,do=0.25) + N×SingleFeatureLSTM(hidden=6,do=0.25) → 直接求和 | 序列长度(seq_len)=6, 输入特征数(input_features)=4(top-4因子)
19:21:36 | INFO    |   [VMD-LSTM直接求和] IMF筛选: 3→3个 | 残差=IMF1(新idx=0), 模态=['IMF2', 'IMF3']
19:21:36 | INFO    |   [LSTM架构] MultiFeatureLSTM | input_size=5, hidden_size=6, num_layers=2, dropout=0.25, ReduceLROnPlateau | CNN/池化层: 无(本模型不使用卷积/池化)
19:21:36 | INFO    |   [训练配置] optimizer=Adam, lr=0.002, weight_decay=0.0001, epochs=1000, patience=60, loss=MSELoss, batch_size=full_batch(全批次), device=cpu | 训练样本数(train_samples)=42, 序列长度(seq_len)=6
19:21:36 | DEBUG   |   [LSTM收敛] epoch=105, best_loss=0.001217
19:21:36 | DEBUG   |   [LSTM架构] SingleFeatureLSTM | hidden_size=6, num_layers=2, dropout=0.25, ReduceLROnPlateau | CNN/池化层: 无(本模型不使用卷积/池化)
19:21:36 | DEBUG   |   [训练配置] optimizer=Adam, lr=0.002, weight_decay=0.0001, epochs=1000, patience=60, loss=MSELoss, batch_size=full_batch(全批次), device=cpu | 训练样本数(train_samples)=42, 序列长度(seq_len)=6
19:21:37 | DEBUG   |   [LSTM收敛] epoch=175, best_loss=0.010095
19:21:37 | DEBUG   |   [LSTM架构] SingleFeatureLSTM | hidden_size=6, num_layers=2, dropout=0.25, ReduceLROnPlateau | CNN/池化层: 无(本模型不使用卷积/池化)
19:21:37 | DEBUG   |   [训练配置] optimizer=Adam, lr=0.002, weight_decay=0.0001, epochs=1000, patience=60, loss=MSELoss, batch_size=full_batch(全批次), device=cpu | 训练样本数(train_samples)=42, 序列长度(seq_len)=6
19:21:38 | DEBUG   |   [LSTM收敛] epoch=267, best_loss=0.005263
19:21:38 | INFO    |         MSE=98.9786 RMSE=9.9488 MAE=8.6960 R^2=-0.0224
19:21:38 | INFO    |   [7/8] 模型五: VMD-SVR...
19:21:38 | DEBUG   |   [VMD优化] 最优K=3 (搜索范围[2, 3, 4, 5, 6], 频率分离阈值=1.5)
19:21:38 | INFO    |   [VMD-SVR] VMD最优K=3
19:21:38 | INFO    |   [VMD-SVR] IMF筛选: 3→3个 (保留[0, 1, 2])
19:21:38 | INFO    |   [SVR超参数] kernel=rbf, C=[0.1, 1, 10, 100], gamma=['scale', 'auto', 0.01, 0.1], epsilon=[0.01, 0.05, 0.1, 0.2] | GridSearchCV(cv=3, scoring=neg_mse) | 输入特征数(input_features)=11 (3个IMF+4因子)
19:21:38 | INFO    |   [SVR最优参数] C=100, gamma=auto, epsilon=0.1
19:21:38 | INFO    |         MSE=81.4694 RMSE=9.0260 MAE=7.3043 R^2=0.1584
19:21:39 | INFO    |   [图表] 特征重要性(cable) → outputs/figures\feature_importance_cable.png
19:21:39 | INFO    | 
19:21:39 | INFO    | [2/8] 处理 柱上变压器台成套设备 (transformer)...
19:21:39 | INFO    |   Top-4 影响因子: ['load_growth', 'investment', 'history_demand', 'equipment_cost']
19:21:39 | INFO    |   [特征工程] 原始4因子 + lag1/lag2 + month_sin/cos = 8维特征
19:21:39 | DEBUG   |   训练集: 48月, 测试集: 12月
19:21:39 | INFO    |   [3/8] 模型一: CatBoost...
19:21:39 | INFO    |   [CatBoost基线] iterations=1500, lr=0.02, depth=6, l2=3, RMSE, 全8维特征
19:21:39 | INFO    |         MSE=24.0834 RMSE=4.9075 MAE=4.5132 R^2=0.3351
19:21:39 | INFO    |   [4/8] 模型二: VMD-CatBoost...
19:21:39 | DEBUG   |   [VMD优化] 最优K=3 (搜索范围[2, 3, 4, 5, 6], 频率分离阈值=1.5)
19:21:39 | INFO    |   [VMD-CatBoost] VMD最优K=3
19:21:39 | INFO    |   [VMD-CatBoost] IMF筛选: 3→3个 (保留[0, 1, 2])
19:21:39 | INFO    |         MSE=41.8175 RMSE=6.4666 MAE=6.0281 R^2=-0.1545
19:21:44 | INFO    |   [图表] VMD分解图(transformer) → outputs/figures\vmd_decomposition_transformer.png
19:21:44 | INFO    |   [5/8] 模型三: VMD-LSTM-CatBoost...
19:21:44 | DEBUG   |   [VMD优化] 最优K=3 (搜索范围[2, 3, 4, 5, 6], 频率分离阈值=1.5)
19:21:44 | INFO    |   [VMD-LSTM-CatBoost] VMD最优K=3
19:21:44 | INFO    |   [VMD-LSTM-CatBoost] IMF筛选: 3→3个 | 残差=IMF1(新idx=0), 模态=['IMF2', 'IMF3']
19:21:44 | INFO    |   [LSTM架构] MultiFeatureLSTM | input_size=5, hidden_size=6, num_layers=2, dropout=0.25, ReduceLROnPlateau | CNN/池化层: 无(本模型不使用卷积/池化)
19:21:44 | INFO    |   [训练配置] optimizer=Adam, lr=0.002, weight_decay=0.0001, epochs=1000, patience=60, loss=MSELoss, batch_size=full_batch(全批次), device=cpu | 训练样本数(train_samples)=42, 序列长度(seq_len)=6
19:21:44 | DEBUG   |   [LSTM收敛] epoch=214, best_loss=0.002331
19:21:44 | DEBUG   |   [LSTM架构] SingleFeatureLSTM | hidden_size=6, num_layers=2, dropout=0.25, ReduceLROnPlateau | CNN/池化层: 无(本模型不使用卷积/池化)
19:21:44 | DEBUG   |   [训练配置] optimizer=Adam, lr=0.002, weight_decay=0.0001, epochs=1000, patience=60, loss=MSELoss, batch_size=full_batch(全批次), device=cpu | 训练样本数(train_samples)=42, 序列长度(seq_len)=6
19:21:46 | DEBUG   |   [LSTM收敛] epoch=508, best_loss=0.016264
19:21:46 | DEBUG   |   [LSTM架构] SingleFeatureLSTM | hidden_size=6, num_layers=2, dropout=0.25, ReduceLROnPlateau | CNN/池化层: 无(本模型不使用卷积/池化)
19:21:46 | DEBUG   |   [训练配置] optimizer=Adam, lr=0.002, weight_decay=0.0001, epochs=1000, patience=60, loss=MSELoss, batch_size=full_batch(全批次), device=cpu | 训练样本数(train_samples)=42, 序列长度(seq_len)=6
19:21:47 | DEBUG   |   [LSTM收敛] epoch=193, best_loss=0.003662
19:21:48 | INFO    |         MSE=16.8747 RMSE=4.1079 MAE=3.7915 R^2=0.5341
19:21:48 | INFO    |   [6/8] 模型四: VMD-LSTM(直接求和)...
19:21:48 | DEBUG   |   [VMD优化] 最优K=3 (搜索范围[2, 3, 4, 5, 6], 频率分离阈值=1.5)
19:21:48 | INFO    |   [VMD-LSTM直接求和] VMD最优K=3 → 1×MultiFeatureLSTM(hidden=8,do=0.25) + N×SingleFeatureLSTM(hidden=6,do=0.25) → 直接求和 | 序列长度(seq_len)=6, 输入特征数(input_features)=4(top-4因子)
19:21:48 | INFO    |   [VMD-LSTM直接求和] IMF筛选: 3→3个 | 残差=IMF1(新idx=0), 模态=['IMF2', 'IMF3']
19:21:48 | INFO    |   [LSTM架构] MultiFeatureLSTM | input_size=5, hidden_size=6, num_layers=2, dropout=0.25, ReduceLROnPlateau | CNN/池化层: 无(本模型不使用卷积/池化)
19:21:48 | INFO    |   [训练配置] optimizer=Adam, lr=0.002, weight_decay=0.0001, epochs=1000, patience=60, loss=MSELoss, batch_size=full_batch(全批次), device=cpu | 训练样本数(train_samples)=42, 序列长度(seq_len)=6
19:21:49 | DEBUG   |   [LSTM收敛] epoch=178, best_loss=0.004889
19:21:49 | DEBUG   |   [LSTM架构] SingleFeatureLSTM | hidden_size=6, num_layers=2, dropout=0.25, ReduceLROnPlateau | CNN/池化层: 无(本模型不使用卷积/池化)
19:21:49 | DEBUG   |   [训练配置] optimizer=Adam, lr=0.002, weight_decay=0.0001, epochs=1000, patience=60, loss=MSELoss, batch_size=full_batch(全批次), device=cpu | 训练样本数(train_samples)=42, 序列长度(seq_len)=6
19:21:52 | DEBUG   |   [LSTM收敛] epoch=541, best_loss=0.016327
19:21:52 | DEBUG   |   [LSTM架构] SingleFeatureLSTM | hidden_size=6, num_layers=2, dropout=0.25, ReduceLROnPlateau | CNN/池化层: 无(本模型不使用卷积/池化)
19:21:52 | DEBUG   |   [训练配置] optimizer=Adam, lr=0.002, weight_decay=0.0001, epochs=1000, patience=60, loss=MSELoss, batch_size=full_batch(全批次), device=cpu | 训练样本数(train_samples)=42, 序列长度(seq_len)=6
19:21:52 | DEBUG   |   [LSTM收敛] epoch=165, best_loss=0.005031
19:21:52 | INFO    |         MSE=54.1201 RMSE=7.3566 MAE=6.7697 R^2=-0.4941
19:21:52 | INFO    |   [7/8] 模型五: VMD-SVR...
19:21:52 | DEBUG   |   [VMD优化] 最优K=3 (搜索范围[2, 3, 4, 5, 6], 频率分离阈值=1.5)
19:21:52 | INFO    |   [VMD-SVR] VMD最优K=3
19:21:52 | INFO    |   [VMD-SVR] IMF筛选: 3→3个 (保留[0, 1, 2])
19:21:52 | INFO    |   [SVR超参数] kernel=rbf, C=[0.1, 1, 10, 100], gamma=['scale', 'auto', 0.01, 0.1], epsilon=[0.01, 0.05, 0.1, 0.2] | GridSearchCV(cv=3, scoring=neg_mse) | 输入特征数(input_features)=11 (3个IMF+4因子)
19:21:53 | INFO    |   [SVR最优参数] C=100, gamma=0.01, epsilon=0.2
19:21:53 | INFO    |         MSE=59.9461 RMSE=7.7425 MAE=6.9232 R^2=-0.6550
19:21:54 | INFO    |   [图表] 特征重要性(transformer) → outputs/figures\feature_importance_transformer.png
19:21:54 | INFO    | 
19:21:54 | INFO    | [2/8] 处理 10kv交流避雷器 (arrester)...
19:21:54 | INFO    |   Top-4 影响因子: ['lightning_count', 'typhoon_count', 'rainstorm_count', 'load_growth']
19:21:54 | INFO    |   [特征工程] 原始4因子 + lag1/lag2 + month_sin/cos = 8维特征
19:21:54 | DEBUG   |   训练集: 48月, 测试集: 12月
19:21:54 | INFO    |   [3/8] 模型一: CatBoost...
19:21:54 | INFO    |   [CatBoost基线] iterations=1500, lr=0.02, depth=6, l2=3, RMSE, 全8维特征
19:21:54 | INFO    |         MSE=114.1651 RMSE=10.6848 MAE=7.4965 R^2=0.6418
19:21:54 | INFO    |   [4/8] 模型二: VMD-CatBoost...
19:21:54 | DEBUG   |   [VMD优化] 最优K=3 (搜索范围[2, 3, 4, 5, 6], 频率分离阈值=1.5)
19:21:54 | INFO    |   [VMD-CatBoost] VMD最优K=3
19:21:54 | INFO    |   [VMD-CatBoost] IMF筛选: 3→3个 (保留[0, 1, 2])
19:21:55 | INFO    |         MSE=203.6936 RMSE=14.2721 MAE=9.3875 R^2=0.3610
19:22:01 | INFO    |   [图表] VMD分解图(arrester) → outputs/figures\vmd_decomposition_arrester.png
19:22:01 | INFO    |   [5/8] 模型三: VMD-LSTM-CatBoost...
19:22:01 | DEBUG   |   [VMD优化] 最优K=3 (搜索范围[2, 3, 4, 5, 6], 频率分离阈值=1.5)
19:22:01 | INFO    |   [VMD-LSTM-CatBoost] VMD最优K=3
19:22:01 | INFO    |   [VMD-LSTM-CatBoost] IMF筛选: 3→3个 | 残差=IMF1(新idx=0), 模态=['IMF2', 'IMF3']
19:22:01 | INFO    |   [LSTM架构] MultiFeatureLSTM | input_size=5, hidden_size=6, num_layers=2, dropout=0.25, ReduceLROnPlateau | CNN/池化层: 无(本模型不使用卷积/池化)
19:22:01 | INFO    |   [训练配置] optimizer=Adam, lr=0.002, weight_decay=0.0001, epochs=1000, patience=60, loss=MSELoss, batch_size=full_batch(全批次), device=cpu | 训练样本数(train_samples)=42, 序列长度(seq_len)=6
19:22:01 | DEBUG   |   [LSTM收敛] epoch=166, best_loss=0.000455
19:22:02 | DEBUG   |   [LSTM架构] SingleFeatureLSTM | hidden_size=6, num_layers=2, dropout=0.25, ReduceLROnPlateau | CNN/池化层: 无(本模型不使用卷积/池化)
19:22:02 | DEBUG   |   [训练配置] optimizer=Adam, lr=0.002, weight_decay=0.0001, epochs=1000, patience=60, loss=MSELoss, batch_size=full_batch(全批次), device=cpu | 训练样本数(train_samples)=42, 序列长度(seq_len)=6
19:22:02 | DEBUG   |   [LSTM收敛] epoch=153, best_loss=0.016847
19:22:02 | DEBUG   |   [LSTM架构] SingleFeatureLSTM | hidden_size=6, num_layers=2, dropout=0.25, ReduceLROnPlateau | CNN/池化层: 无(本模型不使用卷积/池化)
19:22:02 | DEBUG   |   [训练配置] optimizer=Adam, lr=0.002, weight_decay=0.0001, epochs=1000, patience=60, loss=MSELoss, batch_size=full_batch(全批次), device=cpu | 训练样本数(train_samples)=42, 序列长度(seq_len)=6
19:22:03 | DEBUG   |   [LSTM收敛] epoch=168, best_loss=0.011798
19:22:04 | INFO    |         MSE=245.7340 RMSE=15.6759 MAE=11.1833 R^2=0.2291
19:22:04 | INFO    |   [6/8] 模型四: VMD-LSTM(直接求和)...
19:22:04 | DEBUG   |   [VMD优化] 最优K=3 (搜索范围[2, 3, 4, 5, 6], 频率分离阈值=1.5)
19:22:04 | INFO    |   [VMD-LSTM直接求和] VMD最优K=3 → 1×MultiFeatureLSTM(hidden=8,do=0.25) + N×SingleFeatureLSTM(hidden=6,do=0.25) → 直接求和 | 序列长度(seq_len)=6, 输入特征数(input_features)=4(top-4因子)
19:22:04 | INFO    |   [VMD-LSTM直接求和] IMF筛选: 3→3个 | 残差=IMF1(新idx=0), 模态=['IMF2', 'IMF3']
19:22:04 | INFO    |   [LSTM架构] MultiFeatureLSTM | input_size=5, hidden_size=6, num_layers=2, dropout=0.25, ReduceLROnPlateau | CNN/池化层: 无(本模型不使用卷积/池化)
19:22:04 | INFO    |   [训练配置] optimizer=Adam, lr=0.002, weight_decay=0.0001, epochs=1000, patience=60, loss=MSELoss, batch_size=full_batch(全批次), device=cpu | 训练样本数(train_samples)=42, 序列长度(seq_len)=6
19:22:05 | DEBUG   |   [LSTM收敛] epoch=187, best_loss=0.002021
19:22:05 | DEBUG   |   [LSTM架构] SingleFeatureLSTM | hidden_size=6, num_layers=2, dropout=0.25, ReduceLROnPlateau | CNN/池化层: 无(本模型不使用卷积/池化)
19:22:05 | DEBUG   |   [训练配置] optimizer=Adam, lr=0.002, weight_decay=0.0001, epochs=1000, patience=60, loss=MSELoss, batch_size=full_batch(全批次), device=cpu | 训练样本数(train_samples)=42, 序列长度(seq_len)=6
19:22:06 | DEBUG   |   [LSTM收敛] epoch=236, best_loss=0.015209
19:22:06 | DEBUG   |   [LSTM架构] SingleFeatureLSTM | hidden_size=6, num_layers=2, dropout=0.25, ReduceLROnPlateau | CNN/池化层: 无(本模型不使用卷积/池化)
19:22:06 | DEBUG   |   [训练配置] optimizer=Adam, lr=0.002, weight_decay=0.0001, epochs=1000, patience=60, loss=MSELoss, batch_size=full_batch(全批次), device=cpu | 训练样本数(train_samples)=42, 序列长度(seq_len)=6
19:22:07 | DEBUG   |   [LSTM收敛] epoch=261, best_loss=0.012363
19:22:07 | INFO    |         MSE=321.7886 RMSE=17.9385 MAE=12.1718 R^2=-0.0095
19:22:07 | INFO    |   [7/8] 模型五: VMD-SVR...
19:22:07 | DEBUG   |   [VMD优化] 最优K=3 (搜索范围[2, 3, 4, 5, 6], 频率分离阈值=1.5)
19:22:07 | INFO    |   [VMD-SVR] VMD最优K=3
19:22:07 | INFO    |   [VMD-SVR] IMF筛选: 3→3个 (保留[0, 1, 2])
19:22:07 | INFO    |   [SVR超参数] kernel=rbf, C=[0.1, 1, 10, 100], gamma=['scale', 'auto', 0.01, 0.1], epsilon=[0.01, 0.05, 0.1, 0.2] | GridSearchCV(cv=3, scoring=neg_mse) | 输入特征数(input_features)=11 (3个IMF+4因子)
19:22:07 | INFO    |   [SVR最优参数] C=100, gamma=auto, epsilon=0.1
19:22:07 | INFO    |         MSE=477.0421 RMSE=21.8413 MAE=18.4353 R^2=-0.4966
19:22:13 | INFO    |   [图表] 特征重要性(arrester) → outputs/figures\feature_importance_arrester.png
19:22:13 | INFO    | 
19:22:13 | INFO    | [8/8] 汇总评估与可视化...
19:22:13 | INFO    | 
19:22:13 | INFO    | ========================================================================================================================
19:22:13 | INFO    | 评估指标汇总表
19:22:13 | INFO    | ========================================================================================================================
19:22:13 | INFO    | 物资               模型                              MSE         RMSE          MAE          R^2
19:22:13 | INFO    | ------------------------------------------------------------------------------------------------------------------------
19:22:13 | INFO    | 10KV电缆           CatBoost                    59.6783       7.7252       5.9921       0.3835
19:22:13 | INFO    |                  VMD-CatBoost                67.6471       8.2248       6.3986       0.3012
19:22:13 | INFO    |                  VMD-LSTM-CatBoost           39.1601       6.2578       4.6967       0.5955
19:22:13 | INFO    |                  VMD-LSTM                    98.9786       9.9488       8.6960      -0.0224
19:22:13 | INFO    |                  VMD-SVR                     81.4694       9.0260       7.3043       0.1584
19:22:13 | INFO    | ------------------------------------------------------------------------------------------------------------------------
19:22:13 | INFO    | 柱上变压器台成套设备       CatBoost                    24.0834       4.9075       4.5132       0.3351
19:22:13 | INFO    |                  VMD-CatBoost                41.8175       6.4666       6.0281      -0.1545
19:22:13 | INFO    |                  VMD-LSTM-CatBoost           16.8747       4.1079       3.7915       0.5341
19:22:13 | INFO    |                  VMD-LSTM                    54.1201       7.3566       6.7697      -0.4941
19:22:13 | INFO    |                  VMD-SVR                     59.9461       7.7425       6.9232      -0.6550
19:22:13 | INFO    | ------------------------------------------------------------------------------------------------------------------------
19:22:13 | INFO    | 10kv交流避雷器        CatBoost                   114.1651      10.6848       7.4965       0.6418
19:22:13 | INFO    |                  VMD-CatBoost               203.6936      14.2721       9.3875       0.3610
19:22:13 | INFO    |                  VMD-LSTM-CatBoost          245.7340      15.6759      11.1833       0.2291
19:22:13 | INFO    |                  VMD-LSTM                   321.7886      17.9385      12.1718      -0.0095
19:22:13 | INFO    |                  VMD-SVR                    477.0421      21.8413      18.4353      -0.4966
19:22:13 | INFO    | ------------------------------------------------------------------------------------------------------------------------
19:22:13 | INFO    | 
19:22:13 | INFO    |   [文件] 指标JSON → outputs/figures\metrics_summary.json
19:22:16 | INFO    |   [图表] 预测对比图(cable) → outputs/figures\prediction_comparison_cable.png
19:22:18 | INFO    |   [图表] 预测对比图(transformer) → outputs/figures\prediction_comparison_transformer.png
19:22:22 | INFO    |   [图表] 预测对比图(arrester) → outputs/figures\prediction_comparison_arrester.png
19:22:27 | INFO    |   [图表] 指标对比图 → outputs/figures\metrics_comparison.png
19:22:27 | INFO    | 
19:22:27 | INFO    | ======================================================================
19:22:27 | INFO    |   模型性能排序 (按R^2)
19:22:27 | INFO    | ======================================================================
19:22:27 | INFO    |   10KV电缆: [1st] VMD-LSTM-CatBoost (R^2=0.5955)  [2nd] CatBoost (R^2=0.3835)  [3rd] VMD-CatBoost (R^2=0.3012)
19:22:27 | INFO    |   柱上变压器台成套设备: [1st] VMD-LSTM-CatBoost (R^2=0.5341)  [2nd] CatBoost (R^2=0.3351)  [3rd] VMD-CatBoost (R^2=-0.1545)
19:22:27 | INFO    |   10kv交流避雷器: [1st] CatBoost (R^2=0.6418)  [2nd] VMD-CatBoost (R^2=0.3610)  [3rd] VMD-LSTM-CatBoost (R^2=0.2291)
19:22:27 | INFO    | 
19:22:27 | INFO    | 所有图表已保存至: C:\Users\lilacseeking\PycharmProjects\vmd-catboost\outputs\figures/
19:22:27 | INFO    | 日志文件: C:\Users\lilacseeking\PycharmProjects\vmd-catboost\outputs\logs\main_20260615_192117.log
19:22:27 | INFO    | 完成!
