03:11:59 | INFO    | ======================================================================
03:11:59 | INFO    |   配电网物资需求预测 —— VMD-CatBoost 模型对比实验
03:11:59 | INFO    |   物资: Top5采购频率最高 (从ECP数据自动选择)
03:11:59 | INFO    |   因子: 批次事件特征 + 项目数量 + 自回归滞后
03:11:59 | INFO    |   模型: CatBoost / Conditional-CatBoost / N-HiTS / TwoStage + NaiveSeasonal/Persistence/SARIMA
03:11:59 | INFO    | ======================================================================
03:11:59 | INFO    |   日志文件: outputs/logs\main_20260708_031159.log
03:11:59 | INFO    | [1/8] 加载数据...
03:11:59 | INFO    | 读取已有数据文件: inputs\data.xlsx
03:12:00 | INFO    |   Sheet[交流避雷器]: 81 条, demand范围=[0.00, 7580.00]
03:12:00 | INFO    |   Sheet[电容式电压互感器]: 81 条, demand范围=[0.00, 426.00]
03:12:00 | INFO    |   Sheet[交流支柱绝缘子]: 81 条, demand范围=[0.00, 4888.00]
03:12:00 | INFO    |   Sheet[断路器保护]: 81 条, demand范围=[0.00, 173.00]
03:12:00 | INFO    |   Sheet[电抗器保护]: 81 条, demand范围=[0.00, 67.00]
03:12:00 | INFO    |   物资: ['交流避雷器', '电容式电压互感器', '交流支柱绝缘子', '断路器保护', '电抗器保护']
03:12:00 | INFO    |   [图表] 需求量曲线 → outputs/figures\需求量曲线.png
03:12:00 | INFO    | 
03:12:00 | INFO    | [2/8] 处理 交流避雷器 (交流避雷器)...
03:12:00 | INFO    |   [Spearman因子选择] 交流避雷器: top4=['project_count', 'transformer_bids', 'monthly_bid_count', 'uhv_bids']
03:12:00 | INFO    |   [特征工程] top4=['project_count', 'transformer_bids', 'monthly_bid_count', 'uhv_bids'], n_feat=13维, 训练=69月
03:12:00 | DEBUG   |   训练集: 69月, 测试集: 12月
03:12:00 | INFO    |   [3/8] 模型一: CatBoost...
