18:22:22 | INFO    | ======================================================================
18:22:22 | INFO    |   配电网物资需求预测 —— VMD-CatBoost 模型对比实验
18:22:22 | INFO    |   物资: 10KV电缆 / 柱上变压器台成套设备 / 10kv交流避雷器
18:22:22 | INFO    |   模型: CatBoost / VMD-CatBoost / VMD-LSTM-CatBoost / VMD-LSTM / VMD-SVR
18:22:22 | INFO    | ======================================================================
18:22:22 | INFO    |   日志文件: outputs/logs\main_20260615_182222.log
18:22:22 | INFO    | [1/8] 加载数据...
18:22:23 | INFO    | 读取已有数据文件: inputs/data\data.xlsx
18:22:23 | INFO    |   Sheet[10KV电缆]: 60 条, demand范围=[0.00, 30.00]
18:22:23 | INFO    |   Sheet[柱上变压器台成套设备]: 60 条, demand范围=[0.00, 18.00]
18:22:23 | INFO    |   Sheet[10kv交流避雷器]: 60 条, demand范围=[0.00, 84.00]
18:22:32 | INFO    |   [图表] 需求量曲线 → outputs/figures\demand_curves_60m.png
18:22:32 | INFO    | 
18:22:32 | INFO    | [2/8] 处理 10KV电缆 (cable)...
18:22:32 | INFO    |   Top-4 影响因子: ['investment', 'history_demand', 'load_growth', 'equipment_cost']
18:22:32 | INFO    |   [特征工程] 原始4因子 + lag1/lag2 + month_sin/cos = 8维特征
18:22:32 | DEBUG   |   训练集: 48月, 测试集: 12月
18:22:32 | INFO    |   [3/8] 模型一: CatBoost...
18:22:32 | INFO    |   [CatBoost基线] iterations=1500, lr=0.02, depth=6, l2=3, RMSE, 全8维特征
18:22:32 | INFO    |         MSE=59.6783 RMSE=7.7252 MAE=5.9921 R^2=0.3835
18:22:32 | INFO    |   [4/8] 模型二: VMD-CatBoost...
18:22:32 | DEBUG   |   [VMD优化] 最优K=3 (搜索范围[2, 3, 4, 5, 6], 频率分离阈值=1.5)
18:22:32 | INFO    |   [VMD-CatBoost] VMD最优K=3
18:22:32 | INFO    |   [VMD-CatBoost] IMF筛选: 3→3个 (保留[0, 1, 2])
18:22:33 | INFO    |         MSE=71.2709 RMSE=8.4422 MAE=6.1633 R^2=0.2638
18:22:37 | INFO    |   [图表] VMD分解图(cable) → outputs/figures\vmd_decomposition_cable.png
18:22:37 | INFO    |   [5/8] 模型三: VMD-LSTM-CatBoost...
18:22:37 | DEBUG   |   [VMD优化] 最优K=3 (搜索范围[2, 3, 4, 5, 6], 频率分离阈值=1.5)
18:22:37 | INFO    |   [VMD-LSTM-CatBoost] VMD最优K=3
18:22:37 | INFO    |   [VMD-LSTM-CatBoost] IMF筛选: 3→3个 | 残差=IMF1(新idx=0), 模态=['IMF2', 'IMF3']
18:22:37 | INFO    |   [LSTM架构] MultiFeatureLSTM | input_size=5, hidden_size=6, num_layers=2, dropout=0.30, ReduceLROnPlateau | CNN/池化层: 无(本模型不使用卷积/池化)
18:22:37 | INFO    |   [训练配置] optimizer=Adam, lr=0.002, weight_decay=0.0001, epochs=1200, patience=80, loss=MSELoss, batch_size=full_batch(全批次), device=cpu | 训练样本数(train_samples)=42, 序列长度(seq_len)=6
18:22:39 | DEBUG   |   [LSTM收敛] epoch=167, best_loss=0.001519
18:22:39 | DEBUG   |   [LSTM架构] SingleFeatureLSTM | hidden_size=6, num_layers=2, dropout=0.30, ReduceLROnPlateau | CNN/池化层: 无(本模型不使用卷积/池化)
18:22:39 | DEBUG   |   [训练配置] optimizer=Adam, lr=0.002, weight_decay=0.0001, epochs=1200, patience=80, loss=MSELoss, batch_size=full_batch(全批次), device=cpu | 训练样本数(train_samples)=42, 序列长度(seq_len)=6
18:22:42 | DEBUG   |   [LSTM收敛] epoch=739, best_loss=0.012471
18:22:42 | DEBUG   |   [LSTM架构] SingleFeatureLSTM | hidden_size=6, num_layers=2, dropout=0.30, ReduceLROnPlateau | CNN/池化层: 无(本模型不使用卷积/池化)
18:22:42 | DEBUG   |   [训练配置] optimizer=Adam, lr=0.002, weight_decay=0.0001, epochs=1200, patience=80, loss=MSELoss, batch_size=full_batch(全批次), device=cpu | 训练样本数(train_samples)=42, 序列长度(seq_len)=6
18:22:46 | DEBUG   |   [LSTM收敛] epoch=1200(max), best_loss=0.003809
18:22:47 | INFO    |         MSE=66.0964 RMSE=8.1300 MAE=5.6679 R^2=0.3172
18:22:47 | INFO    |   [6/8] 模型四: VMD-LSTM(直接求和)...
18:22:47 | DEBUG   |   [VMD优化] 最优K=3 (搜索范围[2, 3, 4, 5, 6], 频率分离阈值=1.5)
18:22:47 | INFO    |   [VMD-LSTM直接求和] VMD最优K=3 → 1×MultiFeatureLSTM(hidden=8,do=0.25) + N×SingleFeatureLSTM(hidden=6,do=0.25) → 直接求和 | 序列长度(seq_len)=6, 输入特征数(input_features)=4(top-4因子)
18:22:47 | INFO    |   [VMD-LSTM直接求和] IMF筛选: 3→3个 | 残差=IMF1(新idx=0), 模态=['IMF2', 'IMF3']
18:22:47 | INFO    |   [LSTM架构] MultiFeatureLSTM | input_size=5, hidden_size=6, num_layers=2, dropout=0.30, ReduceLROnPlateau | CNN/池化层: 无(本模型不使用卷积/池化)
18:22:47 | INFO    |   [训练配置] optimizer=Adam, lr=0.002, weight_decay=0.0001, epochs=1200, patience=80, loss=MSELoss, batch_size=full_batch(全批次), device=cpu | 训练样本数(train_samples)=42, 序列长度(seq_len)=6
18:22:48 | DEBUG   |   [LSTM收敛] epoch=199, best_loss=0.022041
18:22:48 | DEBUG   |   [LSTM架构] SingleFeatureLSTM | hidden_size=6, num_layers=2, dropout=0.30, ReduceLROnPlateau | CNN/池化层: 无(本模型不使用卷积/池化)
18:22:48 | DEBUG   |   [训练配置] optimizer=Adam, lr=0.002, weight_decay=0.0001, epochs=1200, patience=80, loss=MSELoss, batch_size=full_batch(全批次), device=cpu | 训练样本数(train_samples)=42, 序列长度(seq_len)=6
18:22:49 | DEBUG   |   [LSTM收敛] epoch=109, best_loss=0.012562
18:22:49 | DEBUG   |   [LSTM架构] SingleFeatureLSTM | hidden_size=6, num_layers=2, dropout=0.30, ReduceLROnPlateau | CNN/池化层: 无(本模型不使用卷积/池化)
18:22:49 | DEBUG   |   [训练配置] optimizer=Adam, lr=0.002, weight_decay=0.0001, epochs=1200, patience=80, loss=MSELoss, batch_size=full_batch(全批次), device=cpu | 训练样本数(train_samples)=42, 序列长度(seq_len)=6
18:22:49 | DEBUG   |   [LSTM收敛] epoch=162, best_loss=0.003278
18:22:49 | INFO    |         MSE=102.7149 RMSE=10.1348 MAE=8.7326 R^2=-0.0610
18:22:49 | INFO    |   [7/8] 模型五: VMD-SVR...
18:22:49 | DEBUG   |   [VMD优化] 最优K=3 (搜索范围[2, 3, 4, 5, 6], 频率分离阈值=1.5)
18:22:49 | INFO    |   [VMD-SVR] VMD最优K=3
18:22:49 | INFO    |   [VMD-SVR] IMF筛选: 3→3个 (保留[0, 1, 2])
18:22:49 | INFO    |   [SVR超参数] kernel=rbf, C=[0.1, 1, 10, 100], gamma=['scale', 'auto', 0.01, 0.1], epsilon=[0.01, 0.05, 0.1, 0.2] | GridSearchCV(cv=3, scoring=neg_mse) | 输入特征数(input_features)=11 (3个IMF+4因子)
18:22:50 | INFO    |   [SVR最优参数] C=100, gamma=auto, epsilon=0.1
18:22:50 | INFO    |         MSE=85.4064 RMSE=9.2416 MAE=7.5633 R^2=0.1178
18:22:50 | INFO    |   [图表] 特征重要性(cable) → outputs/figures\feature_importance_cable.png
18:22:50 | INFO    | 
18:22:50 | INFO    | [2/8] 处理 柱上变压器台成套设备 (transformer)...
18:22:50 | INFO    |   Top-4 影响因子: ['load_growth', 'investment', 'history_demand', 'equipment_cost']
18:22:50 | INFO    |   [特征工程] 原始4因子 + lag1/lag2 + month_sin/cos = 8维特征
18:22:50 | DEBUG   |   训练集: 48月, 测试集: 12月
18:22:50 | INFO    |   [3/8] 模型一: CatBoost...
18:22:50 | INFO    |   [CatBoost基线] iterations=1500, lr=0.02, depth=6, l2=3, RMSE, 全8维特征
18:22:51 | INFO    |         MSE=24.0834 RMSE=4.9075 MAE=4.5132 R^2=0.3351
18:22:51 | INFO    |   [4/8] 模型二: VMD-CatBoost...
18:22:51 | DEBUG   |   [VMD优化] 最优K=3 (搜索范围[2, 3, 4, 5, 6], 频率分离阈值=1.5)
18:22:51 | INFO    |   [VMD-CatBoost] VMD最优K=3
18:22:51 | INFO    |   [VMD-CatBoost] IMF筛选: 3→3个 (保留[0, 1, 2])
18:22:51 | INFO    |         MSE=43.7871 RMSE=6.6172 MAE=6.1288 R^2=-0.2088
18:22:56 | INFO    |   [图表] VMD分解图(transformer) → outputs/figures\vmd_decomposition_transformer.png
18:22:56 | INFO    |   [5/8] 模型三: VMD-LSTM-CatBoost...
18:22:56 | DEBUG   |   [VMD优化] 最优K=3 (搜索范围[2, 3, 4, 5, 6], 频率分离阈值=1.5)
18:22:56 | INFO    |   [VMD-LSTM-CatBoost] VMD最优K=3
18:22:56 | INFO    |   [VMD-LSTM-CatBoost] IMF筛选: 3→3个 | 残差=IMF1(新idx=0), 模态=['IMF2', 'IMF3']
18:22:56 | INFO    |   [LSTM架构] MultiFeatureLSTM | input_size=5, hidden_size=6, num_layers=2, dropout=0.30, ReduceLROnPlateau | CNN/池化层: 无(本模型不使用卷积/池化)
18:22:56 | INFO    |   [训练配置] optimizer=Adam, lr=0.002, weight_decay=0.0001, epochs=1200, patience=80, loss=MSELoss, batch_size=full_batch(全批次), device=cpu | 训练样本数(train_samples)=42, 序列长度(seq_len)=6
18:22:59 | DEBUG   |   [LSTM收敛] epoch=853, best_loss=0.001336
18:22:59 | DEBUG   |   [LSTM架构] SingleFeatureLSTM | hidden_size=6, num_layers=2, dropout=0.30, ReduceLROnPlateau | CNN/池化层: 无(本模型不使用卷积/池化)
18:22:59 | DEBUG   |   [训练配置] optimizer=Adam, lr=0.002, weight_decay=0.0001, epochs=1200, patience=80, loss=MSELoss, batch_size=full_batch(全批次), device=cpu | 训练样本数(train_samples)=42, 序列长度(seq_len)=6
18:23:00 | DEBUG   |   [LSTM收敛] epoch=137, best_loss=0.016460
18:23:00 | DEBUG   |   [LSTM架构] SingleFeatureLSTM | hidden_size=6, num_layers=2, dropout=0.30, ReduceLROnPlateau | CNN/池化层: 无(本模型不使用卷积/池化)
18:23:00 | DEBUG   |   [训练配置] optimizer=Adam, lr=0.002, weight_decay=0.0001, epochs=1200, patience=80, loss=MSELoss, batch_size=full_batch(全批次), device=cpu | 训练样本数(train_samples)=42, 序列长度(seq_len)=6
18:23:03 | DEBUG   |   [LSTM收敛] epoch=766, best_loss=0.005382
18:23:05 | INFO    |         MSE=18.6887 RMSE=4.3230 MAE=3.9407 R^2=0.4841
18:23:05 | INFO    |   [6/8] 模型四: VMD-LSTM(直接求和)...
18:23:05 | DEBUG   |   [VMD优化] 最优K=3 (搜索范围[2, 3, 4, 5, 6], 频率分离阈值=1.5)
18:23:05 | INFO    |   [VMD-LSTM直接求和] VMD最优K=3 → 1×MultiFeatureLSTM(hidden=8,do=0.25) + N×SingleFeatureLSTM(hidden=6,do=0.25) → 直接求和 | 序列长度(seq_len)=6, 输入特征数(input_features)=4(top-4因子)
18:23:05 | INFO    |   [VMD-LSTM直接求和] IMF筛选: 3→3个 | 残差=IMF1(新idx=0), 模态=['IMF2', 'IMF3']
18:23:05 | INFO    |   [LSTM架构] MultiFeatureLSTM | input_size=5, hidden_size=6, num_layers=2, dropout=0.30, ReduceLROnPlateau | CNN/池化层: 无(本模型不使用卷积/池化)
18:23:05 | INFO    |   [训练配置] optimizer=Adam, lr=0.002, weight_decay=0.0001, epochs=1200, patience=80, loss=MSELoss, batch_size=full_batch(全批次), device=cpu | 训练样本数(train_samples)=42, 序列长度(seq_len)=6
18:23:05 | DEBUG   |   [LSTM收敛] epoch=210, best_loss=0.001589
18:23:05 | DEBUG   |   [LSTM架构] SingleFeatureLSTM | hidden_size=6, num_layers=2, dropout=0.30, ReduceLROnPlateau | CNN/池化层: 无(本模型不使用卷积/池化)
18:23:05 | DEBUG   |   [训练配置] optimizer=Adam, lr=0.002, weight_decay=0.0001, epochs=1200, patience=80, loss=MSELoss, batch_size=full_batch(全批次), device=cpu | 训练样本数(train_samples)=42, 序列长度(seq_len)=6
18:23:11 | DEBUG   |   [LSTM收敛] epoch=1200(max), best_loss=0.016461
18:23:11 | DEBUG   |   [LSTM架构] SingleFeatureLSTM | hidden_size=6, num_layers=2, dropout=0.30, ReduceLROnPlateau | CNN/池化层: 无(本模型不使用卷积/池化)
18:23:11 | DEBUG   |   [训练配置] optimizer=Adam, lr=0.002, weight_decay=0.0001, epochs=1200, patience=80, loss=MSELoss, batch_size=full_batch(全批次), device=cpu | 训练样本数(train_samples)=42, 序列长度(seq_len)=6
18:23:11 | DEBUG   |   [LSTM收敛] epoch=158, best_loss=0.005301
18:23:11 | INFO    |         MSE=50.0738 RMSE=7.0763 MAE=6.5296 R^2=-0.3824
18:23:11 | INFO    |   [7/8] 模型五: VMD-SVR...
18:23:11 | DEBUG   |   [VMD优化] 最优K=3 (搜索范围[2, 3, 4, 5, 6], 频率分离阈值=1.5)
18:23:11 | INFO    |   [VMD-SVR] VMD最优K=3
18:23:11 | INFO    |   [VMD-SVR] IMF筛选: 3→3个 (保留[0, 1, 2])
18:23:11 | INFO    |   [SVR超参数] kernel=rbf, C=[0.1, 1, 10, 100], gamma=['scale', 'auto', 0.01, 0.1], epsilon=[0.01, 0.05, 0.1, 0.2] | GridSearchCV(cv=3, scoring=neg_mse) | 输入特征数(input_features)=11 (3个IMF+4因子)
18:23:12 | INFO    |   [SVR最优参数] C=100, gamma=0.01, epsilon=0.2
18:23:12 | INFO    |         MSE=60.4134 RMSE=7.7726 MAE=6.9603 R^2=-0.6679
18:23:12 | INFO    |   [图表] 特征重要性(transformer) → outputs/figures\feature_importance_transformer.png
18:23:12 | INFO    | 
18:23:12 | INFO    | [2/8] 处理 10kv交流避雷器 (arrester)...
18:23:12 | INFO    |   Top-4 影响因子: ['lightning_count', 'typhoon_count', 'rainstorm_count', 'load_growth']
18:23:12 | INFO    |   [特征工程] 原始4因子 + lag1/lag2 + month_sin/cos = 8维特征
18:23:12 | DEBUG   |   训练集: 48月, 测试集: 12月
18:23:12 | INFO    |   [3/8] 模型一: CatBoost...
18:23:12 | INFO    |   [CatBoost基线] iterations=1500, lr=0.02, depth=6, l2=3, RMSE, 全8维特征
18:23:13 | INFO    |         MSE=114.1651 RMSE=10.6848 MAE=7.4965 R^2=0.6418
18:23:13 | INFO    |   [4/8] 模型二: VMD-CatBoost...
18:23:13 | DEBUG   |   [VMD优化] 最优K=3 (搜索范围[2, 3, 4, 5, 6], 频率分离阈值=1.5)
18:23:13 | INFO    |   [VMD-CatBoost] VMD最优K=3
18:23:13 | INFO    |   [VMD-CatBoost] IMF筛选: 3→3个 (保留[0, 1, 2])
18:23:13 | INFO    |         MSE=203.6936 RMSE=14.2721 MAE=9.3875 R^2=0.3610
18:23:20 | INFO    |   [图表] VMD分解图(arrester) → outputs/figures\vmd_decomposition_arrester.png
18:23:20 | INFO    |   [5/8] 模型三: VMD-LSTM-CatBoost...
18:23:20 | DEBUG   |   [VMD优化] 最优K=3 (搜索范围[2, 3, 4, 5, 6], 频率分离阈值=1.5)
18:23:20 | INFO    |   [VMD-LSTM-CatBoost] VMD最优K=3
18:23:20 | INFO    |   [VMD-LSTM-CatBoost] IMF筛选: 3→3个 | 残差=IMF1(新idx=0), 模态=['IMF2', 'IMF3']
18:23:20 | INFO    |   [LSTM架构] MultiFeatureLSTM | input_size=5, hidden_size=6, num_layers=2, dropout=0.30, ReduceLROnPlateau | CNN/池化层: 无(本模型不使用卷积/池化)
18:23:20 | INFO    |   [训练配置] optimizer=Adam, lr=0.002, weight_decay=0.0001, epochs=1200, patience=80, loss=MSELoss, batch_size=full_batch(全批次), device=cpu | 训练样本数(train_samples)=42, 序列长度(seq_len)=6
18:23:20 | DEBUG   |   [LSTM收敛] epoch=228, best_loss=0.019072
18:23:20 | DEBUG   |   [LSTM架构] SingleFeatureLSTM | hidden_size=6, num_layers=2, dropout=0.30, ReduceLROnPlateau | CNN/池化层: 无(本模型不使用卷积/池化)
18:23:20 | DEBUG   |   [训练配置] optimizer=Adam, lr=0.002, weight_decay=0.0001, epochs=1200, patience=80, loss=MSELoss, batch_size=full_batch(全批次), device=cpu | 训练样本数(train_samples)=42, 序列长度(seq_len)=6
18:23:24 | DEBUG   |   [LSTM收敛] epoch=882, best_loss=0.019045
18:23:24 | DEBUG   |   [LSTM架构] SingleFeatureLSTM | hidden_size=6, num_layers=2, dropout=0.30, ReduceLROnPlateau | CNN/池化层: 无(本模型不使用卷积/池化)
18:23:24 | DEBUG   |   [训练配置] optimizer=Adam, lr=0.002, weight_decay=0.0001, epochs=1200, patience=80, loss=MSELoss, batch_size=full_batch(全批次), device=cpu | 训练样本数(train_samples)=42, 序列长度(seq_len)=6
18:23:24 | DEBUG   |   [LSTM收敛] epoch=198, best_loss=0.015264
18:23:26 | INFO    |         MSE=219.3504 RMSE=14.8105 MAE=11.1182 R^2=0.3118
18:23:26 | INFO    |   [6/8] 模型四: VMD-LSTM(直接求和)...
18:23:26 | DEBUG   |   [VMD优化] 最优K=3 (搜索范围[2, 3, 4, 5, 6], 频率分离阈值=1.5)
18:23:26 | INFO    |   [VMD-LSTM直接求和] VMD最优K=3 → 1×MultiFeatureLSTM(hidden=8,do=0.25) + N×SingleFeatureLSTM(hidden=6,do=0.25) → 直接求和 | 序列长度(seq_len)=6, 输入特征数(input_features)=4(top-4因子)
18:23:26 | INFO    |   [VMD-LSTM直接求和] IMF筛选: 3→3个 | 残差=IMF1(新idx=0), 模态=['IMF2', 'IMF3']
18:23:26 | INFO    |   [LSTM架构] MultiFeatureLSTM | input_size=5, hidden_size=6, num_layers=2, dropout=0.30, ReduceLROnPlateau | CNN/池化层: 无(本模型不使用卷积/池化)
18:23:26 | INFO    |   [训练配置] optimizer=Adam, lr=0.002, weight_decay=0.0001, epochs=1200, patience=80, loss=MSELoss, batch_size=full_batch(全批次), device=cpu | 训练样本数(train_samples)=42, 序列长度(seq_len)=6
18:23:27 | DEBUG   |   [LSTM收敛] epoch=233, best_loss=0.000952
18:23:27 | DEBUG   |   [LSTM架构] SingleFeatureLSTM | hidden_size=6, num_layers=2, dropout=0.30, ReduceLROnPlateau | CNN/池化层: 无(本模型不使用卷积/池化)
18:23:27 | DEBUG   |   [训练配置] optimizer=Adam, lr=0.002, weight_decay=0.0001, epochs=1200, patience=80, loss=MSELoss, batch_size=full_batch(全批次), device=cpu | 训练样本数(train_samples)=42, 序列长度(seq_len)=6
18:23:28 | DEBUG   |   [LSTM收敛] epoch=282, best_loss=0.016275
18:23:28 | DEBUG   |   [LSTM架构] SingleFeatureLSTM | hidden_size=6, num_layers=2, dropout=0.30, ReduceLROnPlateau | CNN/池化层: 无(本模型不使用卷积/池化)
18:23:28 | DEBUG   |   [训练配置] optimizer=Adam, lr=0.002, weight_decay=0.0001, epochs=1200, patience=80, loss=MSELoss, batch_size=full_batch(全批次), device=cpu | 训练样本数(train_samples)=42, 序列长度(seq_len)=6
18:23:29 | DEBUG   |   [LSTM收敛] epoch=198, best_loss=0.008536
18:23:29 | INFO    |         MSE=352.2341 RMSE=18.7679 MAE=12.6441 R^2=-0.1050
18:23:29 | INFO    |   [7/8] 模型五: VMD-SVR...
18:23:29 | DEBUG   |   [VMD优化] 最优K=3 (搜索范围[2, 3, 4, 5, 6], 频率分离阈值=1.5)
18:23:29 | INFO    |   [VMD-SVR] VMD最优K=3
18:23:29 | INFO    |   [VMD-SVR] IMF筛选: 3→3个 (保留[0, 1, 2])
18:23:29 | INFO    |   [SVR超参数] kernel=rbf, C=[0.1, 1, 10, 100], gamma=['scale', 'auto', 0.01, 0.1], epsilon=[0.01, 0.05, 0.1, 0.2] | GridSearchCV(cv=3, scoring=neg_mse) | 输入特征数(input_features)=11 (3个IMF+4因子)
18:23:29 | INFO    |   [SVR最优参数] C=100, gamma=auto, epsilon=0.1
18:23:29 | INFO    |         MSE=477.0421 RMSE=21.8413 MAE=18.4353 R^2=-0.4966
18:23:36 | INFO    |   [图表] 特征重要性(arrester) → outputs/figures\feature_importance_arrester.png
18:23:36 | INFO    | 
18:23:36 | INFO    | [8/8] 汇总评估与可视化...
18:23:36 | INFO    | 
18:23:36 | INFO    | ========================================================================================================================
18:23:36 | INFO    | 评估指标汇总表
18:23:36 | INFO    | ========================================================================================================================
18:23:36 | INFO    | 物资               模型                              MSE         RMSE          MAE          R^2
18:23:36 | INFO    | ------------------------------------------------------------------------------------------------------------------------
18:23:36 | INFO    | 10KV电缆           CatBoost                    59.6783       7.7252       5.9921       0.3835
18:23:36 | INFO    |                  VMD-CatBoost                71.2709       8.4422       6.1633       0.2638
18:23:36 | INFO    |                  VMD-LSTM-CatBoost           66.0964       8.1300       5.6679       0.3172
18:23:36 | INFO    |                  VMD-LSTM                   102.7149      10.1348       8.7326      -0.0610
18:23:36 | INFO    |                  VMD-SVR                     85.4064       9.2416       7.5633       0.1178
18:23:36 | INFO    | ------------------------------------------------------------------------------------------------------------------------
18:23:36 | INFO    | 柱上变压器台成套设备       CatBoost                    24.0834       4.9075       4.5132       0.3351
18:23:36 | INFO    |                  VMD-CatBoost                43.7871       6.6172       6.1288      -0.2088
18:23:36 | INFO    |                  VMD-LSTM-CatBoost           18.6887       4.3230       3.9407       0.4841
18:23:36 | INFO    |                  VMD-LSTM                    50.0738       7.0763       6.5296      -0.3824
18:23:36 | INFO    |                  VMD-SVR                     60.4134       7.7726       6.9603      -0.6679
18:23:36 | INFO    | ------------------------------------------------------------------------------------------------------------------------
18:23:36 | INFO    | 10kv交流避雷器        CatBoost                   114.1651      10.6848       7.4965       0.6418
18:23:36 | INFO    |                  VMD-CatBoost               203.6936      14.2721       9.3875       0.3610
18:23:36 | INFO    |                  VMD-LSTM-CatBoost          219.3504      14.8105      11.1182       0.3118
18:23:36 | INFO    |                  VMD-LSTM                   352.2341      18.7679      12.6441      -0.1050
18:23:36 | INFO    |                  VMD-SVR                    477.0421      21.8413      18.4353      -0.4966
18:23:36 | INFO    | ------------------------------------------------------------------------------------------------------------------------
18:23:36 | INFO    | 
18:23:36 | INFO    |   [文件] 指标JSON → outputs/figures\metrics_summary.json
18:23:38 | INFO    |   [图表] 预测对比图(cable) → outputs/figures\prediction_comparison_cable.png
18:23:40 | INFO    |   [图表] 预测对比图(transformer) → outputs/figures\prediction_comparison_transformer.png
18:23:44 | INFO    |   [图表] 预测对比图(arrester) → outputs/figures\prediction_comparison_arrester.png
18:23:49 | INFO    |   [图表] 指标对比图 → outputs/figures\metrics_comparison.png
18:23:49 | INFO    | 
18:23:49 | INFO    | ======================================================================
18:23:49 | INFO    |   模型性能排序 (按R^2)
18:23:49 | INFO    | ======================================================================
18:23:49 | INFO    |   10KV电缆: [1st] CatBoost (R^2=0.3835)  [2nd] VMD-LSTM-CatBoost (R^2=0.3172)  [3rd] VMD-CatBoost (R^2=0.2638)
18:23:49 | INFO    |   柱上变压器台成套设备: [1st] VMD-LSTM-CatBoost (R^2=0.4841)  [2nd] CatBoost (R^2=0.3351)  [3rd] VMD-CatBoost (R^2=-0.2088)
18:23:49 | INFO    |   10kv交流避雷器: [1st] CatBoost (R^2=0.6418)  [2nd] VMD-CatBoost (R^2=0.3610)  [3rd] VMD-LSTM-CatBoost (R^2=0.3118)
18:23:49 | INFO    | 
18:23:49 | INFO    | 所有图表已保存至: C:\Users\lilacseeking\PycharmProjects\vmd-catboost\outputs\figures/
18:23:49 | INFO    | 日志文件: C:\Users\lilacseeking\PycharmProjects\vmd-catboost\outputs\logs\main_20260615_182222.log
18:23:49 | INFO    | 完成!
