02:08:02 | INFO    | ======================================================================
02:08:02 | INFO    |   配电网物资需求预测 —— VMD-CatBoost 模型对比实验
02:08:02 | INFO    |   物资: Top5采购频率最高 (从ECP数据自动选择)
02:08:02 | INFO    |   因子: 批次事件特征 + 项目数量 + 自回归滞后
02:08:02 | INFO    |   模型: CatBoost / Conditional-CatBoost / N-HiTS / TwoStage + NaiveSeasonal/Persistence/SARIMA
02:08:02 | INFO    | ======================================================================
02:08:02 | INFO    |   日志文件: outputs/logs\main_20260708_020802.log
02:08:02 | INFO    | [1/8] 加载数据...
02:08:02 | INFO    | 读取已有数据文件: inputs\data.xlsx
02:08:02 | INFO    |   Sheet[交流避雷器]: 81 条, demand范围=[0.00, 7580.00]
02:08:02 | INFO    |   Sheet[电容式电压互感器]: 81 条, demand范围=[0.00, 426.00]
02:08:02 | INFO    |   Sheet[交流支柱绝缘子]: 81 条, demand范围=[0.00, 4888.00]
02:08:02 | INFO    |   Sheet[断路器保护]: 81 条, demand范围=[0.00, 173.00]
02:08:02 | INFO    |   Sheet[电抗器保护]: 81 条, demand范围=[0.00, 67.00]
02:08:02 | INFO    |   物资: ['交流避雷器', '电容式电压互感器', '交流支柱绝缘子', '断路器保护', '电抗器保护']
02:08:02 | INFO    |   [图表] 需求量曲线 → outputs/figures\需求量曲线.png
02:08:02 | INFO    | 
02:08:02 | INFO    | [2/8] 处理 交流避雷器 (交流避雷器)...
02:08:02 | INFO    |   Top-4 影响因子: ['project_count', 'transformer_bids', 'monthly_bid_count', 'uhv_bids']
02:08:02 | INFO    |   [特征工程] top4=['project_count', 'transformer_bids', 'monthly_bid_count', 'uhv_bids'], n_feat=9维, 训练=69月
02:08:02 | DEBUG   |   训练集: 69月, 测试集: 12月
02:08:02 | INFO    |   [3/8] 模型一: CatBoost...
02:08:02 | INFO    |   [CatBoost基线] iterations=1500, lr=0.02, depth=6, l2=3, loss=RMSE
02:08:03 | INFO    |         MSE=3085385.0607 RMSE=1756.5264 MAE=1004.1085 R2=0.2783
02:08:03 | INFO    |   [Baseline] NaiveSeasonal: R2=0.0963
02:08:03 | INFO    |   [Baseline] Persistence: R2=-0.4689
02:08:03 | INFO    |   [Baseline] SARIMA: R2=0.2789
02:08:03 | INFO    |   [5/8] Conditional-CatBoost...
02:08:04 | INFO    |         MSE=3217602.1627 RMSE=1793.7676 MAE=1037.2189 R2=0.2473
02:08:04 | INFO    |   [6/8] N-HiTS...
02:08:07 | INFO    |   [N-HiTS] samples=33, val_loss=0.09117
02:08:07 | INFO    |         MSE=4743350.1694 RMSE=2177.9234 MAE=1500.3252 R2=-0.1096
02:08:07 | INFO    |   [7/8] 两阶段预测...
02:08:08 | INFO    |   [两阶段] Stage1分类准确率=100.00%, 非零训练样本=42
02:08:08 | INFO    |         MSE=1877109.0896 RMSE=1370.0763 MAE=888.2343 R2=0.5609
02:08:08 | INFO    |   [图表] 特征重要性(交流避雷器) → outputs/figures\特征重要性_交流避雷器.png
02:08:08 | INFO    | 
02:08:08 | INFO    | [2/8] 处理 电容式电压互感器 (电容式电压互感器)...
02:08:08 | INFO    |   Top-4 影响因子: ['project_count', 'transformer_bids', 'monthly_bid_count', 'uhv_bids']
02:08:08 | INFO    |   [特征工程] top4=['project_count', 'transformer_bids', 'monthly_bid_count', 'uhv_bids'], n_feat=9维, 训练=69月
02:08:08 | DEBUG   |   训练集: 69月, 测试集: 12月
02:08:08 | INFO    |   [3/8] 模型一: CatBoost...
02:08:08 | INFO    |   [CatBoost基线] iterations=1500, lr=0.02, depth=6, l2=3, loss=RMSE
02:08:08 | INFO    |         MSE=5386.5889 RMSE=73.3934 MAE=56.5806 R2=0.5210
02:08:08 | INFO    |   [Baseline] NaiveSeasonal: R2=-1.7481
02:08:08 | INFO    |   [Baseline] Persistence: R2=-2.4236
02:08:08 | INFO    |   [Baseline] SARIMA: R2=-0.5009
02:08:08 | INFO    |   [5/8] Conditional-CatBoost...
02:08:08 | INFO    |         MSE=5957.3141 RMSE=77.1836 MAE=58.1790 R2=0.4702
02:08:08 | INFO    |   [6/8] N-HiTS...
02:08:09 | INFO    |   [N-HiTS] samples=33, val_loss=0.09661
02:08:09 | INFO    |         MSE=11271.4480 RMSE=106.1671 MAE=90.3924 R2=-0.0024
02:08:09 | INFO    |   [7/8] 两阶段预测...
02:08:10 | INFO    |   [两阶段] Stage1分类准确率=100.00%, 非零训练样本=42
02:08:10 | INFO    |         MSE=2976.5029 RMSE=54.5573 MAE=40.5168 R2=0.7353
02:08:10 | INFO    |   [图表] 特征重要性(电容式电压互感器) → outputs/figures\特征重要性_电容式电压互感器.png
02:08:10 | INFO    | 
02:08:10 | INFO    | [2/8] 处理 交流支柱绝缘子 (交流支柱绝缘子)...
02:08:10 | INFO    |   Top-4 影响因子: ['project_count', 'transformer_bids', 'monthly_bid_count', 'uhv_bids']
02:08:10 | INFO    |   [特征工程] top4=['project_count', 'transformer_bids', 'monthly_bid_count', 'uhv_bids'], n_feat=9维, 训练=69月
02:08:10 | DEBUG   |   训练集: 69月, 测试集: 12月
02:08:10 | INFO    |   [3/8] 模型一: CatBoost...
02:08:10 | INFO    |   [CatBoost基线] iterations=1500, lr=0.02, depth=6, l2=3, loss=RMSE
02:08:10 | INFO    |         MSE=634630.0198 RMSE=796.6367 MAE=655.0948 R2=0.5187
02:08:10 | INFO    |   [Baseline] NaiveSeasonal: R2=-1.2457
02:08:10 | INFO    |   [Baseline] Persistence: R2=-0.4130
02:08:11 | INFO    |   [Baseline] SARIMA: R2=-0.3865
02:08:11 | INFO    |   [5/8] Conditional-CatBoost...
02:08:11 | INFO    |         MSE=782298.9047 RMSE=884.4766 MAE=721.9391 R2=0.4068
02:08:11 | INFO    |   [6/8] N-HiTS...
02:08:11 | INFO    |   [N-HiTS] samples=33, val_loss=0.05972
02:08:11 | INFO    |         MSE=1659840.3516 RMSE=1288.3479 MAE=1034.3169 R2=-0.2587
02:08:11 | INFO    |   [7/8] 两阶段预测...
02:08:13 | INFO    |   [两阶段] Stage1分类准确率=100.00%, 非零训练样本=42
02:08:13 | INFO    |         MSE=503320.8151 RMSE=709.4511 MAE=464.6169 R2=0.6183
02:08:13 | INFO    |   [图表] 特征重要性(交流支柱绝缘子) → outputs/figures\特征重要性_交流支柱绝缘子.png
02:08:13 | INFO    | 
02:08:13 | INFO    | [2/8] 处理 断路器保护 (断路器保护)...
02:08:13 | INFO    |   Top-4 影响因子: ['project_count', 'transformer_bids', 'monthly_bid_count', 'uhv_bids']
02:08:13 | INFO    |   [特征工程] top4=['project_count', 'transformer_bids', 'monthly_bid_count', 'uhv_bids'], n_feat=9维, 训练=69月
02:08:13 | DEBUG   |   训练集: 69月, 测试集: 12月
02:08:13 | INFO    |   [3/8] 模型一: CatBoost...
02:08:13 | INFO    |   [CatBoost基线] iterations=1500, lr=0.02, depth=6, l2=3, loss=RMSE
02:08:13 | INFO    |         MSE=110.6038 RMSE=10.5168 MAE=7.7918 R2=0.7989
02:08:13 | INFO    |   [Baseline] NaiveSeasonal: R2=-0.5356
02:08:13 | INFO    |   [Baseline] Persistence: R2=-4.2483
02:08:13 | INFO    |   [Baseline] SARIMA: R2=-0.5684
02:08:13 | INFO    |   [5/8] Conditional-CatBoost...
02:08:13 | INFO    |         MSE=124.1849 RMSE=11.1438 MAE=8.2984 R2=0.7742
02:08:13 | INFO    |   [6/8] N-HiTS...
02:08:14 | INFO    |   [N-HiTS] samples=33, val_loss=0.05168
02:08:14 | INFO    |         MSE=624.3865 RMSE=24.9877 MAE=15.9778 R2=-0.1355
02:08:14 | INFO    |   [7/8] 两阶段预测...
02:08:15 | INFO    |   [两阶段] Stage1分类准确率=100.00%, 非零训练样本=41
02:08:15 | INFO    |         MSE=212.2386 RMSE=14.5684 MAE=10.9926 R2=0.6140
02:08:15 | INFO    |   [图表] 特征重要性(断路器保护) → outputs/figures\特征重要性_断路器保护.png
02:08:15 | INFO    | 
02:08:15 | INFO    | [2/8] 处理 电抗器保护 (电抗器保护)...
02:08:15 | INFO    |   Top-4 影响因子: ['project_count', 'transformer_bids', 'monthly_bid_count', 'uhv_bids']
02:08:15 | INFO    |   [特征工程] top4=['project_count', 'transformer_bids', 'monthly_bid_count', 'uhv_bids'], n_feat=9维, 训练=69月
02:08:15 | DEBUG   |   训练集: 69月, 测试集: 12月
02:08:15 | INFO    |   [3/8] 模型一: CatBoost...
02:08:15 | INFO    |   [CatBoost基线] iterations=1500, lr=0.02, depth=6, l2=3, loss=RMSE
02:08:15 | INFO    |         MSE=14.3583 RMSE=3.7892 MAE=2.8152 R2=0.7938
02:08:15 | INFO    |   [Baseline] NaiveSeasonal: R2=-2.5457
02:08:15 | INFO    |   [Baseline] Persistence: R2=-0.0483
02:08:15 | INFO    |   [Baseline] SARIMA: R2=-3.2378
02:08:15 | INFO    |   [5/8] Conditional-CatBoost...
02:08:16 | INFO    |         MSE=14.8289 RMSE=3.8508 MAE=3.2492 R2=0.7871
02:08:16 | INFO    |   [6/8] N-HiTS...
02:08:16 | INFO    |   [N-HiTS] samples=33, val_loss=0.07181
02:08:16 | INFO    |         MSE=228.3203 RMSE=15.1103 MAE=12.9915 R2=-2.2786
02:08:16 | INFO    |   [7/8] 两阶段预测...
02:08:17 | INFO    |   [两阶段] Stage1分类准确率=100.00%, 非零训练样本=41
02:08:17 | INFO    |         MSE=21.1130 RMSE=4.5949 MAE=2.9041 R2=0.6968
02:08:17 | INFO    |   [图表] 特征重要性(电抗器保护) → outputs/figures\特征重要性_电抗器保护.png
02:08:17 | INFO    | 
02:08:17 | INFO    | [8/8] 汇总评估与可视化...
02:08:17 | INFO    | 
02:08:17 | INFO    | ========================================================================================================================
02:08:17 | INFO    | 评估指标汇总表
02:08:17 | INFO    | ========================================================================================================================
02:08:17 | INFO    | 物资               模型                              MSE         RMSE          MAE          R^2
02:08:17 | INFO    | ------------------------------------------------------------------------------------------------------------------------
02:08:17 | INFO    | 交流避雷器            CatBoost               3085385.0607    1756.5264    1004.1085       0.2783
02:08:17 | INFO    |                  NaiveSeasonal          3863131.4167    1965.4850    1331.0833       0.0963
02:08:17 | INFO    |                  Persistence            6279299.5833    2505.8531    1428.4167      -0.4689
02:08:17 | INFO    |                  SARIMA                 3082744.6500    1755.7747    1356.8945       0.2789
02:08:17 | INFO    |                  CondCatBoost           3217602.1627    1793.7676    1037.2189       0.2473
02:08:17 | INFO    |                  NHiTS                  4743350.1694    2177.9234    1500.3252      -0.1096
02:08:17 | INFO    |                  TwoStage               1877109.0896    1370.0763     888.2343       0.5609
02:08:17 | INFO    | ------------------------------------------------------------------------------------------------------------------------
02:08:17 | INFO    | 电容式电压互感器         CatBoost                  5386.5889      73.3934      56.5806       0.5210
02:08:17 | INFO    |                  NaiveSeasonal            30901.1667     175.7873     145.5000      -1.7481
02:08:17 | INFO    |                  Persistence              38497.2500     196.2072     169.0833      -2.4236
02:08:17 | INFO    |                  SARIMA                   16876.7410     129.9105     108.6409      -0.5009
02:08:17 | INFO    |                  CondCatBoost              5957.3141      77.1836      58.1790       0.4702
02:08:17 | INFO    |                  NHiTS                    11271.4480     106.1671      90.3924      -0.0024
02:08:17 | INFO    |                  TwoStage                  2976.5029      54.5573      40.5168       0.7353
02:08:17 | INFO    | ------------------------------------------------------------------------------------------------------------------------
02:08:17 | INFO    | 交流支柱绝缘子          CatBoost                634630.0198     796.6367     655.0948       0.5187
02:08:17 | INFO    |                  NaiveSeasonal          2961393.5000    1720.8700    1333.1667      -1.2457
02:08:17 | INFO    |                  Persistence            1863355.5000    1365.0478    1111.5000      -0.4130
02:08:17 | INFO    |                  SARIMA                 1828420.3830    1352.1910    1126.2580      -0.3865
02:08:17 | INFO    |                  CondCatBoost            782298.9047     884.4766     721.9391       0.4068
02:08:17 | INFO    |                  NHiTS                  1659840.3516    1288.3479    1034.3169      -0.2587
02:08:17 | INFO    |                  TwoStage                503320.8151     709.4511     464.6169       0.6183
02:08:17 | INFO    | ------------------------------------------------------------------------------------------------------------------------
02:08:17 | INFO    | 断路器保护            CatBoost                   110.6038      10.5168       7.7918       0.7989
02:08:17 | INFO    |                  NaiveSeasonal              844.4167      29.0588      20.2500      -0.5356
02:08:17 | INFO    |                  Persistence               2886.0000      53.7215      51.3333      -4.2483
02:08:17 | INFO    |                  SARIMA                     862.4667      29.3678      27.5372      -0.5684
02:08:17 | INFO    |                  CondCatBoost               124.1849      11.1438       8.2984       0.7742
02:08:17 | INFO    |                  NHiTS                      624.3865      24.9877      15.9778      -0.1355
02:08:17 | INFO    |                  TwoStage                   212.2386      14.5684      10.9926       0.6140
02:08:17 | INFO    | ------------------------------------------------------------------------------------------------------------------------
02:08:17 | INFO    | 电抗器保护            CatBoost                    14.3583       3.7892       2.8152       0.7938
02:08:17 | INFO    |                  NaiveSeasonal              246.9167      15.7136      13.0833      -2.5457
02:08:17 | INFO    |                  Persistence                 73.0000       8.5440       6.8333      -0.0483
02:08:17 | INFO    |                  SARIMA                     295.1140      17.1789      15.0759      -3.2378
02:08:17 | INFO    |                  CondCatBoost                14.8289       3.8508       3.2492       0.7871
02:08:17 | INFO    |                  NHiTS                      228.3203      15.1103      12.9915      -2.2786
02:08:17 | INFO    |                  TwoStage                    21.1130       4.5949       2.9041       0.6968
02:08:17 | INFO    | ------------------------------------------------------------------------------------------------------------------------
02:08:17 | INFO    | 
02:08:17 | INFO    |   [图表] 预测对比图(交流避雷器) → outputs/figures\预测对比_交流避雷器.png
02:08:18 | INFO    |   [图表] 预测对比图(电容式电压互感器) → outputs/figures\预测对比_电容式电压互感器.png
02:08:18 | INFO    |   [图表] 预测对比图(交流支柱绝缘子) → outputs/figures\预测对比_交流支柱绝缘子.png
02:08:18 | INFO    |   [图表] 预测对比图(断路器保护) → outputs/figures\预测对比_断路器保护.png
02:08:19 | INFO    |   [图表] 预测对比图(电抗器保护) → outputs/figures\预测对比_电抗器保护.png
02:08:20 | INFO    |   [图表] 指标对比图 → outputs/figures\指标对比图.png
02:08:20 | INFO    | 
02:08:20 | INFO    | ======================================================================
02:08:20 | INFO    |   模型性能排序 (按R^2)
02:08:20 | INFO    | ======================================================================
02:08:20 | INFO    |   交流避雷器: [1st] TwoStage (R^2=0.5609)  [2nd] SARIMA (R^2=0.2789)  [3rd] CatBoost (R^2=0.2783)
02:08:20 | INFO    |   电容式电压互感器: [1st] TwoStage (R^2=0.7353)  [2nd] CatBoost (R^2=0.5210)  [3rd] CondCatBoost (R^2=0.4702)
02:08:20 | INFO    |   交流支柱绝缘子: [1st] TwoStage (R^2=0.6183)  [2nd] CatBoost (R^2=0.5187)  [3rd] CondCatBoost (R^2=0.4068)
02:08:20 | INFO    |   断路器保护: [1st] CatBoost (R^2=0.7989)  [2nd] CondCatBoost (R^2=0.7742)  [3rd] TwoStage (R^2=0.6140)
02:08:20 | INFO    |   电抗器保护: [1st] CatBoost (R^2=0.7938)  [2nd] CondCatBoost (R^2=0.7871)  [3rd] TwoStage (R^2=0.6968)
02:08:20 | INFO    | 
02:08:20 | INFO    | 所有图表已保存至: C:\Users\董文涛\PycharmProjects\vmd-catboost\outputs\figures/
02:08:20 | INFO    | 日志文件: C:\Users\董文涛\PycharmProjects\vmd-catboost\outputs\logs\main_20260708_020802.log
02:08:20 | INFO    | 完成!
