03:13:19 | INFO    | ======================================================================
03:13:19 | INFO    |   配电网物资需求预测 —— VMD-CatBoost 模型对比实验
03:13:19 | INFO    |   物资: Top5采购频率最高 (从ECP数据自动选择)
03:13:19 | INFO    |   因子: 批次事件特征 + 项目数量 + 自回归滞后
03:13:19 | INFO    |   模型: CatBoost / Conditional-CatBoost / N-HiTS / TwoStage + NaiveSeasonal/Persistence/SARIMA
03:13:19 | INFO    | ======================================================================
03:13:19 | INFO    |   日志文件: outputs/logs\main_20260708_031319.log
03:13:19 | INFO    | [1/8] 加载数据...
03:13:19 | INFO    | 读取已有数据文件: inputs\data.xlsx
03:13:19 | INFO    |   Sheet[火灾报警系统]: 81 条, demand范围=[0.00, 18.00]
03:13:19 | INFO    |   Sheet[线路在线监测装置]: 81 条, demand范围=[0.00, 1549.00]
03:13:19 | INFO    |   Sheet[一体化电源系统]: 81 条, demand范围=[0.00, 27.00]
03:13:19 | INFO    |   Sheet[变电在线监测装置]: 81 条, demand范围=[0.00, 36.00]
03:13:19 | INFO    |   Sheet[端子箱]: 81 条, demand范围=[0.00, 75.00]
03:13:19 | INFO    |   物资: ['火灾报警系统', '线路在线监测装置', '一体化电源系统', '变电在线监测装置', '端子箱']
03:13:20 | INFO    |   [图表] 需求量曲线 → outputs/figures\需求量曲线.png
03:13:20 | INFO    | 
03:13:20 | INFO    | [2/8] 处理 火灾报警系统 (火灾报警系统)...
03:13:20 | INFO    |   [Spearman因子选择] 火灾报警系统: top4=['project_count', 'transformer_bids', 'monthly_bid_count', 'has_batch']
03:13:20 | INFO    |   [特征工程] top4=['project_count', 'transformer_bids', 'monthly_bid_count', 'has_batch'], n_feat=13维, 训练=69月
03:13:20 | DEBUG   |   训练集: 69月, 测试集: 12月
03:13:20 | INFO    |   [3/8] 模型一: CatBoost...
03:13:21 | INFO    |         MSE=11.4584 RMSE=3.3850 MAE=2.0221 R2=-0.0913
03:13:21 | INFO    |   [Baseline] NaiveSeasonal: R2=0.0317
03:13:21 | INFO    |   [Baseline] Persistence: R2=0.0000
03:13:21 | INFO    |   [Baseline] SARIMA: R2=0.1713
03:13:21 | INFO    |   [5/8] Conditional-CatBoost...
03:13:22 | INFO    |         MSE=11.4659 RMSE=3.3861 MAE=2.0224 R2=-0.0920
03:13:22 | INFO    |   [6/8] N-HiTS...
03:13:22 | WARNING |   [N-HiTS] samples=33<50, skip (小样本不稳定)
03:13:22 | INFO    |   [N-HiTS] 跳过 (未安装或失败)
03:13:22 | INFO    |   [7/8] 两阶段预测...
03:13:22 | INFO    |   [两阶段] Stage1分类准确率=41.67%, 非零训练样本=27
03:13:22 | INFO    |         MSE=11.5083 RMSE=3.3924 MAE=2.0628 R2=-0.0960
03:13:23 | INFO    |   [图表] 特征重要性(火灾报警系统) → outputs/figures\特征重要性_火灾报警系统.png
03:13:23 | INFO    | 
03:13:23 | INFO    | [2/8] 处理 线路在线监测装置 (线路在线监测装置)...
03:13:23 | INFO    |   [Spearman因子选择] 线路在线监测装置: top4=['project_count', 'transformer_bids', 'monthly_bid_count', 'has_batch']
03:13:23 | INFO    |   [特征工程] top4=['project_count', 'transformer_bids', 'monthly_bid_count', 'has_batch'], n_feat=13维, 训练=69月
03:13:23 | DEBUG   |   训练集: 69月, 测试集: 12月
03:13:23 | INFO    |   [3/8] 模型一: CatBoost...
03:13:23 | INFO    |         MSE=193702.8869 RMSE=440.1169 MAE=246.6628 R2=-0.1175
03:13:23 | INFO    |   [Baseline] NaiveSeasonal: R2=-0.3704
03:13:23 | INFO    |   [Baseline] Persistence: R2=-0.3496
03:13:23 | INFO    |   [Baseline] SARIMA: R2=-0.3473
03:13:23 | INFO    |   [5/8] Conditional-CatBoost...
03:13:24 | INFO    |         MSE=193456.3646 RMSE=439.8367 MAE=246.1426 R2=-0.1161
03:13:24 | INFO    |   [6/8] N-HiTS...
03:13:24 | WARNING |   [N-HiTS] samples=33<50, skip (小样本不稳定)
03:13:24 | INFO    |   [N-HiTS] 跳过 (未安装或失败)
03:13:24 | INFO    |   [7/8] 两阶段预测...
03:13:24 | INFO    |   [两阶段] Stage1分类准确率=33.33%, 非零训练样本=25
03:13:24 | INFO    |         MSE=197571.0000 RMSE=444.4896 MAE=253.9427 R2=-0.1398
03:13:25 | INFO    |   [图表] 特征重要性(线路在线监测装置) → outputs/figures\特征重要性_线路在线监测装置.png
03:13:25 | INFO    | 
03:13:25 | INFO    | [2/8] 处理 一体化电源系统 (一体化电源系统)...
03:13:25 | INFO    |   [Spearman因子选择] 一体化电源系统: top4=['project_count', 'transformer_bids', 'monthly_bid_count', 'has_batch']
03:13:25 | INFO    |   [特征工程] top4=['project_count', 'transformer_bids', 'monthly_bid_count', 'has_batch'], n_feat=13维, 训练=69月
03:13:25 | DEBUG   |   训练集: 69月, 测试集: 12月
03:13:25 | INFO    |   [3/8] 模型一: CatBoost...
03:13:25 | INFO    |         MSE=4.9007 RMSE=2.2137 MAE=1.5253 R2=0.2080
03:13:25 | INFO    |   [Baseline] NaiveSeasonal: R2=-0.6835
03:13:25 | INFO    |   [Baseline] Persistence: R2=-0.2525
03:13:25 | INFO    |   [Baseline] SARIMA: R2=-0.7632
03:13:25 | INFO    |   [5/8] Conditional-CatBoost...
03:13:26 | INFO    |         MSE=4.6614 RMSE=2.1590 MAE=1.4954 R2=0.2466
03:13:26 | INFO    |   [6/8] N-HiTS...
03:13:26 | WARNING |   [N-HiTS] samples=33<50, skip (小样本不稳定)
03:13:26 | INFO    |   [N-HiTS] 跳过 (未安装或失败)
03:13:26 | INFO    |   [7/8] 两阶段预测...
03:13:27 | INFO    |   [两阶段] Stage1分类准确率=91.67%, 非零训练样本=24
03:13:27 | INFO    |         MSE=4.8106 RMSE=2.1933 MAE=1.5214 R2=0.2225
03:13:27 | INFO    |   [图表] 特征重要性(一体化电源系统) → outputs/figures\特征重要性_一体化电源系统.png
03:13:27 | INFO    | 
03:13:27 | INFO    | [2/8] 处理 变电在线监测装置 (变电在线监测装置)...
03:13:27 | INFO    |   [Spearman因子选择] 变电在线监测装置: top4=['project_count', 'transformer_bids', 'monthly_bid_count', 'has_batch']
03:13:27 | INFO    |   [特征工程] top4=['project_count', 'transformer_bids', 'monthly_bid_count', 'has_batch'], n_feat=13维, 训练=69月
03:13:27 | DEBUG   |   训练集: 69月, 测试集: 12月
03:13:27 | INFO    |   [3/8] 模型一: CatBoost...
03:13:28 | INFO    |         MSE=129.2577 RMSE=11.3692 MAE=6.6998 R2=0.0750
03:13:28 | INFO    |   [Baseline] NaiveSeasonal: R2=-0.3179
03:13:28 | INFO    |   [Baseline] Persistence: R2=-0.2100
03:13:28 | INFO    |   [Baseline] SARIMA: R2=-0.1095
03:13:28 | INFO    |   [5/8] Conditional-CatBoost...
03:13:29 | INFO    |         MSE=127.1208 RMSE=11.2748 MAE=6.6655 R2=0.0903
03:13:29 | INFO    |   [6/8] N-HiTS...
03:13:29 | WARNING |   [N-HiTS] samples=33<50, skip (小样本不稳定)
03:13:29 | INFO    |   [N-HiTS] 跳过 (未安装或失败)
03:13:29 | INFO    |   [7/8] 两阶段预测...
03:13:29 | INFO    |   [两阶段] Stage1分类准确率=33.33%, 非零训练样本=23
03:13:29 | INFO    |         MSE=131.2946 RMSE=11.4584 MAE=6.9396 R2=0.0605
03:13:30 | INFO    |   [图表] 特征重要性(变电在线监测装置) → outputs/figures\特征重要性_变电在线监测装置.png
03:13:30 | INFO    | 
03:13:30 | INFO    | [2/8] 处理 端子箱 (端子箱)...
03:13:30 | INFO    |   [Spearman因子选择] 端子箱: top4=['project_count', 'transformer_bids', 'monthly_bid_count', 'has_batch']
03:13:30 | INFO    |   [特征工程] top4=['project_count', 'transformer_bids', 'monthly_bid_count', 'has_batch'], n_feat=13维, 训练=69月
03:13:30 | DEBUG   |   训练集: 69月, 测试集: 12月
03:13:30 | INFO    |   [3/8] 模型一: CatBoost...
03:13:31 | INFO    |         MSE=9.0792 RMSE=3.0132 MAE=1.4474 R2=0.1045
03:13:31 | INFO    |   [Baseline] NaiveSeasonal: R2=-44.1233
03:13:31 | INFO    |   [Baseline] Persistence: R2=-0.0685
03:13:31 | INFO    |   [Baseline] SARIMA: R2=-93.2558
03:13:31 | INFO    |   [5/8] Conditional-CatBoost...
03:13:32 | INFO    |         MSE=9.0621 RMSE=3.0103 MAE=1.4488 R2=0.1062
03:13:32 | INFO    |   [6/8] N-HiTS...
03:13:32 | WARNING |   [N-HiTS] samples=33<50, skip (小样本不稳定)
03:13:32 | INFO    |   [N-HiTS] 跳过 (未安装或失败)
03:13:32 | INFO    |   [7/8] 两阶段预测...
03:13:33 | INFO    |   [两阶段] Stage1分类准确率=100.00%, 非零训练样本=23
03:13:33 | INFO    |         MSE=9.1090 RMSE=3.0181 MAE=1.3959 R2=0.1016
03:13:33 | INFO    |   [图表] 特征重要性(端子箱) → outputs/figures\特征重要性_端子箱.png
03:13:33 | INFO    | 
03:13:33 | INFO    | [8/8] 汇总评估与可视化...
03:13:33 | INFO    | 
03:13:33 | INFO    | ========================================================================================================================
03:13:33 | INFO    | 评估指标汇总表
03:13:33 | INFO    | ========================================================================================================================
03:13:33 | INFO    | 物资               模型                              MSE         RMSE          MAE          R^2
03:13:33 | INFO    | ------------------------------------------------------------------------------------------------------------------------
03:13:33 | INFO    | 火灾报警系统           CatBoost                    11.4584       3.3850       2.0221      -0.0913
03:13:33 | INFO    |                  NaiveSeasonal               10.1667       3.1885       1.8333       0.0317
03:13:33 | INFO    |                  Persistence                 10.5000       3.2404       2.5000       0.0000
03:13:33 | INFO    |                  SARIMA                       8.7011       2.9498       1.5910       0.1713
03:13:33 | INFO    |                  CondCatBoost                11.4659       3.3861       2.0224      -0.0920
03:13:33 | INFO    |                  TwoStage                    11.5083       3.3924       2.0628      -0.0960
03:13:33 | INFO    | ------------------------------------------------------------------------------------------------------------------------
03:13:33 | INFO    | 线路在线监测装置         CatBoost                193702.8869     440.1169     246.6628      -0.1175
03:13:33 | INFO    |                  NaiveSeasonal           237541.2500     487.3820     264.9167      -0.3704
03:13:33 | INFO    |                  Persistence             233933.1667     483.6664     252.8333      -0.3496
03:13:33 | INFO    |                  SARIMA                  233530.4170     483.2498     263.4724      -0.3473
03:13:33 | INFO    |                  CondCatBoost            193456.3646     439.8367     246.1426      -0.1161
03:13:33 | INFO    |                  TwoStage                197571.0000     444.4896     253.9427      -0.1398
03:13:33 | INFO    | ------------------------------------------------------------------------------------------------------------------------
03:13:33 | INFO    | 一体化电源系统          CatBoost                     4.9007       2.2137       1.5253       0.2080
03:13:33 | INFO    |                  NaiveSeasonal               10.4167       3.2275       2.4167      -0.6835
03:13:33 | INFO    |                  Persistence                  7.7500       2.7839       2.0833      -0.2525
03:13:33 | INFO    |                  SARIMA                      10.9097       3.3030       2.5616      -0.7632
03:13:33 | INFO    |                  CondCatBoost                 4.6614       2.1590       1.4954       0.2466
03:13:33 | INFO    |                  TwoStage                     4.8106       2.1933       1.5214       0.2225
03:13:33 | INFO    | ------------------------------------------------------------------------------------------------------------------------
03:13:33 | INFO    | 变电在线监测装置         CatBoost                   129.2577      11.3692       6.6998       0.0750
03:13:33 | INFO    |                  NaiveSeasonal              184.1667      13.5708       8.6667      -0.3179
03:13:33 | INFO    |                  Persistence                169.0833      13.0032       6.2500      -0.2100
03:13:33 | INFO    |                  SARIMA                     155.0440      12.4517       7.8086      -0.1095
03:13:33 | INFO    |                  CondCatBoost               127.1208      11.2748       6.6655       0.0903
03:13:33 | INFO    |                  TwoStage                   131.2946      11.4584       6.9396       0.0605
03:13:33 | INFO    | ------------------------------------------------------------------------------------------------------------------------
03:13:33 | INFO    | 端子箱              CatBoost                     9.0792       3.0132       1.4474       0.1045
03:13:33 | INFO    |                  NaiveSeasonal              457.5000      21.3892       8.0000     -44.1233
03:13:33 | INFO    |                  Persistence                 10.8333       3.2914       1.6667      -0.0685
03:13:33 | INFO    |                  SARIMA                     955.6488      30.9136      12.1893     -93.2558
03:13:33 | INFO    |                  CondCatBoost                 9.0621       3.0103       1.4488       0.1062
03:13:33 | INFO    |                  TwoStage                     9.1090       3.0181       1.3959       0.1016
03:13:33 | INFO    | ------------------------------------------------------------------------------------------------------------------------
03:13:33 | INFO    | 
03:13:34 | INFO    |   [图表] 预测对比图(火灾报警系统) → outputs/figures\预测对比_火灾报警系统.png
03:13:34 | INFO    |   [图表] 预测对比图(线路在线监测装置) → outputs/figures\预测对比_线路在线监测装置.png
03:13:34 | INFO    |   [图表] 预测对比图(一体化电源系统) → outputs/figures\预测对比_一体化电源系统.png
03:13:35 | INFO    |   [图表] 预测对比图(变电在线监测装置) → outputs/figures\预测对比_变电在线监测装置.png
03:13:35 | INFO    |   [图表] 预测对比图(端子箱) → outputs/figures\预测对比_端子箱.png
03:13:36 | INFO    |   [图表] 指标对比图 → outputs/figures\指标对比图.png
03:13:36 | INFO    | 
03:13:36 | INFO    | ======================================================================
03:13:36 | INFO    |   模型性能排序 (按R^2)
03:13:36 | INFO    | ======================================================================
03:13:36 | INFO    |   火灾报警系统: [1st] SARIMA (R^2=0.1713)  [2nd] NaiveSeasonal (R^2=0.0317)  [3rd] Persistence (R^2=0.0000)
03:13:36 | INFO    |   线路在线监测装置: [1st] CondCatBoost (R^2=-0.1161)  [2nd] CatBoost (R^2=-0.1175)  [3rd] TwoStage (R^2=-0.1398)
03:13:36 | INFO    |   一体化电源系统: [1st] CondCatBoost (R^2=0.2466)  [2nd] TwoStage (R^2=0.2225)  [3rd] CatBoost (R^2=0.2080)
03:13:36 | INFO    |   变电在线监测装置: [1st] CondCatBoost (R^2=0.0903)  [2nd] CatBoost (R^2=0.0750)  [3rd] TwoStage (R^2=0.0605)
03:13:36 | INFO    |   端子箱: [1st] CondCatBoost (R^2=0.1062)  [2nd] CatBoost (R^2=0.1045)  [3rd] TwoStage (R^2=0.1016)
03:13:36 | INFO    | 
03:13:36 | INFO    | 所有图表已保存至: C:\Users\董文涛\PycharmProjects\vmd-catboost\outputs\figures/
03:13:36 | INFO    | 日志文件: C:\Users\董文涛\PycharmProjects\vmd-catboost\outputs\logs\main_20260708_031319.log
03:13:36 | INFO    | 完成!
