03:28:13 | INFO    | ======================================================================
03:28:13 | INFO    |   配电网物资需求预测 —— VMD-CatBoost 模型对比实验
03:28:13 | INFO    |   物资: Top5采购频率最高 (从ECP数据自动选择)
03:28:13 | INFO    |   因子: 批次事件特征 + 项目数量 + 自回归滞后
03:28:13 | INFO    |   模型: CatBoost / Conditional-CatBoost / N-HiTS / TwoStage + NaiveSeasonal/Persistence/SARIMA
03:28:13 | INFO    | ======================================================================
03:28:13 | INFO    |   日志文件: outputs/logs\main_20260708_032813.log
03:28:13 | INFO    | [1/8] 加载数据...
03:28:13 | INFO    | 读取已有数据文件: inputs\data.xlsx
03:28:13 | INFO    |   Sheet[交流避雷器]: 81 条, demand范围=[0.00, 7580.00]
03:28:13 | INFO    |   Sheet[电容式电压互感器]: 81 条, demand范围=[0.00, 426.00]
03:28:13 | INFO    |   Sheet[交流支柱绝缘子]: 81 条, demand范围=[0.00, 4888.00]
03:28:13 | INFO    |   Sheet[断路器保护]: 81 条, demand范围=[0.00, 173.00]
03:28:13 | INFO    |   Sheet[电抗器保护]: 81 条, demand范围=[0.00, 67.00]
03:28:13 | INFO    |   物资: ['交流避雷器', '电容式电压互感器', '交流支柱绝缘子', '断路器保护', '电抗器保护']
03:28:14 | INFO    |   [图表] 需求量曲线 → outputs/figures\需求量曲线.png
03:28:14 | INFO    | 
03:28:14 | INFO    | [2/8] 处理 交流避雷器 (交流避雷器)...
03:28:14 | INFO    |   [Spearman因子选择] 交流避雷器: top4=['project_count', 'transformer_bids', 'monthly_bid_count', 'uhv_bids']
03:28:14 | INFO    |   [特征工程] top4=['project_count', 'transformer_bids', 'monthly_bid_count', 'uhv_bids'], n_feat=13维, 训练=69月
03:28:14 | DEBUG   |   训练集: 69月, 测试集: 12月
03:28:14 | INFO    |   [3/8] 模型一: CatBoost...
03:28:15 | INFO    |         MSE=1786518.4839 RMSE=1336.6071 MAE=1005.7992 R2=0.5821
03:28:15 | INFO    |   [Baseline] NaiveSeasonal: R2=0.0963
03:28:15 | INFO    |   [Baseline] Persistence: R2=-0.4689
03:28:15 | INFO    |   [Baseline] SARIMA: R2=0.2789
03:28:15 | INFO    |   [5/8] Conditional-CatBoost...
03:28:16 | INFO    |         MSE=1978230.8263 RMSE=1406.4959 MAE=1042.7295 R2=0.5373
03:28:16 | INFO    |   [6/8] N-HiTS...
03:28:16 | WARNING |   [N-HiTS] samples=33<50, skip (小样本不稳定)
03:28:16 | INFO    |   [N-HiTS] 跳过 (未安装或失败)
03:28:16 | INFO    |   [基线] Croston-SBA: R2=-0.0304 sMAPE=114.2
03:28:19 | INFO    |   [对比] LightGBM: R2=0.0403
03:28:19 | INFO    |   [7/8] 两阶段预测...
03:28:20 | INFO    |   [两阶段] Stage1分类准确率=83.33%, 非零训练样本=42
03:28:20 | INFO    |         MSE=1891835.4287 RMSE=1375.4401 MAE=1061.5215 R2=0.5575
03:28:20 | INFO    |   [图表] 特征重要性(交流避雷器) → outputs/figures\特征重要性_交流避雷器.png
03:28:20 | INFO    | 
03:28:20 | INFO    | [2/8] 处理 电容式电压互感器 (电容式电压互感器)...
03:28:20 | INFO    |   [Spearman因子选择] 电容式电压互感器: top4=['project_count', 'monthly_bid_count', 'transformer_bids', 'uhv_bids']
03:28:20 | INFO    |   [特征工程] top4=['project_count', 'monthly_bid_count', 'transformer_bids', 'uhv_bids'], n_feat=13维, 训练=69月
03:28:20 | DEBUG   |   训练集: 69月, 测试集: 12月
03:28:20 | INFO    |   [3/8] 模型一: CatBoost...
03:28:20 | INFO    |         MSE=7156.2680 RMSE=84.5947 MAE=69.5285 R2=0.3636
03:28:20 | INFO    |   [Baseline] NaiveSeasonal: R2=-1.7481
03:28:20 | INFO    |   [Baseline] Persistence: R2=-2.4236
03:28:21 | INFO    |   [Baseline] SARIMA: R2=-0.5009
03:28:21 | INFO    |   [5/8] Conditional-CatBoost...
03:28:21 | INFO    |         MSE=7876.6793 RMSE=88.7507 MAE=73.2689 R2=0.2995
03:28:21 | INFO    |   [6/8] N-HiTS...
03:28:21 | WARNING |   [N-HiTS] samples=33<50, skip (小样本不稳定)
03:28:21 | INFO    |   [N-HiTS] 跳过 (未安装或失败)
03:28:21 | INFO    |   [基线] Croston-SBA: R2=-0.4015 sMAPE=86.2
03:28:22 | INFO    |   [对比] LightGBM: R2=0.1860
03:28:22 | INFO    |   [7/8] 两阶段预测...
03:28:22 | INFO    |   [两阶段] Stage1分类准确率=83.33%, 非零训练样本=42
03:28:22 | INFO    |         MSE=7504.4649 RMSE=86.6283 MAE=71.7663 R2=0.3326
03:28:23 | INFO    |   [图表] 特征重要性(电容式电压互感器) → outputs/figures\特征重要性_电容式电压互感器.png
03:28:23 | INFO    | 
03:28:23 | INFO    | [2/8] 处理 交流支柱绝缘子 (交流支柱绝缘子)...
03:28:23 | INFO    |   [Spearman因子选择] 交流支柱绝缘子: top4=['project_count', 'transformer_bids', 'monthly_bid_count', 'uhv_bids']
03:28:23 | INFO    |   [特征工程] top4=['project_count', 'transformer_bids', 'monthly_bid_count', 'uhv_bids'], n_feat=13维, 训练=69月
03:28:23 | DEBUG   |   训练集: 69月, 测试集: 12月
03:28:23 | INFO    |   [3/8] 模型一: CatBoost...
03:28:23 | INFO    |         MSE=1117023.2642 RMSE=1056.8932 MAE=792.4929 R2=0.1529
03:28:23 | INFO    |   [Baseline] NaiveSeasonal: R2=-1.2457
03:28:23 | INFO    |   [Baseline] Persistence: R2=-0.4130
03:28:23 | INFO    |   [Baseline] SARIMA: R2=-0.3865
03:28:23 | INFO    |   [5/8] Conditional-CatBoost...
03:28:24 | INFO    |         MSE=1118546.8221 RMSE=1057.6137 MAE=792.4435 R2=0.1518
03:28:24 | INFO    |   [6/8] N-HiTS...
03:28:24 | WARNING |   [N-HiTS] samples=33<50, skip (小样本不稳定)
03:28:24 | INFO    |   [N-HiTS] 跳过 (未安装或失败)
03:28:24 | INFO    |   [基线] Croston-SBA: R2=-0.0827 sMAPE=116.1
03:28:24 | INFO    |   [对比] LightGBM: R2=0.1489
03:28:24 | INFO    |   [7/8] 两阶段预测...
03:28:25 | INFO    |   [两阶段] Stage1分类准确率=83.33%, 非零训练样本=42
03:28:25 | INFO    |         MSE=1115307.9837 RMSE=1056.0814 MAE=802.3057 R2=0.1542
03:28:25 | INFO    |   [图表] 特征重要性(交流支柱绝缘子) → outputs/figures\特征重要性_交流支柱绝缘子.png
03:28:25 | INFO    | 
03:28:25 | INFO    | [2/8] 处理 断路器保护 (断路器保护)...
03:28:25 | INFO    |   [Spearman因子选择] 断路器保护: top4=['project_count', 'monthly_bid_count', 'uhv_bids', 'transformer_bids']
03:28:25 | INFO    |   [特征工程] top4=['project_count', 'monthly_bid_count', 'uhv_bids', 'transformer_bids'], n_feat=13维, 训练=69月
03:28:25 | DEBUG   |   训练集: 69月, 测试集: 12月
03:28:25 | INFO    |   [3/8] 模型一: CatBoost...
03:28:26 | INFO    |         MSE=377.4989 RMSE=19.4293 MAE=15.2919 R2=0.3135
03:28:26 | INFO    |   [Baseline] NaiveSeasonal: R2=-0.5356
03:28:26 | INFO    |   [Baseline] Persistence: R2=-4.2483
03:28:26 | INFO    |   [Baseline] SARIMA: R2=-0.5684
03:28:26 | INFO    |   [5/8] Conditional-CatBoost...
03:28:26 | INFO    |         MSE=392.5417 RMSE=19.8127 MAE=15.4221 R2=0.2861
03:28:26 | INFO    |   [6/8] N-HiTS...
03:28:26 | WARNING |   [N-HiTS] samples=33<50, skip (小样本不稳定)
03:28:26 | INFO    |   [N-HiTS] 跳过 (未安装或失败)
03:28:26 | INFO    |   [基线] Croston-SBA: R2=-0.0426 sMAPE=118.8
03:28:27 | INFO    |   [对比] LightGBM: R2=-0.0559
03:28:27 | INFO    |   [7/8] 两阶段预测...
03:28:27 | INFO    |   [两阶段] Stage1分类准确率=83.33%, 非零训练样本=41
03:28:27 | INFO    |         MSE=357.5034 RMSE=18.9078 MAE=15.1614 R2=0.3499
03:28:28 | INFO    |   [图表] 特征重要性(断路器保护) → outputs/figures\特征重要性_断路器保护.png
03:28:28 | INFO    | 
03:28:28 | INFO    | [2/8] 处理 电抗器保护 (电抗器保护)...
03:28:28 | INFO    |   [Spearman因子选择] 电抗器保护: top4=['project_count', 'monthly_bid_count', 'uhv_bids', 'transformer_bids']
03:28:28 | INFO    |   [特征工程] top4=['project_count', 'monthly_bid_count', 'uhv_bids', 'transformer_bids'], n_feat=13维, 训练=69月
03:28:28 | DEBUG   |   训练集: 69月, 测试集: 12月
03:28:28 | INFO    |   [3/8] 模型一: CatBoost...
03:28:28 | INFO    |         MSE=44.8277 RMSE=6.6954 MAE=5.0733 R2=0.3563
03:28:28 | INFO    |   [Baseline] NaiveSeasonal: R2=-2.5457
03:28:28 | INFO    |   [Baseline] Persistence: R2=-0.0483
03:28:28 | INFO    |   [Baseline] SARIMA: R2=-3.2378
03:28:28 | INFO    |   [5/8] Conditional-CatBoost...
03:28:29 | INFO    |         MSE=35.6836 RMSE=5.9736 MAE=4.8643 R2=0.4876
03:28:29 | INFO    |   [6/8] N-HiTS...
03:28:29 | WARNING |   [N-HiTS] samples=33<50, skip (小样本不稳定)
03:28:29 | INFO    |   [N-HiTS] 跳过 (未安装或失败)
03:28:29 | INFO    |   [基线] Croston-SBA: R2=-0.2051 sMAPE=85.6
03:28:29 | INFO    |   [对比] LightGBM: R2=0.0855
03:28:29 | INFO    |   [7/8] 两阶段预测...
03:28:30 | INFO    |   [两阶段] Stage1分类准确率=100.00%, 非零训练样本=41
03:28:30 | INFO    |         MSE=43.1723 RMSE=6.5706 MAE=4.6949 R2=0.3801
03:28:30 | INFO    |   [图表] 特征重要性(电抗器保护) → outputs/figures\特征重要性_电抗器保护.png
03:28:30 | INFO    | 
03:28:30 | INFO    | [8/8] 汇总评估与可视化...
03:28:30 | INFO    | 
03:28:30 | INFO    | ========================================================================================================================
03:28:30 | INFO    | 评估指标汇总表
03:28:30 | INFO    | ========================================================================================================================
03:28:30 | INFO    | 物资               模型                        MSE       RMSE    sMAPE     MASE       R2
03:28:30 | INFO    | ----------------------------------------------------------------------------------------------------------------------------------
03:28:30 | INFO    | 交流避雷器            CatBoost           1786518.48    1336.61   107.8%   0.443   0.582
03:28:30 | INFO    |                  NaiveSeasonal      3863131.42    1965.48   144.4%   0.586   0.096
03:28:30 | INFO    |                  Persistence        6279299.58    2505.85   170.8%   0.629  -0.469
03:28:30 | INFO    |                  SARIMA             3082744.73    1755.77   127.3%   0.598   0.279
03:28:30 | INFO    |                  Croston-SBA        4405092.61    2098.83   114.2%   0.602  -0.030
03:28:30 | INFO    |                  CondCatBoost       1978230.83    1406.50   107.8%   0.459   0.537
03:28:30 | INFO    |                  LightGBM           4102864.92    2025.55   115.2%   0.593   0.040
03:28:30 | INFO    |                  TwoStage           1891835.43    1375.44   109.2%   0.467   0.557
03:28:30 | INFO    | ----------------------------------------------------------------------------------------------------------------------------------
03:28:30 | INFO    | 电容式电压互感器         CatBoost              7156.27      84.59    63.4%   0.638   0.364
03:28:30 | INFO    |                  NaiveSeasonal        30901.17     175.79   128.8%   1.335  -1.748
03:28:30 | INFO    |                  Persistence          38497.25     196.21   179.0%   1.551  -2.424
03:28:30 | INFO    |                  SARIMA               16876.73     129.91    85.9%   0.997  -0.501
03:28:30 | INFO    |                  Croston-SBA          15759.01     125.53    86.2%   1.015  -0.402
03:28:30 | INFO    |                  CondCatBoost          7876.68      88.75    65.2%   0.672   0.299
03:28:30 | INFO    |                  LightGBM              9153.12      95.67    66.9%   0.714   0.186
03:28:30 | INFO    |                  TwoStage              7504.46      86.63    63.4%   0.658   0.333
03:28:30 | INFO    | ----------------------------------------------------------------------------------------------------------------------------------
03:28:30 | INFO    | 交流支柱绝缘子          CatBoost           1117023.26    1056.89   107.3%   0.545   0.153
03:28:30 | INFO    |                  NaiveSeasonal      2961393.50    1720.87   124.7%   0.916  -1.246
03:28:30 | INFO    |                  Persistence        1863355.50    1365.05   137.6%   0.764  -0.413
03:28:30 | INFO    |                  SARIMA             1828421.85    1352.19   112.5%   0.774  -0.387
03:28:30 | INFO    |                  Croston-SBA        1427735.88    1194.88   116.1%   0.717  -0.083
03:28:30 | INFO    |                  CondCatBoost       1118546.82    1057.61   107.3%   0.545   0.152
03:28:30 | INFO    |                  LightGBM           1122293.15    1059.38   107.4%   0.546   0.149
03:28:30 | INFO    |                  TwoStage           1115307.98    1056.08   106.9%   0.552   0.154
03:28:30 | INFO    | ----------------------------------------------------------------------------------------------------------------------------------
03:28:30 | INFO    | 断路器保护            CatBoost               377.50      19.43   111.6%   0.621   0.314
03:28:30 | INFO    |                  NaiveSeasonal          844.42      29.06   124.4%   0.822  -0.536
03:28:30 | INFO    |                  Persistence           2886.00      53.72   144.8%   2.084  -4.248
03:28:30 | INFO    |                  SARIMA                 862.47      29.37   131.2%   1.118  -0.568
03:28:30 | INFO    |                  Croston-SBA            573.30      23.94   118.8%   0.792  -0.043
03:28:30 | INFO    |                  CondCatBoost           392.54      19.81   111.6%   0.626   0.286
03:28:30 | INFO    |                  LightGBM               580.64      24.10   124.0%   0.766  -0.056
03:28:30 | INFO    |                  TwoStage               357.50      18.91   111.6%   0.615   0.350
03:28:30 | INFO    | ----------------------------------------------------------------------------------------------------------------------------------
03:28:30 | INFO    | 电抗器保护            CatBoost                44.83       6.70    78.1%   0.570   0.356
03:28:30 | INFO    |                  NaiveSeasonal          246.92      15.71   126.2%   1.468  -2.546
03:28:30 | INFO    |                  Persistence             73.00       8.54    91.7%   0.767  -0.048
03:28:30 | INFO    |                  SARIMA                 295.11      17.18   102.6%   1.692  -3.238
03:28:30 | INFO    |                  Croston-SBA             83.92       9.16    85.6%   0.865  -0.205
03:28:30 | INFO    |                  CondCatBoost            35.68       5.97    78.5%   0.546   0.488
03:28:30 | INFO    |                  LightGBM                63.69       7.98    87.5%   0.707   0.086
03:28:30 | INFO    |                  TwoStage                43.17       6.57    76.0%   0.527   0.380
03:28:30 | INFO    | ----------------------------------------------------------------------------------------------------------------------------------
03:28:30 | INFO    | 
03:28:31 | INFO    |   [图表] 预测对比图(交流避雷器) → outputs/figures\预测对比_交流避雷器.png
03:28:31 | INFO    |   [图表] 预测对比图(电容式电压互感器) → outputs/figures\预测对比_电容式电压互感器.png
03:28:31 | INFO    |   [图表] 预测对比图(交流支柱绝缘子) → outputs/figures\预测对比_交流支柱绝缘子.png
03:28:32 | INFO    |   [图表] 预测对比图(断路器保护) → outputs/figures\预测对比_断路器保护.png
03:28:32 | INFO    |   [图表] 预测对比图(电抗器保护) → outputs/figures\预测对比_电抗器保护.png
03:28:33 | INFO    |   [图表] 指标对比图 → outputs/figures\指标对比图.png
03:28:33 | INFO    | 
03:28:33 | INFO    | ======================================================================
03:28:33 | INFO    |   模型性能排序 (按R^2)
03:28:33 | INFO    | ======================================================================
03:28:33 | INFO    |   交流避雷器: [1st] CatBoost (R^2=0.5821)  [2nd] TwoStage (R^2=0.5575)  [3rd] CondCatBoost (R^2=0.5373)
03:28:33 | INFO    |   电容式电压互感器: [1st] CatBoost (R^2=0.3636)  [2nd] TwoStage (R^2=0.3326)  [3rd] CondCatBoost (R^2=0.2995)
03:28:33 | INFO    |   交流支柱绝缘子: [1st] TwoStage (R^2=0.1542)  [2nd] CatBoost (R^2=0.1529)  [3rd] CondCatBoost (R^2=0.1518)
03:28:33 | INFO    |   断路器保护: [1st] TwoStage (R^2=0.3499)  [2nd] CatBoost (R^2=0.3135)  [3rd] CondCatBoost (R^2=0.2861)
03:28:33 | INFO    |   电抗器保护: [1st] CondCatBoost (R^2=0.4876)  [2nd] TwoStage (R^2=0.3801)  [3rd] CatBoost (R^2=0.3563)
03:28:33 | INFO    | 
03:28:33 | INFO    | 所有图表已保存至: C:\Users\董文涛\PycharmProjects\vmd-catboost\outputs\figures/
03:28:33 | INFO    | 日志文件: C:\Users\董文涛\PycharmProjects\vmd-catboost\outputs\logs\main_20260708_032813.log
03:28:33 | INFO    | 完成!
