01:56:15 | INFO    | ======================================================================
01:56:15 | INFO    |   配电网物资需求预测 —— VMD-CatBoost 模型对比实验
01:56:15 | INFO    |   物资: Top5采购频率最高 (从ECP数据自动选择)
01:56:15 | INFO    |   因子: 批次事件特征 + 项目数量 + 自回归滞后
01:56:15 | INFO    |   模型: CatBoost / Conditional-CatBoost / N-HiTS / TwoStage + NaiveSeasonal/Persistence/SARIMA
01:56:15 | INFO    | ======================================================================
01:56:15 | INFO    |   日志文件: outputs/logs\main_20260708_015615.log
01:56:15 | INFO    | [1/8] 加载数据...
01:56:15 | INFO    | 读取已有数据文件: inputs\data.xlsx
01:56:15 | INFO    |   Sheet[交流避雷器]: 81 条, demand范围=[0.00, 7580.00]
01:56:15 | INFO    |   Sheet[电容式电压互感器]: 81 条, demand范围=[0.00, 426.00]
01:56:15 | INFO    |   Sheet[交流支柱绝缘子]: 81 条, demand范围=[0.00, 4888.00]
01:56:15 | INFO    |   Sheet[断路器保护]: 81 条, demand范围=[0.00, 173.00]
01:56:15 | INFO    |   Sheet[电抗器保护]: 81 条, demand范围=[0.00, 67.00]
01:56:15 | INFO    |   物资: ['交流避雷器', '电容式电压互感器', '交流支柱绝缘子', '断路器保护', '电抗器保护']
01:56:16 | INFO    |   [图表] 需求量曲线 → outputs/figures\需求量曲线.png
01:56:16 | INFO    | 
01:56:16 | INFO    | [2/8] 处理 交流避雷器 (交流避雷器)...
01:56:16 | INFO    |   Top-4 影响因子: ['project_count', 'transformer_bids', 'monthly_bid_count', 'uhv_bids']
01:56:16 | INFO    |   [特征工程] top4=['project_count', 'transformer_bids', 'monthly_bid_count', 'uhv_bids'], n_feat=9维, 训练=69月
01:56:16 | DEBUG   |   训练集: 69月, 测试集: 12月
01:56:16 | INFO    |   [3/8] 模型一: CatBoost...
01:56:16 | INFO    |   [CatBoost基线] iterations=1500, lr=0.02, depth=6, l2=3, loss=RMSE
01:56:17 | INFO    |         MSE=3085385.0607 RMSE=1756.5264 MAE=1004.1085 R2=0.2783
01:56:17 | INFO    |   [Baseline] NaiveSeasonal: R2=0.0963
01:56:17 | INFO    |   [Baseline] Persistence: R2=-0.4689
01:56:17 | INFO    |   [Baseline] SARIMA: R2=0.2789
01:56:17 | INFO    |   [5/8] Conditional-CatBoost...
