03:57:02 | INFO    | ======================================================================
03:57:02 | INFO    |   配电网物资需求预测 —— VMD-CatBoost 模型对比实验
03:57:02 | INFO    |   物资: Top5采购频率最高 (从ECP数据自动选择)
03:57:02 | INFO    |   因子: 批次事件特征 + 项目数量 + 自回归滞后
03:57:02 | INFO    |   模型: CatBoost / Conditional-CatBoost / N-HiTS / TwoStage + NaiveSeasonal/Persistence/SARIMA
03:57:02 | INFO    | ======================================================================
03:57:02 | INFO    |   日志文件: outputs/logs\main_20260708_035702.log
03:57:02 | INFO    | [1/8] 加载数据...
03:57:02 | INFO    | 读取已有数据文件: inputs\data.xlsx
03:57:02 | INFO    |   Sheet[交流避雷器]: 81 条, demand范围=[0.00, 7580.00]
03:57:02 | INFO    |   Sheet[电容式电压互感器]: 81 条, demand范围=[0.00, 426.00]
03:57:02 | INFO    |   Sheet[交流支柱绝缘子]: 81 条, demand范围=[0.00, 4888.00]
03:57:02 | INFO    |   Sheet[断路器保护]: 81 条, demand范围=[0.00, 173.00]
03:57:02 | INFO    |   Sheet[电抗器保护]: 81 条, demand范围=[0.00, 67.00]
03:57:02 | INFO    |   物资: ['交流避雷器', '电容式电压互感器', '交流支柱绝缘子', '断路器保护', '电抗器保护']
03:57:03 | INFO    |   [图表] 需求量曲线 → outputs/figures\需求量曲线.png
03:57:03 | INFO    | 
03:57:03 | INFO    | [2/8] 处理 交流避雷器 (交流避雷器)...
03:57:03 | INFO    |   [Spearman因子选择] 交流避雷器: top4=['project_count', 'transformer_bids', 'monthly_bid_count', 'uhv_bids']
03:57:03 | INFO    |   [特征工程] top4=['project_count', 'transformer_bids', 'monthly_bid_count', 'uhv_bids'], n_feat=13维, 训练=69月
03:57:03 | DEBUG   |   训练集: 69月, 测试集: 12月
03:57:03 | INFO    |   [3/8] 模型一: CatBoost...
03:57:03 | INFO    |         MSE=3870237.9946 RMSE=1967.2920 MAE=1123.5349 R2=0.0947
03:57:03 | INFO    |   [Baseline] NaiveSeasonal: R2=0.0963
03:57:03 | INFO    |   [Baseline] NaiveMean: R2=-0.0810
03:57:03 | INFO    |   [Baseline] TSB: R2=-0.0063
03:57:03 | INFO    |   [Baseline] Persistence: R2=-0.4689
03:57:04 | INFO    |   [Baseline] SARIMA: R2=0.2789
03:57:04 | INFO    |   [5/8] Conditional-CatBoost...
03:57:04 | INFO    |   [5/8] CatBoost-2S...
03:57:04 | INFO    |   [5/8] CatBoost-2S: R2=0.1471
03:57:04 | INFO    |   [6/8] Conditional-CatBoost...
03:57:05 | INFO    |         MSE=3655087.1863 RMSE=1911.8282 MAE=1142.3082 R2=0.1450
03:57:05 | INFO    |   [6/8] N-HiTS...
03:57:05 | WARNING |   [N-HiTS] samples=33<50, skip (小样本不稳定)
03:57:05 | INFO    |   [N-HiTS] 跳过 (未安装或失败)
03:57:05 | INFO    |   [基线] Croston-SBA: R2=-0.0304 sMAPE=114.2
