04:10:18 | INFO    | ======================================================================
04:10:18 | INFO    |   配电网物资需求预测 —— VMD-CatBoost 模型对比实验
04:10:18 | INFO    |   物资: Top5采购频率最高 (从ECP数据自动选择)
04:10:18 | INFO    |   因子: 批次事件特征 + 项目数量 + 自回归滞后
04:10:18 | INFO    |   模型: CatBoost / Conditional-CatBoost / N-HiTS / TwoStage + NaiveSeasonal/Persistence/SARIMA
04:10:18 | INFO    | ======================================================================
04:10:18 | INFO    |   日志文件: outputs/logs\main_20260708_041018.log
04:10:18 | INFO    | [1/8] 加载数据...
04:10:18 | INFO    | 读取已有数据文件: inputs\data.xlsx
04:10:18 | INFO    |   Sheet[交流避雷器]: 81 条, demand范围=[0.00, 7580.00]
04:10:18 | INFO    |   Sheet[电容式电压互感器]: 81 条, demand范围=[0.00, 426.00]
04:10:18 | INFO    |   Sheet[交流支柱绝缘子]: 81 条, demand范围=[0.00, 4888.00]
04:10:18 | INFO    |   Sheet[断路器保护]: 81 条, demand范围=[0.00, 173.00]
04:10:18 | INFO    |   Sheet[电抗器保护]: 81 条, demand范围=[0.00, 67.00]
04:10:18 | INFO    |   物资: ['交流避雷器', '电容式电压互感器', '交流支柱绝缘子', '断路器保护', '电抗器保护']
04:10:19 | INFO    |   [图表] 需求量曲线 → outputs/figures\需求量曲线.png
04:10:19 | INFO    | 
04:10:19 | INFO    | [2/8] 处理 交流避雷器 (交流避雷器)...
04:10:19 | INFO    |   [Spearman因子选择] 交流避雷器: top4=['project_count', 'transformer_bids', 'monthly_bid_count', 'uhv_bids']
04:10:19 | INFO    |   [特征工程] top4=['project_count', 'transformer_bids', 'monthly_bid_count', 'uhv_bids'], n_feat=13维, 训练=69月
04:10:19 | DEBUG   |   训练集: 69月, 测试集: 12月
04:10:19 | INFO    |   [3/8] 模型一: CatBoost...
04:10:19 | INFO    |         MSE=3870237.9946 RMSE=1967.2920 MAE=1123.5349 R2=0.0947
04:10:19 | INFO    |   [Baseline] NaiveSeasonal: R2=0.0963
04:10:19 | INFO    |   [Baseline] NaiveMean: R2=-0.0810
04:10:19 | INFO    |   [Baseline] TSB: R2=-0.0063
04:10:19 | INFO    |   [Baseline] Persistence: R2=-0.4689
04:10:19 | INFO    |   [Baseline] SARIMA: R2=0.2789
04:10:19 | INFO    |   [5/8] Conditional-CatBoost...
04:10:19 | INFO    |   [5/8] CatBoost-2S...
04:10:20 | INFO    |   [5/8] CatBoost-2S: R2=0.5953
04:10:20 | INFO    |   [6/8] Conditional-CatBoost...
04:10:21 | INFO    |         MSE=1988775.2773 RMSE=1410.2394 MAE=1035.8938 R2=0.5348
04:10:21 | INFO    |   [6/8] N-HiTS...
04:10:21 | WARNING |   [N-HiTS] samples=33<50, skip (小样本不稳定)
04:10:21 | INFO    |   [N-HiTS] 跳过 (未安装或失败)
04:10:21 | INFO    |   [基线] Croston-SBA: R2=-0.0304 sMAPE=114.2
04:10:23 | INFO    |   [对比] LightGBM: R2=0.0433
04:10:23 | INFO    |   [7/8] 两阶段预测...
04:10:24 | INFO    |   [两阶段] Stage1分类准确率=83.33%, 非零训练样本=42
04:10:24 | INFO    |         MSE=1873698.4620 RMSE=1368.8311 MAE=1059.2897 R2=0.5617
