02:49:48 | INFO    | ======================================================================
02:49:48 | INFO    |   配电网物资需求预测 —— VMD-CatBoost 模型对比实验
02:49:48 | INFO    |   物资: Top5采购频率最高 (从ECP数据自动选择)
02:49:48 | INFO    |   因子: 批次事件特征 + 项目数量 + 自回归滞后
02:49:48 | INFO    |   模型: CatBoost / Conditional-CatBoost / N-HiTS / TwoStage + NaiveSeasonal/Persistence/SARIMA
02:49:48 | INFO    | ======================================================================
02:49:48 | INFO    |   日志文件: outputs/logs\main_20260708_024948.log
02:49:48 | INFO    | [1/8] 加载数据...
02:49:48 | INFO    | 读取已有数据文件: inputs\data.xlsx
02:49:48 | INFO    |   Sheet[交流避雷器]: 81 条, demand范围=[0.00, 7580.00]
02:49:48 | INFO    |   Sheet[电容式电压互感器]: 81 条, demand范围=[0.00, 426.00]
02:49:48 | INFO    |   Sheet[交流支柱绝缘子]: 81 条, demand范围=[0.00, 4888.00]
02:49:48 | INFO    |   Sheet[断路器保护]: 81 条, demand范围=[0.00, 173.00]
02:49:48 | INFO    |   Sheet[电抗器保护]: 81 条, demand范围=[0.00, 67.00]
02:49:48 | INFO    |   物资: ['交流避雷器', '电容式电压互感器', '交流支柱绝缘子', '断路器保护', '电抗器保护']
02:49:49 | INFO    |   [图表] 需求量曲线 → outputs/figures\需求量曲线.png
02:49:49 | INFO    | 
02:49:49 | INFO    | [2/8] 处理 交流避雷器 (交流避雷器)...
02:49:49 | INFO    |   [Spearman因子选择] 交流避雷器: top4=['project_count', 'transformer_bids', 'monthly_bid_count', 'uhv_bids']
02:49:49 | INFO    |   [特征工程] top4=['project_count', 'transformer_bids', 'monthly_bid_count', 'uhv_bids'], n_feat=13维, 训练=69月
02:49:49 | DEBUG   |   训练集: 69月, 测试集: 12月
02:49:49 | INFO    |   [3/8] 模型一: CatBoost...
02:49:49 | INFO    |   [CatBoost基线] iterations=1500, lr=0.02, depth=6, l2=3, loss=RMSE
02:49:50 | INFO    |         MSE=3072544.0097 RMSE=1752.8674 MAE=1062.5149 R2=0.2813
02:49:50 | INFO    |   [Baseline] NaiveSeasonal: R2=0.0963
02:49:50 | INFO    |   [Baseline] Persistence: R2=-0.4689
02:49:50 | INFO    |   [Baseline] SARIMA: R2=0.2789
02:49:50 | INFO    |   [5/8] Conditional-CatBoost...
02:49:52 | INFO    |         MSE=3235878.5319 RMSE=1798.8548 MAE=1092.0077 R2=0.2431
02:49:52 | INFO    |   [6/8] N-HiTS...
02:49:52 | WARNING |   [N-HiTS] samples=33<50, skip (小样本不稳定)
02:49:52 | INFO    |   [N-HiTS] 跳过 (未安装或失败)
02:49:52 | INFO    |   [7/8] 两阶段预测...
02:49:53 | INFO    |   [两阶段] Stage1分类准确率=91.67%, 非零训练样本=42
02:49:53 | INFO    |         MSE=1608186.7676 RMSE=1268.1430 MAE=919.8579 R2=0.6238
02:49:53 | INFO    |   [图表] 特征重要性(交流避雷器) → outputs/figures\特征重要性_交流避雷器.png
02:49:53 | INFO    | 
02:49:53 | INFO    | [2/8] 处理 电容式电压互感器 (电容式电压互感器)...
02:49:53 | INFO    |   [Spearman因子选择] 电容式电压互感器: top4=['project_count', 'monthly_bid_count', 'transformer_bids', 'uhv_bids']
02:49:53 | INFO    |   [特征工程] top4=['project_count', 'monthly_bid_count', 'transformer_bids', 'uhv_bids'], n_feat=13维, 训练=69月
02:49:53 | DEBUG   |   训练集: 69月, 测试集: 12月
02:49:53 | INFO    |   [3/8] 模型一: CatBoost...
02:49:53 | INFO    |   [CatBoost基线] iterations=1500, lr=0.02, depth=6, l2=3, loss=RMSE
02:49:53 | INFO    |         MSE=6890.7900 RMSE=83.0108 MAE=63.9235 R2=0.3872
02:49:53 | INFO    |   [Baseline] NaiveSeasonal: R2=-1.7481
02:49:53 | INFO    |   [Baseline] Persistence: R2=-2.4236
02:49:53 | INFO    |   [Baseline] SARIMA: R2=-0.5009
02:49:53 | INFO    |   [5/8] Conditional-CatBoost...
02:49:54 | INFO    |         MSE=7264.8086 RMSE=85.2338 MAE=67.0650 R2=0.3539
02:49:54 | INFO    |   [6/8] N-HiTS...
02:49:54 | WARNING |   [N-HiTS] samples=33<50, skip (小样本不稳定)
02:49:54 | INFO    |   [N-HiTS] 跳过 (未安装或失败)
02:49:54 | INFO    |   [7/8] 两阶段预测...
02:49:55 | INFO    |   [两阶段] Stage1分类准确率=83.33%, 非零训练样本=42
02:49:55 | INFO    |         MSE=6192.5279 RMSE=78.6926 MAE=61.2778 R2=0.4493
02:49:55 | INFO    |   [图表] 特征重要性(电容式电压互感器) → outputs/figures\特征重要性_电容式电压互感器.png
02:49:55 | INFO    | 
02:49:55 | INFO    | [2/8] 处理 交流支柱绝缘子 (交流支柱绝缘子)...
02:49:55 | INFO    |   [Spearman因子选择] 交流支柱绝缘子: top4=['project_count', 'transformer_bids', 'monthly_bid_count', 'uhv_bids']
02:49:55 | INFO    |   [特征工程] top4=['project_count', 'transformer_bids', 'monthly_bid_count', 'uhv_bids'], n_feat=13维, 训练=69月
02:49:55 | DEBUG   |   训练集: 69月, 测试集: 12月
02:49:55 | INFO    |   [3/8] 模型一: CatBoost...
02:49:55 | INFO    |   [CatBoost基线] iterations=1500, lr=0.02, depth=6, l2=3, loss=RMSE
02:49:56 | INFO    |         MSE=780155.5661 RMSE=883.2642 MAE=749.1645 R2=0.4084
02:49:56 | INFO    |   [Baseline] NaiveSeasonal: R2=-1.2457
02:49:56 | INFO    |   [Baseline] Persistence: R2=-0.4130
02:49:56 | INFO    |   [Baseline] SARIMA: R2=-0.3865
02:49:56 | INFO    |   [5/8] Conditional-CatBoost...
02:49:57 | INFO    |         MSE=869113.4156 RMSE=932.2625 MAE=762.4041 R2=0.3409
02:49:57 | INFO    |   [6/8] N-HiTS...
02:49:57 | WARNING |   [N-HiTS] samples=33<50, skip (小样本不稳定)
02:49:57 | INFO    |   [N-HiTS] 跳过 (未安装或失败)
02:49:57 | INFO    |   [7/8] 两阶段预测...
02:49:58 | INFO    |   [两阶段] Stage1分类准确率=83.33%, 非零训练样本=42
02:49:58 | INFO    |         MSE=717112.6392 RMSE=846.8250 MAE=639.9411 R2=0.4562
02:49:59 | INFO    |   [图表] 特征重要性(交流支柱绝缘子) → outputs/figures\特征重要性_交流支柱绝缘子.png
02:49:59 | INFO    | 
02:49:59 | INFO    | [2/8] 处理 断路器保护 (断路器保护)...
02:49:59 | INFO    |   [Spearman因子选择] 断路器保护: top4=['project_count', 'monthly_bid_count', 'uhv_bids', 'transformer_bids']
02:49:59 | INFO    |   [特征工程] top4=['project_count', 'monthly_bid_count', 'uhv_bids', 'transformer_bids'], n_feat=13维, 训练=69月
02:49:59 | DEBUG   |   训练集: 69月, 测试集: 12月
02:49:59 | INFO    |   [3/8] 模型一: CatBoost...
02:49:59 | INFO    |   [CatBoost基线] iterations=1500, lr=0.02, depth=6, l2=3, loss=RMSE
02:49:59 | INFO    |         MSE=127.4442 RMSE=11.2891 MAE=8.2199 R2=0.7682
02:49:59 | INFO    |   [Baseline] NaiveSeasonal: R2=-0.5356
02:49:59 | INFO    |   [Baseline] Persistence: R2=-4.2483
02:49:59 | INFO    |   [Baseline] SARIMA: R2=-0.5684
02:49:59 | INFO    |   [5/8] Conditional-CatBoost...
02:50:01 | INFO    |         MSE=82.9405 RMSE=9.1072 MAE=7.2807 R2=0.8492
02:50:01 | INFO    |   [6/8] N-HiTS...
02:50:01 | WARNING |   [N-HiTS] samples=33<50, skip (小样本不稳定)
02:50:01 | INFO    |   [N-HiTS] 跳过 (未安装或失败)
02:50:01 | INFO    |   [7/8] 两阶段预测...
02:50:01 | INFO    |   [两阶段] Stage1分类准确率=100.00%, 非零训练样本=41
02:50:01 | INFO    |         MSE=475.2154 RMSE=21.7994 MAE=17.2234 R2=0.1358
02:50:02 | INFO    |   [图表] 特征重要性(断路器保护) → outputs/figures\特征重要性_断路器保护.png
02:50:02 | INFO    | 
02:50:02 | INFO    | [2/8] 处理 电抗器保护 (电抗器保护)...
02:50:02 | INFO    |   [Spearman因子选择] 电抗器保护: top4=['project_count', 'monthly_bid_count', 'uhv_bids', 'transformer_bids']
02:50:02 | INFO    |   [特征工程] top4=['project_count', 'monthly_bid_count', 'uhv_bids', 'transformer_bids'], n_feat=13维, 训练=69月
02:50:02 | DEBUG   |   训练集: 69月, 测试集: 12月
02:50:02 | INFO    |   [3/8] 模型一: CatBoost...
02:50:02 | INFO    |   [CatBoost基线] iterations=1500, lr=0.02, depth=6, l2=3, loss=RMSE
02:50:02 | INFO    |         MSE=18.4987 RMSE=4.3010 MAE=3.7059 R2=0.7344
02:50:02 | INFO    |   [Baseline] NaiveSeasonal: R2=-2.5457
02:50:02 | INFO    |   [Baseline] Persistence: R2=-0.0483
02:50:02 | INFO    |   [Baseline] SARIMA: R2=-3.2378
02:50:02 | INFO    |   [5/8] Conditional-CatBoost...
02:50:02 | INFO    |         MSE=25.7785 RMSE=5.0773 MAE=4.2537 R2=0.6298
02:50:02 | INFO    |   [6/8] N-HiTS...
02:50:02 | WARNING |   [N-HiTS] samples=33<50, skip (小样本不稳定)
02:50:02 | INFO    |   [N-HiTS] 跳过 (未安装或失败)
02:50:02 | INFO    |   [7/8] 两阶段预测...
02:50:03 | INFO    |   [两阶段] Stage1分类准确率=91.67%, 非零训练样本=41
02:50:03 | INFO    |         MSE=28.5594 RMSE=5.3441 MAE=4.3423 R2=0.5899
02:50:04 | INFO    |   [图表] 特征重要性(电抗器保护) → outputs/figures\特征重要性_电抗器保护.png
02:50:04 | INFO    | 
02:50:04 | INFO    | [8/8] 汇总评估与可视化...
02:50:04 | INFO    | 
02:50:04 | INFO    | ========================================================================================================================
02:50:04 | INFO    | 评估指标汇总表
02:50:04 | INFO    | ========================================================================================================================
02:50:04 | INFO    | 物资               模型                              MSE         RMSE          MAE          R^2
02:50:04 | INFO    | ------------------------------------------------------------------------------------------------------------------------
02:50:04 | INFO    | 交流避雷器            CatBoost               3072544.0097    1752.8674    1062.5149       0.2813
02:50:04 | INFO    |                  NaiveSeasonal          3863131.4167    1965.4850    1331.0833       0.0963
02:50:04 | INFO    |                  Persistence            6279299.5833    2505.8531    1428.4167      -0.4689
02:50:04 | INFO    |                  SARIMA                 3082744.7301    1755.7747    1356.8946       0.2789
02:50:04 | INFO    |                  CondCatBoost           3235878.5319    1798.8548    1092.0077       0.2431
02:50:04 | INFO    |                  TwoStage               1608186.7676    1268.1430     919.8579       0.6238
02:50:04 | INFO    | ------------------------------------------------------------------------------------------------------------------------
02:50:04 | INFO    | 电容式电压互感器         CatBoost                  6890.7900      83.0108      63.9235       0.3872
02:50:04 | INFO    |                  NaiveSeasonal            30901.1667     175.7873     145.5000      -1.7481
02:50:04 | INFO    |                  Persistence              38497.2500     196.2072     169.0833      -2.4236
02:50:04 | INFO    |                  SARIMA                   16876.7335     129.9105     108.6409      -0.5009
02:50:04 | INFO    |                  CondCatBoost              7264.8086      85.2338      67.0650       0.3539
02:50:04 | INFO    |                  TwoStage                  6192.5279      78.6926      61.2778       0.4493
02:50:04 | INFO    | ------------------------------------------------------------------------------------------------------------------------
02:50:04 | INFO    | 交流支柱绝缘子          CatBoost                780155.5661     883.2642     749.1645       0.4084
02:50:04 | INFO    |                  NaiveSeasonal          2961393.5000    1720.8700    1333.1667      -1.2457
02:50:04 | INFO    |                  Persistence            1863355.5000    1365.0478    1111.5000      -0.4130
02:50:04 | INFO    |                  SARIMA                 1828421.8534    1352.1915    1126.2574      -0.3865
02:50:04 | INFO    |                  CondCatBoost            869113.4156     932.2625     762.4041       0.3409
02:50:04 | INFO    |                  TwoStage                717112.6392     846.8250     639.9411       0.4562
02:50:04 | INFO    | ------------------------------------------------------------------------------------------------------------------------
02:50:04 | INFO    | 断路器保护            CatBoost                   127.4442      11.2891       8.2199       0.7682
02:50:04 | INFO    |                  NaiveSeasonal              844.4167      29.0588      20.2500      -0.5356
02:50:04 | INFO    |                  Persistence               2886.0000      53.7215      51.3333      -4.2483
02:50:04 | INFO    |                  SARIMA                     862.4666      29.3678      27.5372      -0.5684
02:50:04 | INFO    |                  CondCatBoost                82.9405       9.1072       7.2807       0.8492
02:50:04 | INFO    |                  TwoStage                   475.2154      21.7994      17.2234       0.1358
02:50:04 | INFO    | ------------------------------------------------------------------------------------------------------------------------
02:50:04 | INFO    | 电抗器保护            CatBoost                    18.4987       4.3010       3.7059       0.7344
02:50:04 | INFO    |                  NaiveSeasonal              246.9167      15.7136      13.0833      -2.5457
02:50:04 | INFO    |                  Persistence                 73.0000       8.5440       6.8333      -0.0483
02:50:04 | INFO    |                  SARIMA                     295.1140      17.1789      15.0759      -3.2378
02:50:04 | INFO    |                  CondCatBoost                25.7785       5.0773       4.2537       0.6298
02:50:04 | INFO    |                  TwoStage                    28.5594       5.3441       4.3423       0.5899
02:50:04 | INFO    | ------------------------------------------------------------------------------------------------------------------------
02:50:04 | INFO    | 
02:50:04 | INFO    |   [图表] 预测对比图(交流避雷器) → outputs/figures\预测对比_交流避雷器.png
02:50:04 | INFO    |   [图表] 预测对比图(电容式电压互感器) → outputs/figures\预测对比_电容式电压互感器.png
02:50:05 | INFO    |   [图表] 预测对比图(交流支柱绝缘子) → outputs/figures\预测对比_交流支柱绝缘子.png
02:50:05 | INFO    |   [图表] 预测对比图(断路器保护) → outputs/figures\预测对比_断路器保护.png
02:50:05 | INFO    |   [图表] 预测对比图(电抗器保护) → outputs/figures\预测对比_电抗器保护.png
02:50:07 | INFO    |   [图表] 指标对比图 → outputs/figures\指标对比图.png
02:50:07 | INFO    | 
02:50:07 | INFO    | ======================================================================
02:50:07 | INFO    |   模型性能排序 (按R^2)
02:50:07 | INFO    | ======================================================================
02:50:07 | INFO    |   交流避雷器: [1st] TwoStage (R^2=0.6238)  [2nd] CatBoost (R^2=0.2813)  [3rd] SARIMA (R^2=0.2789)
02:50:07 | INFO    |   电容式电压互感器: [1st] TwoStage (R^2=0.4493)  [2nd] CatBoost (R^2=0.3872)  [3rd] CondCatBoost (R^2=0.3539)
02:50:07 | INFO    |   交流支柱绝缘子: [1st] TwoStage (R^2=0.4562)  [2nd] CatBoost (R^2=0.4084)  [3rd] CondCatBoost (R^2=0.3409)
02:50:07 | INFO    |   断路器保护: [1st] CondCatBoost (R^2=0.8492)  [2nd] CatBoost (R^2=0.7682)  [3rd] TwoStage (R^2=0.1358)
02:50:07 | INFO    |   电抗器保护: [1st] CatBoost (R^2=0.7344)  [2nd] CondCatBoost (R^2=0.6298)  [3rd] TwoStage (R^2=0.5899)
02:50:07 | INFO    | 
02:50:07 | INFO    | 所有图表已保存至: C:\Users\董文涛\PycharmProjects\vmd-catboost\outputs\figures/
02:50:07 | INFO    | 日志文件: C:\Users\董文涛\PycharmProjects\vmd-catboost\outputs\logs\main_20260708_024948.log
02:50:07 | INFO    | 完成!
