02:45:05 | INFO    | ======================================================================
02:45:05 | INFO    |   配电网物资需求预测 —— VMD-CatBoost 模型对比实验
02:45:05 | INFO    |   物资: Top5采购频率最高 (从ECP数据自动选择)
02:45:05 | INFO    |   因子: 批次事件特征 + 项目数量 + 自回归滞后
02:45:05 | INFO    |   模型: CatBoost / Conditional-CatBoost / N-HiTS / TwoStage + NaiveSeasonal/Persistence/SARIMA
02:45:05 | INFO    | ======================================================================
02:45:05 | INFO    |   日志文件: outputs/logs\main_20260708_024505.log
02:45:05 | INFO    | [1/8] 加载数据...
02:45:05 | INFO    | 读取已有数据文件: inputs\data.xlsx
02:45:05 | INFO    |   Sheet[交流避雷器]: 81 条, demand范围=[0.00, 7580.00]
02:45:05 | INFO    |   Sheet[电容式电压互感器]: 81 条, demand范围=[0.00, 426.00]
02:45:05 | INFO    |   Sheet[交流支柱绝缘子]: 81 条, demand范围=[0.00, 4888.00]
02:45:05 | INFO    |   Sheet[断路器保护]: 81 条, demand范围=[0.00, 173.00]
02:45:05 | INFO    |   Sheet[电抗器保护]: 81 条, demand范围=[0.00, 67.00]
02:45:05 | INFO    |   物资: ['交流避雷器', '电容式电压互感器', '交流支柱绝缘子', '断路器保护', '电抗器保护']
02:45:06 | INFO    |   [图表] 需求量曲线 → outputs/figures\需求量曲线.png
02:45:06 | INFO    | 
02:45:06 | INFO    | [2/8] 处理 交流避雷器 (交流避雷器)...
02:45:06 | INFO    |   [Spearman因子选择] 交流避雷器: top4=['project_count', 'transformer_bids', 'monthly_bid_count', 'uhv_bids']
02:45:06 | INFO    |   [特征工程] top4=['project_count', 'transformer_bids', 'monthly_bid_count', 'uhv_bids'], n_feat=13维, 训练=69月, log=True
02:45:06 | DEBUG   |   训练集: 69月, 测试集: 12月
02:45:06 | INFO    |   [3/8] 模型一: CatBoost...
02:45:06 | INFO    |   [CatBoost基线] iterations=1500, lr=0.02, depth=6, l2=3, loss=RMSE
02:45:06 | INFO    |         MSE=6236810.0335 RMSE=2497.3606 MAE=1422.1351 R2=-0.4589
02:45:06 | INFO    |   [Baseline] NaiveSeasonal: R2=-0.4902
02:45:06 | INFO    |   [Baseline] Persistence: R2=-0.4919
02:45:07 | INFO    |   [Baseline] SARIMA: R2=0.2789
02:45:07 | INFO    |   [5/8] Conditional-CatBoost...
02:45:07 | INFO    |         MSE=6252152.1215 RMSE=2500.4304 MAE=1426.3604 R2=-0.4625
02:45:07 | INFO    |   [6/8] N-HiTS...
02:45:07 | WARNING |   [N-HiTS] samples=33<50, skip (小样本不稳定)
02:45:07 | INFO    |   [N-HiTS] 跳过 (未安装或失败)
02:45:07 | INFO    |   [7/8] 两阶段预测...
02:45:09 | INFO    |   [两阶段] Stage1分类准确率=16.67%, 非零训练样本=42
02:45:09 | INFO    |         MSE=6381091.4174 RMSE=2526.0822 MAE=1452.0202 R2=-0.4927
02:45:09 | INFO    |   [图表] 特征重要性(交流避雷器) → outputs/figures\特征重要性_交流避雷器.png
02:45:09 | INFO    | 
02:45:09 | INFO    | [2/8] 处理 电容式电压互感器 (电容式电压互感器)...
02:45:09 | INFO    |   [Spearman因子选择] 电容式电压互感器: top4=['project_count', 'monthly_bid_count', 'transformer_bids', 'uhv_bids']
02:45:09 | INFO    |   [特征工程] top4=['project_count', 'monthly_bid_count', 'transformer_bids', 'uhv_bids'], n_feat=13维, 训练=69月, log=True
02:45:09 | DEBUG   |   训练集: 69月, 测试集: 12月
02:45:09 | INFO    |   [3/8] 模型一: CatBoost...
02:45:09 | INFO    |   [CatBoost基线] iterations=1500, lr=0.02, depth=6, l2=3, loss=RMSE
02:45:10 | INFO    |         MSE=38163.0460 RMSE=195.3536 MAE=166.1653 R2=-2.3939
02:45:10 | INFO    |   [Baseline] NaiveSeasonal: R2=-2.6945
02:45:10 | INFO    |   [Baseline] Persistence: R2=-2.7085
02:45:10 | INFO    |   [Baseline] SARIMA: R2=-0.5009
02:45:10 | INFO    |   [5/8] Conditional-CatBoost...
02:45:10 | INFO    |         MSE=39076.3514 RMSE=197.6774 MAE=168.5208 R2=-2.4751
02:45:10 | INFO    |   [6/8] N-HiTS...
02:45:10 | WARNING |   [N-HiTS] samples=33<50, skip (小样本不稳定)
02:45:10 | INFO    |   [N-HiTS] 跳过 (未安装或失败)
02:45:10 | INFO    |   [7/8] 两阶段预测...
02:45:12 | INFO    |   [两阶段] Stage1分类准确率=41.67%, 非零训练样本=42
02:45:12 | INFO    |         MSE=41978.2529 RMSE=204.8860 MAE=175.4772 R2=-2.7331
02:45:12 | INFO    |   [图表] 特征重要性(电容式电压互感器) → outputs/figures\特征重要性_电容式电压互感器.png
02:45:12 | INFO    | 
02:45:12 | INFO    | [2/8] 处理 交流支柱绝缘子 (交流支柱绝缘子)...
02:45:12 | INFO    |   [Spearman因子选择] 交流支柱绝缘子: top4=['project_count', 'transformer_bids', 'monthly_bid_count', 'uhv_bids']
02:45:12 | INFO    |   [特征工程] top4=['project_count', 'transformer_bids', 'monthly_bid_count', 'uhv_bids'], n_feat=13维, 训练=69月, log=True
02:45:12 | DEBUG   |   训练集: 69月, 测试集: 12月
02:45:12 | INFO    |   [3/8] 模型一: CatBoost...
02:45:12 | INFO    |   [CatBoost基线] iterations=1500, lr=0.02, depth=6, l2=3, loss=RMSE
02:45:13 | INFO    |         MSE=2815199.0547 RMSE=1677.8555 MAE=1235.0746 R2=-1.1348
02:45:13 | INFO    |   [Baseline] NaiveSeasonal: R2=-1.1823
02:45:13 | INFO    |   [Baseline] Persistence: R2=-1.1787
02:45:13 | INFO    |   [Baseline] SARIMA: R2=-0.3865
02:45:13 | INFO    |   [5/8] Conditional-CatBoost...
02:45:15 | INFO    |         MSE=2804644.7262 RMSE=1674.7074 MAE=1232.2175 R2=-1.1268
02:45:15 | INFO    |   [6/8] N-HiTS...
02:45:15 | WARNING |   [N-HiTS] samples=33<50, skip (小样本不稳定)
02:45:15 | INFO    |   [N-HiTS] 跳过 (未安装或失败)
02:45:15 | INFO    |   [7/8] 两阶段预测...
02:45:16 | INFO    |   [两阶段] Stage1分类准确率=33.33%, 非零训练样本=42
02:45:16 | INFO    |         MSE=2885516.1001 RMSE=1698.6807 MAE=1252.1330 R2=-1.1881
02:45:16 | INFO    |   [图表] 特征重要性(交流支柱绝缘子) → outputs/figures\特征重要性_交流支柱绝缘子.png
02:45:16 | INFO    | 
02:45:16 | INFO    | [2/8] 处理 断路器保护 (断路器保护)...
02:45:16 | INFO    |   [Spearman因子选择] 断路器保护: top4=['project_count', 'monthly_bid_count', 'uhv_bids', 'transformer_bids']
02:45:16 | INFO    |   [特征工程] top4=['project_count', 'monthly_bid_count', 'uhv_bids', 'transformer_bids'], n_feat=13维, 训练=69月, log=True
02:45:16 | DEBUG   |   训练集: 69月, 测试集: 12月
02:45:16 | INFO    |   [3/8] 模型一: CatBoost...
02:45:16 | INFO    |   [CatBoost基线] iterations=1500, lr=0.02, depth=6, l2=3, loss=RMSE
02:45:17 | INFO    |         MSE=633.9433 RMSE=25.1782 MAE=13.6396 R2=-0.1529
02:45:17 | INFO    |   [Baseline] NaiveSeasonal: R2=-0.2931
02:45:17 | INFO    |   [Baseline] Persistence: R2=-0.2402
02:45:17 | INFO    |   [Baseline] SARIMA: R2=-0.5684
02:45:17 | INFO    |   [5/8] Conditional-CatBoost...
02:45:18 | INFO    |         MSE=648.8518 RMSE=25.4726 MAE=13.8836 R2=-0.1800
02:45:18 | INFO    |   [6/8] N-HiTS...
02:45:18 | WARNING |   [N-HiTS] samples=33<50, skip (小样本不稳定)
02:45:18 | INFO    |   [N-HiTS] 跳过 (未安装或失败)
02:45:18 | INFO    |   [7/8] 两阶段预测...
02:45:19 | INFO    |   [两阶段] Stage1分类准确率=25.00%, 非零训练样本=41
02:45:19 | INFO    |         MSE=776.1379 RMSE=27.8593 MAE=15.1944 R2=-0.4114
02:45:19 | INFO    |   [图表] 特征重要性(断路器保护) → outputs/figures\特征重要性_断路器保护.png
02:45:19 | INFO    | 
02:45:19 | INFO    | [2/8] 处理 电抗器保护 (电抗器保护)...
02:45:19 | INFO    |   [Spearman因子选择] 电抗器保护: top4=['project_count', 'monthly_bid_count', 'uhv_bids', 'transformer_bids']
02:45:19 | INFO    |   [特征工程] top4=['project_count', 'monthly_bid_count', 'uhv_bids', 'transformer_bids'], n_feat=13维, 训练=69月, log=True
02:45:19 | DEBUG   |   训练集: 69月, 测试集: 12月
02:45:19 | INFO    |   [3/8] 模型一: CatBoost...
02:45:19 | INFO    |   [CatBoost基线] iterations=1500, lr=0.02, depth=6, l2=3, loss=RMSE
02:45:19 | INFO    |         MSE=109.1858 RMSE=10.4492 MAE=8.1093 R2=-0.5679
02:45:19 | INFO    |   [Baseline] NaiveSeasonal: R2=-0.8368
02:45:19 | INFO    |   [Baseline] Persistence: R2=-0.8373
02:45:19 | INFO    |   [Baseline] SARIMA: R2=-3.2378
02:45:19 | INFO    |   [5/8] Conditional-CatBoost...
02:45:20 | INFO    |         MSE=107.2839 RMSE=10.3578 MAE=8.0198 R2=-0.5406
02:45:20 | INFO    |   [6/8] N-HiTS...
02:45:20 | WARNING |   [N-HiTS] samples=33<50, skip (小样本不稳定)
02:45:20 | INFO    |   [N-HiTS] 跳过 (未安装或失败)
02:45:20 | INFO    |   [7/8] 两阶段预测...
02:45:22 | INFO    |   [两阶段] Stage1分类准确率=25.00%, 非零训练样本=41
02:45:22 | INFO    |         MSE=154.4729 RMSE=12.4287 MAE=9.3956 R2=-1.2182
02:45:22 | INFO    |   [图表] 特征重要性(电抗器保护) → outputs/figures\特征重要性_电抗器保护.png
02:45:22 | INFO    | 
02:45:22 | INFO    | [8/8] 汇总评估与可视化...
02:45:22 | INFO    | 
02:45:22 | INFO    | ========================================================================================================================
02:45:22 | INFO    | 评估指标汇总表
02:45:22 | INFO    | ========================================================================================================================
02:45:22 | INFO    | 物资               模型                              MSE         RMSE          MAE          R^2
02:45:22 | INFO    | ------------------------------------------------------------------------------------------------------------------------
02:45:22 | INFO    | 交流避雷器            CatBoost               6236810.0335    2497.3606    1422.1351      -0.4589
02:45:22 | INFO    |                  NaiveSeasonal          6370732.1250    2524.0309    1450.9435      -0.4902
02:45:22 | INFO    |                  Persistence            6377702.1995    2525.4113    1451.3076      -0.4919
02:45:22 | INFO    |                  SARIMA                 3082744.6530    1755.7747    1356.8945       0.2789
02:45:22 | INFO    |                  CondCatBoost           6252152.1215    2500.4304    1426.3604      -0.4625
02:45:22 | INFO    |                  TwoStage               6381091.4174    2526.0822    1452.0202      -0.4927
02:45:22 | INFO    | ------------------------------------------------------------------------------------------------------------------------
02:45:22 | INFO    | 电容式电压互感器         CatBoost                 38163.0460     195.3536     166.1653      -2.3939
02:45:22 | INFO    |                  NaiveSeasonal            41543.7184     203.8228     175.0140      -2.6945
02:45:22 | INFO    |                  Persistence              41701.4094     204.2092     175.3734      -2.7085
02:45:22 | INFO    |                  SARIMA                   16876.7422     129.9105     108.6409      -0.5009
02:45:22 | INFO    |                  CondCatBoost             39076.3514     197.6774     168.5208      -2.4751
02:45:22 | INFO    |                  TwoStage                 41978.2529     204.8860     175.4772      -2.7331
02:45:22 | INFO    | ------------------------------------------------------------------------------------------------------------------------
02:45:22 | INFO    | 交流支柱绝缘子          CatBoost               2815199.0547    1677.8555    1235.0746      -1.1348
02:45:22 | INFO    |                  NaiveSeasonal          2877810.5212    1696.4111    1251.7071      -1.1823
02:45:22 | INFO    |                  Persistence            2873106.7703    1695.0241    1250.9180      -1.1787
02:45:22 | INFO    |                  SARIMA                 1828421.3159    1352.1913    1126.2577      -0.3865
02:45:22 | INFO    |                  CondCatBoost           2804644.7262    1674.7074    1232.2175      -1.1268
02:45:22 | INFO    |                  TwoStage               2885516.1001    1698.6807    1252.1330      -1.1881
02:45:22 | INFO    | ------------------------------------------------------------------------------------------------------------------------
02:45:22 | INFO    | 断路器保护            CatBoost                   633.9433      25.1782      13.6396      -0.1529
02:45:22 | INFO    |                  NaiveSeasonal              711.0776      26.6660      14.9328      -0.2931
02:45:22 | INFO    |                  Persistence                681.9614      26.1144      14.1085      -0.2402
02:45:22 | INFO    |                  SARIMA                     862.4666      29.3678      27.5372      -0.5684
02:45:22 | INFO    |                  CondCatBoost               648.8518      25.4726      13.8836      -0.1800
02:45:22 | INFO    |                  TwoStage                   776.1379      27.8593      15.1944      -0.4114
02:45:22 | INFO    | ------------------------------------------------------------------------------------------------------------------------
02:45:22 | INFO    | 电抗器保护            CatBoost                   109.1858      10.4492       8.1093      -0.5679
02:45:22 | INFO    |                  NaiveSeasonal              127.9160      11.3100       8.8179      -0.8368
02:45:22 | INFO    |                  Persistence                127.9490      11.3115       8.7676      -0.8373
02:45:22 | INFO    |                  SARIMA                     295.1141      17.1789      15.0759      -3.2378
02:45:22 | INFO    |                  CondCatBoost               107.2839      10.3578       8.0198      -0.5406
02:45:22 | INFO    |                  TwoStage                   154.4729      12.4287       9.3956      -1.2182
02:45:22 | INFO    | ------------------------------------------------------------------------------------------------------------------------
02:45:22 | INFO    | 
02:45:22 | INFO    |   [图表] 预测对比图(交流避雷器) → outputs/figures\预测对比_交流避雷器.png
02:45:22 | INFO    |   [图表] 预测对比图(电容式电压互感器) → outputs/figures\预测对比_电容式电压互感器.png
02:45:23 | INFO    |   [图表] 预测对比图(交流支柱绝缘子) → outputs/figures\预测对比_交流支柱绝缘子.png
02:45:23 | INFO    |   [图表] 预测对比图(断路器保护) → outputs/figures\预测对比_断路器保护.png
02:45:24 | INFO    |   [图表] 预测对比图(电抗器保护) → outputs/figures\预测对比_电抗器保护.png
02:45:25 | INFO    |   [图表] 指标对比图 → outputs/figures\指标对比图.png
02:45:25 | INFO    | 
02:45:25 | INFO    | ======================================================================
02:45:25 | INFO    |   模型性能排序 (按R^2)
02:45:25 | INFO    | ======================================================================
02:45:25 | INFO    |   交流避雷器: [1st] SARIMA (R^2=0.2789)  [2nd] CatBoost (R^2=-0.4589)  [3rd] CondCatBoost (R^2=-0.4625)
02:45:25 | INFO    |   电容式电压互感器: [1st] SARIMA (R^2=-0.5009)  [2nd] CatBoost (R^2=-2.3939)  [3rd] CondCatBoost (R^2=-2.4751)
02:45:25 | INFO    |   交流支柱绝缘子: [1st] SARIMA (R^2=-0.3865)  [2nd] CondCatBoost (R^2=-1.1268)  [3rd] CatBoost (R^2=-1.1348)
02:45:25 | INFO    |   断路器保护: [1st] CatBoost (R^2=-0.1529)  [2nd] CondCatBoost (R^2=-0.1800)  [3rd] Persistence (R^2=-0.2402)
02:45:25 | INFO    |   电抗器保护: [1st] CondCatBoost (R^2=-0.5406)  [2nd] CatBoost (R^2=-0.5679)  [3rd] NaiveSeasonal (R^2=-0.8368)
02:45:25 | INFO    | 
02:45:25 | INFO    | 所有图表已保存至: C:\Users\董文涛\PycharmProjects\vmd-catboost\outputs\figures/
02:45:25 | INFO    | 日志文件: C:\Users\董文涛\PycharmProjects\vmd-catboost\outputs\logs\main_20260708_024505.log
02:45:25 | INFO    | 完成!
