03:58:18 | INFO    | ======================================================================
03:58:18 | INFO    |   配电网物资需求预测 —— VMD-CatBoost 模型对比实验
03:58:18 | INFO    |   物资: Top5采购频率最高 (从ECP数据自动选择)
03:58:18 | INFO    |   因子: 批次事件特征 + 项目数量 + 自回归滞后
03:58:18 | INFO    |   模型: CatBoost / Conditional-CatBoost / N-HiTS / TwoStage + NaiveSeasonal/Persistence/SARIMA
03:58:18 | INFO    | ======================================================================
03:58:18 | INFO    |   日志文件: outputs/logs\main_20260708_035818.log
03:58:18 | INFO    | [1/8] 加载数据...
03:58:18 | INFO    | 读取已有数据文件: inputs\data.xlsx
03:58:18 | INFO    |   Sheet[火灾报警系统]: 81 条, demand范围=[0.00, 18.00]
03:58:18 | INFO    |   Sheet[线路在线监测装置]: 81 条, demand范围=[0.00, 1549.00]
03:58:18 | INFO    |   Sheet[一体化电源系统]: 81 条, demand范围=[0.00, 27.00]
03:58:18 | INFO    |   Sheet[变电在线监测装置]: 81 条, demand范围=[0.00, 36.00]
03:58:18 | INFO    |   Sheet[端子箱]: 81 条, demand范围=[0.00, 75.00]
03:58:18 | INFO    |   物资: ['火灾报警系统', '线路在线监测装置', '一体化电源系统', '变电在线监测装置', '端子箱']
03:58:18 | INFO    |   [图表] 需求量曲线 → outputs/figures\需求量曲线.png
03:58:18 | INFO    | 
03:58:18 | INFO    | [2/8] 处理 火灾报警系统 (火灾报警系统)...
03:58:18 | INFO    |   [Spearman因子选择] 火灾报警系统: top4=['project_count', 'transformer_bids', 'monthly_bid_count', 'uhv_bids']
03:58:18 | INFO    |   [特征工程] top4=['project_count', 'transformer_bids', 'monthly_bid_count', 'uhv_bids'], n_feat=13维, 训练=69月
03:58:18 | DEBUG   |   训练集: 69月, 测试集: 12月
03:58:18 | INFO    |   [3/8] 模型一: CatBoost...
03:58:19 | INFO    |         MSE=13.4546 RMSE=3.6681 MAE=2.1631 R2=-0.2814
03:58:19 | INFO    |   [Baseline] NaiveSeasonal: R2=0.0317
03:58:19 | INFO    |   [Baseline] NaiveMean: R2=-0.0871
03:58:19 | INFO    |   [Baseline] TSB: R2=-0.0593
03:58:19 | INFO    |   [Baseline] Persistence: R2=0.0000
03:58:19 | INFO    |   [Baseline] SARIMA: R2=0.1713
03:58:19 | INFO    |   [5/8] Conditional-CatBoost...
03:58:19 | INFO    |   [5/8] CatBoost-2S...
03:58:19 | INFO    |   [5/8] CatBoost-2S: R2=-0.0710
03:58:19 | INFO    |   [6/8] Conditional-CatBoost...
03:58:20 | INFO    |         MSE=11.2533 RMSE=3.3546 MAE=1.9718 R2=-0.0717
03:58:20 | INFO    |   [6/8] N-HiTS...
03:58:20 | WARNING |   [N-HiTS] samples=33<50, skip (小样本不稳定)
03:58:20 | INFO    |   [N-HiTS] 跳过 (未安装或失败)
03:58:20 | INFO    |   [基线] Croston-SBA: R2=-0.3945 sMAPE=133.8
03:58:22 | INFO    |   [对比] LightGBM: R2=-0.0728
03:58:22 | INFO    |   [7/8] 两阶段预测...
03:58:23 | INFO    |   [两阶段] Stage1分类准确率=66.67%, 非零训练样本=27
03:58:23 | INFO    |         MSE=11.6295 RMSE=3.4102 MAE=2.0006 R2=-0.1076
03:58:23 | INFO    |   [图表] 特征重要性(火灾报警系统) → outputs/figures\特征重要性_火灾报警系统.png
03:58:23 | INFO    | 
03:58:23 | INFO    | [2/8] 处理 线路在线监测装置 (线路在线监测装置)...
03:58:23 | INFO    |   [Spearman因子选择] 线路在线监测装置: top4=['project_count', 'transformer_bids', 'monthly_bid_count', 'uhv_bids']
03:58:23 | INFO    |   [特征工程] top4=['project_count', 'transformer_bids', 'monthly_bid_count', 'uhv_bids'], n_feat=13维, 训练=69月
03:58:23 | DEBUG   |   训练集: 69月, 测试集: 12月
03:58:23 | INFO    |   [3/8] 模型一: CatBoost...
03:58:23 | INFO    |         MSE=201875.9383 RMSE=449.3061 MAE=255.3061 R2=-0.1647
03:58:23 | INFO    |   [Baseline] NaiveSeasonal: R2=-0.3704
03:58:23 | INFO    |   [Baseline] NaiveMean: R2=-0.1727
03:58:23 | INFO    |   [Baseline] TSB: R2=-0.1827
03:58:23 | INFO    |   [Baseline] Persistence: R2=-0.3496
03:58:23 | INFO    |   [Baseline] SARIMA: R2=-0.3473
03:58:23 | INFO    |   [5/8] Conditional-CatBoost...
03:58:23 | INFO    |   [5/8] CatBoost-2S...
03:58:24 | INFO    |   [5/8] CatBoost-2S: R2=-0.1434
03:58:24 | INFO    |   [6/8] Conditional-CatBoost...
03:58:24 | INFO    |         MSE=198107.3407 RMSE=445.0925 MAE=245.4108 R2=-0.1429
03:58:24 | INFO    |   [6/8] N-HiTS...
03:58:24 | WARNING |   [N-HiTS] samples=33<50, skip (小样本不稳定)
03:58:24 | INFO    |   [N-HiTS] 跳过 (未安装或失败)
03:58:24 | INFO    |   [基线] Croston-SBA: R2=-0.3634 sMAPE=132.9
03:58:25 | INFO    |   [对比] LightGBM: R2=-0.1419
03:58:25 | INFO    |   [7/8] 两阶段预测...
03:58:26 | INFO    |   [两阶段] Stage1分类准确率=66.67%, 非零训练样本=25
03:58:26 | INFO    |         MSE=187079.1198 RMSE=432.5264 MAE=224.4709 R2=-0.0793
03:58:26 | INFO    |   [图表] 特征重要性(线路在线监测装置) → outputs/figures\特征重要性_线路在线监测装置.png
03:58:26 | INFO    | 
03:58:26 | INFO    | [2/8] 处理 一体化电源系统 (一体化电源系统)...
03:58:26 | INFO    |   [Spearman因子选择] 一体化电源系统: top4=['project_count', 'transformer_bids', 'monthly_bid_count', 'uhv_bids']
03:58:26 | INFO    |   [特征工程] top4=['project_count', 'transformer_bids', 'monthly_bid_count', 'uhv_bids'], n_feat=13维, 训练=69月
03:58:26 | DEBUG   |   训练集: 69月, 测试集: 12月
03:58:26 | INFO    |   [3/8] 模型一: CatBoost...
03:58:27 | INFO    |         MSE=6.3107 RMSE=2.5121 MAE=1.7978 R2=-0.0199
03:58:27 | INFO    |   [Baseline] NaiveSeasonal: R2=-0.6835
03:58:27 | INFO    |   [Baseline] NaiveMean: R2=-0.1232
03:58:27 | INFO    |   [Baseline] TSB: R2=-0.0955
03:58:27 | INFO    |   [Baseline] Persistence: R2=-0.2525
03:58:27 | INFO    |   [Baseline] SARIMA: R2=-0.7632
03:58:27 | INFO    |   [5/8] Conditional-CatBoost...
03:58:27 | INFO    |   [5/8] CatBoost-2S...
03:58:27 | INFO    |   [5/8] CatBoost-2S: R2=0.3595
03:58:27 | INFO    |   [6/8] Conditional-CatBoost...
03:58:28 | INFO    |         MSE=3.9727 RMSE=1.9932 MAE=1.3700 R2=0.3580
03:58:28 | INFO    |   [6/8] N-HiTS...
03:58:28 | WARNING |   [N-HiTS] samples=33<50, skip (小样本不稳定)
03:58:28 | INFO    |   [N-HiTS] 跳过 (未安装或失败)
03:58:28 | INFO    |   [基线] Croston-SBA: R2=-0.7657 sMAPE=125.5
03:58:29 | INFO    |   [对比] LightGBM: R2=0.3571
03:58:29 | INFO    |   [7/8] 两阶段预测...
03:58:30 | INFO    |   [两阶段] Stage1分类准确率=83.33%, 非零训练样本=24
03:58:30 | INFO    |         MSE=5.2435 RMSE=2.2899 MAE=1.6192 R2=0.1526
03:58:30 | INFO    |   [图表] 特征重要性(一体化电源系统) → outputs/figures\特征重要性_一体化电源系统.png
03:58:30 | INFO    | 
03:58:30 | INFO    | [2/8] 处理 变电在线监测装置 (变电在线监测装置)...
03:58:30 | INFO    |   [Spearman因子选择] 变电在线监测装置: top4=['project_count', 'transformer_bids', 'monthly_bid_count', 'uhv_bids']
03:58:30 | INFO    |   [特征工程] top4=['project_count', 'transformer_bids', 'monthly_bid_count', 'uhv_bids'], n_feat=13维, 训练=69月
03:58:30 | DEBUG   |   训练集: 69月, 测试集: 12月
03:58:30 | INFO    |   [3/8] 模型一: CatBoost...
03:58:30 | INFO    |         MSE=142.0547 RMSE=11.9187 MAE=5.9480 R2=-0.0165
03:58:30 | INFO    |   [Baseline] NaiveSeasonal: R2=-0.3179
03:58:30 | INFO    |   [Baseline] NaiveMean: R2=-0.1480
03:58:30 | INFO    |   [Baseline] TSB: R2=-0.1095
03:58:30 | INFO    |   [Baseline] Persistence: R2=-0.2100
03:58:30 | INFO    |   [Baseline] SARIMA: R2=-0.1095
03:58:30 | INFO    |   [5/8] Conditional-CatBoost...
03:58:30 | INFO    |   [5/8] CatBoost-2S...
03:58:31 | INFO    |   [5/8] CatBoost-2S: R2=0.0475
03:58:31 | INFO    |   [6/8] Conditional-CatBoost...
03:58:31 | INFO    |         MSE=134.0276 RMSE=11.5770 MAE=6.3050 R2=0.0409
03:58:31 | INFO    |   [6/8] N-HiTS...
03:58:31 | WARNING |   [N-HiTS] samples=33<50, skip (小样本不稳定)
03:58:31 | INFO    |   [N-HiTS] 跳过 (未安装或失败)
03:58:31 | INFO    |   [基线] Croston-SBA: R2=-0.2957 sMAPE=122.3
03:58:32 | INFO    |   [对比] LightGBM: R2=0.0412
03:58:32 | INFO    |   [7/8] 两阶段预测...
03:58:33 | INFO    |   [两阶段] Stage1分类准确率=58.33%, 非零训练样本=23
03:58:33 | INFO    |         MSE=128.2027 RMSE=11.3227 MAE=6.5688 R2=0.0826
03:58:33 | INFO    |   [图表] 特征重要性(变电在线监测装置) → outputs/figures\特征重要性_变电在线监测装置.png
03:58:33 | INFO    | 
03:58:33 | INFO    | [2/8] 处理 端子箱 (端子箱)...
03:58:33 | INFO    |   [Spearman因子选择] 端子箱: top4=['project_count', 'transformer_bids', 'monthly_bid_count', 'uhv_bids']
03:58:33 | INFO    |   [特征工程] top4=['project_count', 'transformer_bids', 'monthly_bid_count', 'uhv_bids'], n_feat=13维, 训练=69月
03:58:33 | DEBUG   |   训练集: 69月, 测试集: 12月
03:58:33 | INFO    |   [3/8] 模型一: CatBoost...
03:58:34 | INFO    |         MSE=9.2706 RMSE=3.0448 MAE=1.5581 R2=0.0856
03:58:34 | INFO    |   [Baseline] NaiveSeasonal: R2=-44.1233
03:58:34 | INFO    |   [Baseline] NaiveMean: R2=-0.0044
03:58:34 | INFO    |   [Baseline] TSB: R2=-0.3546
03:58:34 | INFO    |   [Baseline] Persistence: R2=-0.0685
03:58:34 | INFO    |   [Baseline] SARIMA: R2=-93.2558
03:58:34 | INFO    |   [5/8] Conditional-CatBoost...
03:58:34 | INFO    |   [5/8] CatBoost-2S...
03:58:35 | INFO    |   [5/8] CatBoost-2S: R2=0.0441
03:58:35 | INFO    |   [6/8] Conditional-CatBoost...
03:58:36 | INFO    |         MSE=9.2505 RMSE=3.0415 MAE=1.3995 R2=0.0876
03:58:36 | INFO    |   [6/8] N-HiTS...
03:58:36 | WARNING |   [N-HiTS] samples=33<50, skip (小样本不稳定)
03:58:36 | INFO    |   [N-HiTS] 跳过 (未安装或失败)
03:58:36 | INFO    |   [基线] Croston-SBA: R2=0.0351 sMAPE=129.4
03:58:36 | INFO    |   [对比] LightGBM: R2=0.2276
03:58:36 | INFO    |   [7/8] 两阶段预测...
03:58:38 | INFO    |   [两阶段] Stage1分类准确率=75.00%, 非零训练样本=23
03:58:38 | INFO    |         MSE=9.0415 RMSE=3.0069 MAE=1.4510 R2=0.1082
03:58:38 | INFO    |   [图表] 特征重要性(端子箱) → outputs/figures\特征重要性_端子箱.png
03:58:38 | INFO    | 
03:58:38 | INFO    | [8/8] 汇总评估与可视化...
03:58:38 | INFO    | 
03:58:38 | INFO    | ========================================================================================================================
03:58:38 | INFO    | 评估指标汇总表
03:58:38 | INFO    | ========================================================================================================================
03:58:38 | INFO    | 物资               模型                        MSE       RMSE    sMAPE     MASE       R2
03:58:38 | INFO    | ----------------------------------------------------------------------------------------------------------------------------------
03:58:38 | INFO    | 火灾报警系统           CatBoost                13.45       3.67   124.9%   0.580  -0.281
03:58:38 | INFO    |                  NaiveSeasonal           10.17       3.19   103.6%   0.492   0.032
03:58:38 | INFO    |                  NaiveMean               11.41       3.38   135.5%   0.542  -0.087
03:58:38 | INFO    |                  Persistence             10.50       3.24   141.2%   0.671   0.000
03:58:38 | INFO    |                  SARIMA                   8.70       2.95   140.3%   0.427   0.171
03:58:38 | INFO    |                  TSB                     11.12       3.34   137.3%   0.565  -0.059
03:58:38 | INFO    |                  Croston-SBA             14.64       3.83   133.8%   0.579  -0.395
03:58:38 | INFO    |                  CatBoost-2S             11.25       3.35   139.1%   0.529  -0.071
03:58:38 | INFO    |                  Ridge-2S                11.22       3.35   138.8%   0.529  -0.069
03:58:38 | INFO    |                  CondCatBoost            11.25       3.35   139.1%   0.529  -0.072
03:58:38 | INFO    |                  LightGBM                11.26       3.36   139.1%   0.529  -0.073
03:58:38 | INFO    |                  TwoStage                11.63       3.41   145.8%   0.537  -0.108
03:58:38 | INFO    | ----------------------------------------------------------------------------------------------------------------------------------
03:58:38 | INFO    | 线路在线监测装置         CatBoost            201875.94     449.31   150.4%   0.561  -0.165
03:58:38 | INFO    |                  NaiveSeasonal       237541.25     487.38   152.7%   0.582  -0.370
03:58:38 | INFO    |                  NaiveMean           203261.63     450.85   152.8%   0.548  -0.173
03:58:38 | INFO    |                  Persistence         233933.17     483.67   187.8%   0.556  -0.350
03:58:38 | INFO    |                  SARIMA              233530.42     483.25   192.8%   0.579  -0.347
03:58:38 | INFO    |                  TSB                 205008.63     452.78   154.3%   0.548  -0.183
03:58:38 | INFO    |                  Croston-SBA         236324.47     486.13   132.9%   0.568  -0.363
03:58:38 | INFO    |                  CatBoost-2S         198198.78     445.20   138.7%   0.539  -0.143
03:58:38 | INFO    |                  Ridge-2S            202253.72     449.73   145.2%   0.541  -0.167
03:58:38 | INFO    |                  CondCatBoost        198107.34     445.09   138.8%   0.539  -0.143
03:58:38 | INFO    |                  LightGBM            197936.26     444.90   138.8%   0.540  -0.142
03:58:38 | INFO    |                  TwoStage            187079.12     432.53   132.2%   0.493  -0.079
03:58:38 | INFO    | ----------------------------------------------------------------------------------------------------------------------------------
03:58:38 | INFO    | 一体化电源系统          CatBoost                 6.31       2.51   120.9%   0.520  -0.020
03:58:38 | INFO    |                  NaiveSeasonal           10.42       3.23   143.2%   0.700  -0.683
03:58:38 | INFO    |                  NaiveMean                6.95       2.64   129.4%   0.585  -0.123
03:58:38 | INFO    |                  Persistence              7.75       2.78   143.5%   0.603  -0.253
03:58:38 | INFO    |                  SARIMA                  10.91       3.30   161.3%   0.742  -0.763
03:58:38 | INFO    |                  TSB                      6.78       2.60   126.0%   0.580  -0.096
03:58:38 | INFO    |                  Croston-SBA             10.93       3.31   125.5%   0.651  -0.766
03:58:38 | INFO    |                  CatBoost-2S              3.96       1.99   104.0%   0.395   0.359
03:58:38 | INFO    |                  Ridge-2S                 4.18       2.05   106.1%   0.367   0.324
03:58:38 | INFO    |                  CondCatBoost             3.97       1.99   104.0%   0.397   0.358
03:58:38 | INFO    |                  LightGBM                 3.98       1.99   104.1%   0.398   0.357
03:58:38 | INFO    |                  TwoStage                 5.24       2.29   113.9%   0.469   0.153
03:58:38 | INFO    | ----------------------------------------------------------------------------------------------------------------------------------
03:58:38 | INFO    | 变电在线监测装置         CatBoost               142.05      11.92   129.0%   0.711  -0.017
03:58:38 | INFO    |                  NaiveSeasonal          184.17      13.57   147.5%   1.036  -0.318
03:58:38 | INFO    |                  NaiveMean              160.42      12.67   129.1%   0.747  -0.148
03:58:38 | INFO    |                  Persistence            169.08      13.00   144.1%   0.747  -0.210
03:58:38 | INFO    |                  SARIMA                 155.04      12.45   137.5%   0.934  -0.110
03:58:38 | INFO    |                  TSB                    155.04      12.45   128.1%   0.767  -0.110
03:58:38 | INFO    |                  Croston-SBA            181.06      13.46   122.3%   0.782  -0.296
03:58:38 | INFO    |                  CatBoost-2S            133.11      11.54   131.4%   0.752   0.048
03:58:38 | INFO    |                  Ridge-2S               129.41      11.38   129.8%   0.755   0.074
03:58:38 | INFO    |                  CondCatBoost           134.03      11.58   131.4%   0.754   0.041
03:58:38 | INFO    |                  LightGBM               133.98      11.58   131.1%   0.752   0.041
03:58:38 | INFO    |                  TwoStage               128.20      11.32   133.3%   0.785   0.083
03:58:38 | INFO    | ----------------------------------------------------------------------------------------------------------------------------------
03:58:38 | INFO    | 端子箱              CatBoost                 9.27       3.04   121.5%   0.714   0.086
03:58:38 | INFO    |                  NaiveSeasonal          457.50      21.39   154.7%   3.667 -44.123
03:58:38 | INFO    |                  NaiveMean               10.18       3.19   107.3%   0.857  -0.004
03:58:38 | INFO    |                  Persistence             10.83       3.29   119.7%   0.764  -0.069
03:58:38 | INFO    |                  SARIMA                 955.65      30.91   160.2%   5.587 -93.256
03:58:38 | INFO    |                  TSB                     13.73       3.71   131.5%   1.501  -0.355
03:58:38 | INFO    |                  Croston-SBA              9.78       3.13   129.4%   0.875   0.035
03:58:38 | INFO    |                  CatBoost-2S              9.69       3.11   112.5%   0.646   0.044
03:58:38 | INFO    |                  Ridge-2S                 8.62       2.94   124.4%   1.111   0.150
03:58:38 | INFO    |                  CondCatBoost             9.25       3.04   111.9%   0.641   0.088
03:58:38 | INFO    |                  LightGBM                 7.83       2.80   111.0%   0.662   0.228
03:58:38 | INFO    |                  TwoStage                 9.04       3.01   116.1%   0.665   0.108
03:58:38 | INFO    | ----------------------------------------------------------------------------------------------------------------------------------
03:58:38 | INFO    | 
03:58:38 | INFO    |   [图表] 预测对比图(火灾报警系统) → outputs/figures\预测对比_火灾报警系统.png
03:58:39 | INFO    |   [图表] 预测对比图(线路在线监测装置) → outputs/figures\预测对比_线路在线监测装置.png
03:58:39 | INFO    |   [图表] 预测对比图(一体化电源系统) → outputs/figures\预测对比_一体化电源系统.png
03:58:39 | INFO    |   [图表] 预测对比图(变电在线监测装置) → outputs/figures\预测对比_变电在线监测装置.png
03:58:40 | INFO    |   [图表] 预测对比图(端子箱) → outputs/figures\预测对比_端子箱.png
03:58:41 | INFO    |   [图表] 指标对比图 → outputs/figures\指标对比图.png
03:58:41 | INFO    | 
03:58:41 | INFO    | ======================================================================
03:58:41 | INFO    |   模型性能排序 (按R^2)
03:58:41 | INFO    | ======================================================================
03:58:41 | INFO    |   火灾报警系统: [1st] SARIMA (R^2=0.1713)  [2nd] NaiveSeasonal (R^2=0.0317)  [3rd] Persistence (R^2=0.0000)
03:58:41 | INFO    |   线路在线监测装置: [1st] TwoStage (R^2=-0.0793)  [2nd] LightGBM (R^2=-0.1419)  [3rd] CondCatBoost (R^2=-0.1429)
03:58:41 | INFO    |   一体化电源系统: [1st] CatBoost-2S (R^2=0.3595)  [2nd] CondCatBoost (R^2=0.3580)  [3rd] LightGBM (R^2=0.3571)
03:58:41 | INFO    |   变电在线监测装置: [1st] TwoStage (R^2=0.0826)  [2nd] Ridge-2S (R^2=0.0739)  [3rd] CatBoost-2S (R^2=0.0475)
03:58:41 | INFO    |   端子箱: [1st] LightGBM (R^2=0.2276)  [2nd] Ridge-2S (R^2=0.1500)  [3rd] TwoStage (R^2=0.1082)
03:58:41 | INFO    | 
03:58:41 | INFO    | 所有图表已保存至: C:\Users\董文涛\PycharmProjects\vmd-catboost\outputs\figures/
03:58:41 | INFO    | 日志文件: C:\Users\董文涛\PycharmProjects\vmd-catboost\outputs\logs\main_20260708_035818.log
03:58:41 | INFO    | 完成!
