00:06:04 | INFO    | ======================================================================
00:06:04 | INFO    |   配电网物资需求预测 —— VMD-CatBoost 模型对比实验
00:06:04 | INFO    |   物资: Top5采购频率最高 (从ECP数据自动选择)
00:06:04 | INFO    |   因子: 批次事件特征 + 项目数量 + 自回归滞后
00:06:04 | INFO    |   模型: CatBoost / Conditional-CatBoost / N-HiTS / TwoStage + NaiveSeasonal/Persistence/SARIMA
00:06:04 | INFO    | ======================================================================
00:06:04 | INFO    |   日志文件: outputs/logs\main_20260708_000604.log
00:06:04 | INFO    | [1/8] 加载数据...
00:06:04 | INFO    | 读取已有数据文件: inputs\data.xlsx
00:06:05 | INFO    |   Sheet[交流避雷器]: 81 条, demand范围=[0.00, 7580.00]
00:06:05 | INFO    |   Sheet[电容式电压互感器]: 81 条, demand范围=[0.00, 426.00]
00:06:05 | INFO    |   Sheet[交流支柱绝缘子]: 81 条, demand范围=[0.00, 4888.00]
00:06:05 | INFO    |   Sheet[断路器保护]: 81 条, demand范围=[0.00, 173.00]
00:06:05 | INFO    |   Sheet[电抗器保护]: 81 条, demand范围=[0.00, 67.00]
00:06:05 | INFO    |   物资: ['交流避雷器', '电容式电压互感器', '交流支柱绝缘子', '断路器保护', '电抗器保护']
00:06:07 | INFO    |   [图表] 需求量曲线 → outputs/figures\需求量曲线.png
00:06:07 | INFO    | 
00:06:07 | INFO    | [2/8] 处理 交流避雷器 (交流避雷器)...
00:06:07 | INFO    |   Top-4 影响因子: ['project_count', 'transformer_bids', 'monthly_bid_count', 'uhv_bids']
00:06:07 | INFO    |   [特征工程] top4=['project_count', 'transformer_bids', 'monthly_bid_count', 'uhv_bids'], n_factors=4 + lag+rolling+month = 13维
00:06:07 | INFO    |   [数据分割] 训练=69月, 测试=12月
00:06:07 | DEBUG   |   训练集: 69月, 测试集: 12月
00:06:07 | INFO    |   [3/8] 模型一: CatBoost...
00:06:07 | INFO    |   [CatBoost基线] iterations=1500, lr=0.02, depth=6, l2=3, loss=RMSE
00:06:08 | INFO    |         MSE=2861611.9863 RMSE=1691.6300 MAE=994.0773 R2=0.3306
00:06:08 | INFO    |   [Baseline] NaiveSeasonal: R2=0.0963
00:06:08 | INFO    |   [Baseline] Persistence: R2=-0.4689
00:06:09 | INFO    |   [Baseline] SARIMA: R2=0.2789
00:06:09 | INFO    |   [5/8] Conditional-CatBoost...
00:06:12 | INFO    |         MSE=2890365.9680 RMSE=1700.1076 MAE=1004.3463 R2=0.3239
00:06:12 | INFO    |   [6/8] N-HiTS...
