03:57:33 | INFO    | ======================================================================
03:57:33 | INFO    |   配电网物资需求预测 —— VMD-CatBoost 模型对比实验
03:57:33 | INFO    |   物资: Top5采购频率最高 (从ECP数据自动选择)
03:57:33 | INFO    |   因子: 批次事件特征 + 项目数量 + 自回归滞后
03:57:33 | INFO    |   模型: CatBoost / Conditional-CatBoost / N-HiTS / TwoStage + NaiveSeasonal/Persistence/SARIMA
03:57:33 | INFO    | ======================================================================
03:57:33 | INFO    |   日志文件: outputs/logs\main_20260708_035733.log
03:57:33 | INFO    | [1/8] 加载数据...
03:57:33 | INFO    | 读取已有数据文件: inputs\data.xlsx
03:57:33 | INFO    |   Sheet[交流避雷器]: 81 条, demand范围=[0.00, 7580.00]
03:57:33 | INFO    |   Sheet[电容式电压互感器]: 81 条, demand范围=[0.00, 426.00]
03:57:33 | INFO    |   Sheet[交流支柱绝缘子]: 81 条, demand范围=[0.00, 4888.00]
03:57:33 | INFO    |   Sheet[断路器保护]: 81 条, demand范围=[0.00, 173.00]
03:57:33 | INFO    |   Sheet[电抗器保护]: 81 条, demand范围=[0.00, 67.00]
03:57:33 | INFO    |   物资: ['交流避雷器', '电容式电压互感器', '交流支柱绝缘子', '断路器保护', '电抗器保护']
03:57:34 | INFO    |   [图表] 需求量曲线 → outputs/figures\需求量曲线.png
03:57:34 | INFO    | 
03:57:34 | INFO    | [2/8] 处理 交流避雷器 (交流避雷器)...
03:57:34 | INFO    |   [Spearman因子选择] 交流避雷器: top4=['project_count', 'transformer_bids', 'monthly_bid_count', 'uhv_bids']
03:57:34 | INFO    |   [特征工程] top4=['project_count', 'transformer_bids', 'monthly_bid_count', 'uhv_bids'], n_feat=13维, 训练=69月
03:57:34 | DEBUG   |   训练集: 69月, 测试集: 12月
03:57:34 | INFO    |   [3/8] 模型一: CatBoost...
03:57:34 | INFO    |         MSE=3870237.9946 RMSE=1967.2920 MAE=1123.5349 R2=0.0947
03:57:34 | INFO    |   [Baseline] NaiveSeasonal: R2=0.0963
03:57:34 | INFO    |   [Baseline] NaiveMean: R2=-0.0810
03:57:34 | INFO    |   [Baseline] TSB: R2=-0.0063
03:57:34 | INFO    |   [Baseline] Persistence: R2=-0.4689
03:57:34 | INFO    |   [Baseline] SARIMA: R2=0.2789
03:57:34 | INFO    |   [5/8] Conditional-CatBoost...
03:57:34 | INFO    |   [5/8] CatBoost-2S...
03:57:35 | INFO    |   [5/8] CatBoost-2S: R2=0.1471
03:57:35 | INFO    |   [6/8] Conditional-CatBoost...
03:57:36 | INFO    |         MSE=3655087.1863 RMSE=1911.8282 MAE=1142.3082 R2=0.1450
03:57:36 | INFO    |   [6/8] N-HiTS...
03:57:36 | WARNING |   [N-HiTS] samples=33<50, skip (小样本不稳定)
03:57:36 | INFO    |   [N-HiTS] 跳过 (未安装或失败)
03:57:36 | INFO    |   [基线] Croston-SBA: R2=-0.0304 sMAPE=114.2
03:57:39 | INFO    |   [对比] LightGBM: R2=0.0166
03:57:39 | INFO    |   [7/8] 两阶段预测...
03:57:40 | INFO    |   [两阶段] Stage1分类准确率=83.33%, 非零训练样本=42
03:57:40 | INFO    |         MSE=1873698.4620 RMSE=1368.8311 MAE=1059.2897 R2=0.5617
03:57:40 | INFO    |   [图表] 特征重要性(交流避雷器) → outputs/figures\特征重要性_交流避雷器.png
03:57:40 | INFO    | 
03:57:40 | INFO    | [2/8] 处理 电容式电压互感器 (电容式电压互感器)...
03:57:40 | INFO    |   [Spearman因子选择] 电容式电压互感器: top4=['project_count', 'transformer_bids', 'monthly_bid_count', 'uhv_bids']
03:57:40 | INFO    |   [特征工程] top4=['project_count', 'transformer_bids', 'monthly_bid_count', 'uhv_bids'], n_feat=13维, 训练=69月
03:57:40 | DEBUG   |   训练集: 69月, 测试集: 12月
03:57:40 | INFO    |   [3/8] 模型一: CatBoost...
03:57:40 | INFO    |         MSE=10311.8433 RMSE=101.5472 MAE=82.1143 R2=0.0830
03:57:40 | INFO    |   [Baseline] NaiveSeasonal: R2=-1.7481
03:57:40 | INFO    |   [Baseline] NaiveMean: R2=-0.5093
03:57:40 | INFO    |   [Baseline] TSB: R2=-0.1997
03:57:40 | INFO    |   [Baseline] Persistence: R2=-2.4236
03:57:40 | INFO    |   [Baseline] SARIMA: R2=-0.5009
03:57:40 | INFO    |   [5/8] Conditional-CatBoost...
03:57:40 | INFO    |   [5/8] CatBoost-2S...
03:57:41 | INFO    |   [5/8] CatBoost-2S: R2=0.4289
03:57:41 | INFO    |   [6/8] Conditional-CatBoost...
03:57:42 | INFO    |         MSE=6241.8812 RMSE=79.0056 MAE=63.2516 R2=0.4449
03:57:42 | INFO    |   [6/8] N-HiTS...
03:57:42 | WARNING |   [N-HiTS] samples=33<50, skip (小样本不稳定)
03:57:42 | INFO    |   [N-HiTS] 跳过 (未安装或失败)
03:57:42 | INFO    |   [基线] Croston-SBA: R2=-0.4015 sMAPE=86.2
03:57:42 | INFO    |   [对比] LightGBM: R2=0.2334
03:57:42 | INFO    |   [7/8] 两阶段预测...
03:57:43 | INFO    |   [两阶段] Stage1分类准确率=100.00%, 非零训练样本=42
03:57:43 | INFO    |         MSE=7586.9981 RMSE=87.1034 MAE=71.9766 R2=0.3253
03:57:43 | INFO    |   [图表] 特征重要性(电容式电压互感器) → outputs/figures\特征重要性_电容式电压互感器.png
03:57:43 | INFO    | 
03:57:43 | INFO    | [2/8] 处理 交流支柱绝缘子 (交流支柱绝缘子)...
03:57:43 | INFO    |   [Spearman因子选择] 交流支柱绝缘子: top4=['project_count', 'transformer_bids', 'monthly_bid_count', 'uhv_bids']
03:57:43 | INFO    |   [特征工程] top4=['project_count', 'transformer_bids', 'monthly_bid_count', 'uhv_bids'], n_feat=13维, 训练=69月
03:57:43 | DEBUG   |   训练集: 69月, 测试集: 12月
03:57:43 | INFO    |   [3/8] 模型一: CatBoost...
03:57:44 | INFO    |         MSE=866965.2734 RMSE=931.1097 MAE=749.2339 R2=0.3426
03:57:44 | INFO    |   [Baseline] NaiveSeasonal: R2=-1.2457
03:57:44 | INFO    |   [Baseline] NaiveMean: R2=-0.1796
03:57:44 | INFO    |   [Baseline] TSB: R2=-0.0194
03:57:44 | INFO    |   [Baseline] Persistence: R2=-0.4130
03:57:44 | INFO    |   [Baseline] SARIMA: R2=-0.3865
03:57:44 | INFO    |   [5/8] Conditional-CatBoost...
03:57:44 | INFO    |   [5/8] CatBoost-2S...
03:57:44 | INFO    |   [5/8] CatBoost-2S: R2=0.3395
03:57:44 | INFO    |   [6/8] Conditional-CatBoost...
03:57:45 | INFO    |         MSE=858115.4322 RMSE=926.3452 MAE=719.3710 R2=0.3493
03:57:45 | INFO    |   [6/8] N-HiTS...
03:57:45 | WARNING |   [N-HiTS] samples=33<50, skip (小样本不稳定)
03:57:45 | INFO    |   [N-HiTS] 跳过 (未安装或失败)
03:57:45 | INFO    |   [基线] Croston-SBA: R2=-0.0827 sMAPE=116.1
03:57:46 | INFO    |   [对比] LightGBM: R2=0.1393
03:57:46 | INFO    |   [7/8] 两阶段预测...
03:57:47 | INFO    |   [两阶段] Stage1分类准确率=83.33%, 非零训练样本=42
03:57:47 | INFO    |         MSE=1093325.0978 RMSE=1045.6219 MAE=792.9761 R2=0.1709
03:57:47 | INFO    |   [图表] 特征重要性(交流支柱绝缘子) → outputs/figures\特征重要性_交流支柱绝缘子.png
03:57:47 | INFO    | 
03:57:47 | INFO    | [2/8] 处理 断路器保护 (断路器保护)...
03:57:47 | INFO    |   [Spearman因子选择] 断路器保护: top4=['project_count', 'monthly_bid_count', 'transformer_bids', 'uhv_bids']
03:57:47 | INFO    |   [特征工程] top4=['project_count', 'monthly_bid_count', 'transformer_bids', 'uhv_bids'], n_feat=13维, 训练=69月
03:57:47 | DEBUG   |   训练集: 69月, 测试集: 12月
03:57:47 | INFO    |   [3/8] 模型一: CatBoost...
03:57:47 | INFO    |         MSE=184.5529 RMSE=13.5850 MAE=9.5205 R2=0.6644
03:57:47 | INFO    |   [Baseline] NaiveSeasonal: R2=-0.5356
03:57:47 | INFO    |   [Baseline] NaiveMean: R2=-0.0012
03:57:47 | INFO    |   [Baseline] TSB: R2=-0.1427
03:57:47 | INFO    |   [Baseline] Persistence: R2=-4.2483
03:57:47 | INFO    |   [Baseline] SARIMA: R2=-0.5684
03:57:47 | INFO    |   [5/8] Conditional-CatBoost...
03:57:47 | INFO    |   [5/8] CatBoost-2S...
03:57:48 | INFO    |   [5/8] CatBoost-2S: R2=0.6291
03:57:48 | INFO    |   [6/8] Conditional-CatBoost...
03:57:48 | INFO    |         MSE=233.0330 RMSE=15.2654 MAE=12.7287 R2=0.5762
03:57:48 | INFO    |   [6/8] N-HiTS...
03:57:48 | WARNING |   [N-HiTS] samples=33<50, skip (小样本不稳定)
03:57:48 | INFO    |   [N-HiTS] 跳过 (未安装或失败)
03:57:48 | INFO    |   [基线] Croston-SBA: R2=-0.0426 sMAPE=118.8
03:57:49 | INFO    |   [对比] LightGBM: R2=-0.0518
03:57:49 | INFO    |   [7/8] 两阶段预测...
03:57:50 | INFO    |   [两阶段] Stage1分类准确率=83.33%, 非零训练样本=41
03:57:50 | INFO    |         MSE=528.9493 RMSE=22.9989 MAE=18.2899 R2=0.0381
03:57:50 | INFO    |   [图表] 特征重要性(断路器保护) → outputs/figures\特征重要性_断路器保护.png
03:57:50 | INFO    | 
03:57:50 | INFO    | [2/8] 处理 电抗器保护 (电抗器保护)...
03:57:50 | INFO    |   [Spearman因子选择] 电抗器保护: top4=['project_count', 'monthly_bid_count', 'uhv_bids', 'transformer_bids']
03:57:50 | INFO    |   [特征工程] top4=['project_count', 'monthly_bid_count', 'uhv_bids', 'transformer_bids'], n_feat=13维, 训练=69月
03:57:50 | DEBUG   |   训练集: 69月, 测试集: 12月
03:57:50 | INFO    |   [3/8] 模型一: CatBoost...
03:57:50 | INFO    |         MSE=47.9660 RMSE=6.9258 MAE=5.4524 R2=0.3112
03:57:50 | INFO    |   [Baseline] NaiveSeasonal: R2=-2.5457
03:57:50 | INFO    |   [Baseline] NaiveMean: R2=-0.0007
03:57:50 | INFO    |   [Baseline] TSB: R2=-0.5969
03:57:50 | INFO    |   [Baseline] Persistence: R2=-0.0483
03:57:51 | INFO    |   [Baseline] SARIMA: R2=-3.2378
03:57:51 | INFO    |   [5/8] Conditional-CatBoost...
03:57:51 | INFO    |   [5/8] CatBoost-2S...
03:57:51 | INFO    |   [5/8] CatBoost-2S: R2=0.0789
03:57:51 | INFO    |   [6/8] Conditional-CatBoost...
03:57:52 | INFO    |         MSE=57.8761 RMSE=7.6076 MAE=5.8402 R2=0.1689
03:57:52 | INFO    |   [6/8] N-HiTS...
03:57:52 | WARNING |   [N-HiTS] samples=33<50, skip (小样本不稳定)
03:57:52 | INFO    |   [N-HiTS] 跳过 (未安装或失败)
03:57:52 | INFO    |   [基线] Croston-SBA: R2=-0.2051 sMAPE=85.6
03:57:53 | INFO    |   [对比] LightGBM: R2=0.0890
03:57:53 | INFO    |   [7/8] 两阶段预测...
03:57:54 | INFO    |   [两阶段] Stage1分类准确率=91.67%, 非零训练样本=41
03:57:54 | INFO    |         MSE=45.0236 RMSE=6.7100 MAE=4.9259 R2=0.3535
03:57:54 | INFO    |   [图表] 特征重要性(电抗器保护) → outputs/figures\特征重要性_电抗器保护.png
03:57:54 | INFO    | 
03:57:54 | INFO    | [8/8] 汇总评估与可视化...
03:57:54 | INFO    | 
03:57:54 | INFO    | ========================================================================================================================
03:57:54 | INFO    | 评估指标汇总表
03:57:54 | INFO    | ========================================================================================================================
03:57:54 | INFO    | 物资               模型                        MSE       RMSE    sMAPE     MASE       R2
03:57:54 | INFO    | ----------------------------------------------------------------------------------------------------------------------------------
03:57:54 | INFO    | 交流避雷器            CatBoost           3870237.99    1967.29   108.0%   0.495   0.095
03:57:54 | INFO    |                  NaiveSeasonal      3863131.42    1965.48   144.4%   0.586   0.096
03:57:54 | INFO    |                  NaiveMean          4621066.32    2149.67   115.7%   0.585  -0.081
03:57:54 | INFO    |                  Persistence        6279299.58    2505.85   170.8%   0.629  -0.469
03:57:54 | INFO    |                  SARIMA             3082744.73    1755.77   127.3%   0.598   0.279
03:57:54 | INFO    |                  TSB                4301805.89    2074.08   112.3%   0.616  -0.006
03:57:54 | INFO    |                  Croston-SBA        4405092.61    2098.83   114.2%   0.602  -0.030
03:57:54 | INFO    |                  CatBoost-2S        3646202.46    1909.50   107.6%   0.492   0.147
03:57:54 | INFO    |                  Ridge-2S           1932508.26    1390.15    88.8%   0.452   0.548
03:57:54 | INFO    |                  CondCatBoost       3655087.19    1911.83   109.0%   0.503   0.145
03:57:54 | INFO    |                  LightGBM           4204122.01    2050.40   115.2%   0.571   0.017
03:57:54 | INFO    |                  TwoStage           1873698.46    1368.83   108.7%   0.466   0.562
03:57:54 | INFO    | ----------------------------------------------------------------------------------------------------------------------------------
03:57:54 | INFO    | 电容式电压互感器         CatBoost             10311.84     101.55    74.6%   0.753   0.083
03:57:54 | INFO    |                  NaiveSeasonal        30901.17     175.79   128.8%   1.335  -1.748
03:57:54 | INFO    |                  NaiveMean            16971.83     130.28    90.8%   1.054  -0.509
03:57:54 | INFO    |                  Persistence          38497.25     196.21   179.0%   1.551  -2.424
03:57:54 | INFO    |                  SARIMA               16876.73     129.91    85.9%   0.997  -0.501
03:57:54 | INFO    |                  TSB                  13490.87     116.15    76.3%   0.924  -0.200
03:57:54 | INFO    |                  Croston-SBA          15759.01     125.53    86.2%   1.015  -0.402
03:57:54 | INFO    |                  CatBoost-2S           6421.57      80.13    61.9%   0.590   0.429
03:57:54 | INFO    |                  Ridge-2S              8220.63      90.67    61.7%   0.582   0.269
03:57:54 | INFO    |                  CondCatBoost          6241.88      79.01    61.6%   0.580   0.445
03:57:54 | INFO    |                  LightGBM              8620.71      92.85    66.5%   0.683   0.233
03:57:54 | INFO    |                  TwoStage              7587.00      87.10    64.8%   0.660   0.325
03:57:54 | INFO    | ----------------------------------------------------------------------------------------------------------------------------------
03:57:54 | INFO    | 交流支柱绝缘子          CatBoost            866965.27     931.11   108.3%   0.515   0.343
03:57:54 | INFO    |                  NaiveSeasonal      2961393.50    1720.87   124.7%   0.916  -1.246
03:57:54 | INFO    |                  NaiveMean          1555612.37    1247.24   123.8%   0.735  -0.180
03:57:54 | INFO    |                  Persistence        1863355.50    1365.05   137.6%   0.764  -0.413
03:57:54 | INFO    |                  SARIMA             1828421.85    1352.19   112.5%   0.774  -0.387
03:57:54 | INFO    |                  TSB                1344319.49    1159.45   108.5%   0.698  -0.019
03:57:54 | INFO    |                  Croston-SBA        1427735.88    1194.88   116.1%   0.717  -0.083
03:57:54 | INFO    |                  CatBoost-2S         870948.14     933.25   103.4%   0.488   0.340
03:57:54 | INFO    |                  Ridge-2S            785526.24     886.30    86.4%   0.416   0.404
03:57:54 | INFO    |                  CondCatBoost        858115.43     926.35   103.8%   0.494   0.349
03:57:54 | INFO    |                  LightGBM           1134966.14    1065.35   107.5%   0.549   0.139
03:57:54 | INFO    |                  TwoStage           1093325.10    1045.62   106.6%   0.545   0.171
03:57:54 | INFO    | ----------------------------------------------------------------------------------------------------------------------------------
03:57:54 | INFO    | 断路器保护            CatBoost               184.55      13.59    89.2%   0.386   0.664
03:57:54 | INFO    |                  NaiveSeasonal          844.42      29.06   124.4%   0.822  -0.536
03:57:54 | INFO    |                  NaiveMean              550.55      23.46   107.6%   0.639  -0.001
03:57:54 | INFO    |                  Persistence           2886.00      53.72   144.8%   2.084  -4.248
03:57:54 | INFO    |                  SARIMA                 862.47      29.37   131.2%   1.118  -0.568
03:57:54 | INFO    |                  TSB                    628.37      25.07   124.0%   0.900  -0.143
03:57:54 | INFO    |                  Croston-SBA            573.30      23.94   118.8%   0.792  -0.043
03:57:54 | INFO    |                  CatBoost-2S            203.96      14.28    98.1%   0.495   0.629
03:57:54 | INFO    |                  Ridge-2S               425.38      20.62    82.5%   0.565   0.226
03:57:54 | INFO    |                  CondCatBoost           233.03      15.27    99.3%   0.517   0.576
03:57:54 | INFO    |                  LightGBM               578.35      24.05   123.8%   0.774  -0.052
03:57:54 | INFO    |                  TwoStage               528.95      23.00   120.4%   0.742   0.038
03:57:54 | INFO    | ----------------------------------------------------------------------------------------------------------------------------------
03:57:54 | INFO    | 电抗器保护            CatBoost                47.97       6.93    84.3%   0.612   0.311
03:57:54 | INFO    |                  NaiveSeasonal          246.92      15.71   126.2%   1.468  -2.546
03:57:54 | INFO    |                  NaiveMean               69.69       8.35    88.5%   0.778  -0.001
03:57:54 | INFO    |                  Persistence             73.00       8.54    91.7%   0.767  -0.048
03:57:54 | INFO    |                  SARIMA                 295.11      17.18   102.6%   1.692  -3.238
03:57:54 | INFO    |                  TSB                    111.21      10.55    88.5%   1.007  -0.597
03:57:54 | INFO    |                  Croston-SBA             83.92       9.16    85.6%   0.865  -0.205
03:57:54 | INFO    |                  CatBoost-2S             64.15       8.01    80.7%   0.660   0.079
03:57:54 | INFO    |                  Ridge-2S               210.95      14.52    51.0%   1.005  -2.029
03:57:54 | INFO    |                  CondCatBoost            57.88       7.61    80.2%   0.655   0.169
03:57:54 | INFO    |                  LightGBM                63.44       7.96    87.5%   0.708   0.089
03:57:54 | INFO    |                  TwoStage                45.02       6.71    76.8%   0.553   0.353
03:57:54 | INFO    | ----------------------------------------------------------------------------------------------------------------------------------
03:57:54 | INFO    | 
03:57:54 | INFO    |   [图表] 预测对比图(交流避雷器) → outputs/figures\预测对比_交流避雷器.png
03:57:55 | INFO    |   [图表] 预测对比图(电容式电压互感器) → outputs/figures\预测对比_电容式电压互感器.png
03:57:55 | INFO    |   [图表] 预测对比图(交流支柱绝缘子) → outputs/figures\预测对比_交流支柱绝缘子.png
03:57:56 | INFO    |   [图表] 预测对比图(断路器保护) → outputs/figures\预测对比_断路器保护.png
03:57:56 | INFO    |   [图表] 预测对比图(电抗器保护) → outputs/figures\预测对比_电抗器保护.png
03:57:57 | INFO    |   [图表] 指标对比图 → outputs/figures\指标对比图.png
03:57:57 | INFO    | 
03:57:57 | INFO    | ======================================================================
03:57:57 | INFO    |   模型性能排序 (按R^2)
03:57:57 | INFO    | ======================================================================
03:57:57 | INFO    |   交流避雷器: [1st] TwoStage (R^2=0.5617)  [2nd] Ridge-2S (R^2=0.5479)  [3rd] SARIMA (R^2=0.2789)
03:57:57 | INFO    |   电容式电压互感器: [1st] CondCatBoost (R^2=0.4449)  [2nd] CatBoost-2S (R^2=0.4289)  [3rd] TwoStage (R^2=0.3253)
03:57:57 | INFO    |   交流支柱绝缘子: [1st] Ridge-2S (R^2=0.4043)  [2nd] CondCatBoost (R^2=0.3493)  [3rd] CatBoost (R^2=0.3426)
03:57:57 | INFO    |   断路器保护: [1st] CatBoost (R^2=0.6644)  [2nd] CatBoost-2S (R^2=0.6291)  [3rd] CondCatBoost (R^2=0.5762)
03:57:57 | INFO    |   电抗器保护: [1st] TwoStage (R^2=0.3535)  [2nd] CatBoost (R^2=0.3112)  [3rd] CondCatBoost (R^2=0.1689)
03:57:57 | INFO    | 
03:57:57 | INFO    | 所有图表已保存至: C:\Users\董文涛\PycharmProjects\vmd-catboost\outputs\figures/
03:57:57 | INFO    | 日志文件: C:\Users\董文涛\PycharmProjects\vmd-catboost\outputs\logs\main_20260708_035733.log
03:57:57 | INFO    | 完成!
