02:57:12 | INFO    | ======================================================================
02:57:12 | INFO    |   配电网物资需求预测 —— VMD-CatBoost 模型对比实验
02:57:12 | INFO    |   物资: Top5采购频率最高 (从ECP数据自动选择)
02:57:12 | INFO    |   因子: 批次事件特征 + 项目数量 + 自回归滞后
02:57:12 | INFO    |   模型: CatBoost / Conditional-CatBoost / N-HiTS / TwoStage + NaiveSeasonal/Persistence/SARIMA
02:57:12 | INFO    | ======================================================================
02:57:12 | INFO    |   日志文件: outputs/logs\main_20260708_025712.log
02:57:12 | INFO    | [1/8] 加载数据...
02:57:12 | INFO    | 读取已有数据文件: inputs\data.xlsx
02:57:12 | INFO    |   Sheet[交流避雷器]: 81 条, demand范围=[0.00, 7580.00]
02:57:12 | INFO    |   Sheet[电容式电压互感器]: 81 条, demand范围=[0.00, 426.00]
02:57:12 | INFO    |   Sheet[交流支柱绝缘子]: 81 条, demand范围=[0.00, 4888.00]
02:57:12 | INFO    |   Sheet[断路器保护]: 81 条, demand范围=[0.00, 173.00]
02:57:12 | INFO    |   Sheet[电抗器保护]: 81 条, demand范围=[0.00, 67.00]
02:57:12 | INFO    |   物资: ['交流避雷器', '电容式电压互感器', '交流支柱绝缘子', '断路器保护', '电抗器保护']
02:57:13 | INFO    |   [图表] 需求量曲线 → outputs/figures\需求量曲线.png
02:57:13 | INFO    | 
02:57:13 | INFO    | [2/8] 处理 交流避雷器 (交流避雷器)...
02:57:13 | INFO    |   [Spearman因子选择] 交流避雷器: top4=['project_count', 'transformer_bids', 'monthly_bid_count', 'uhv_bids']
02:57:13 | INFO    |   [特征工程] top4=['project_count', 'transformer_bids', 'monthly_bid_count', 'uhv_bids'], n_feat=13维, 训练=69月
02:57:13 | DEBUG   |   训练集: 69月, 测试集: 12月
02:57:13 | INFO    |   [3/8] 模型一: CatBoost...
02:57:13 | INFO    |   [CatBoost基线] iterations=1500, lr=0.02, depth=6, l2=3, loss=RMSE
02:57:13 | INFO    |         MSE=3905155.9647 RMSE=1976.1467 MAE=1132.0517 R2=0.0865
02:57:13 | INFO    |   [Baseline] NaiveSeasonal: R2=0.0963
02:57:13 | INFO    |   [Baseline] Persistence: R2=-0.4689
02:57:13 | INFO    |   [Baseline] SARIMA: R2=0.2789
02:57:13 | INFO    |   [5/8] Conditional-CatBoost...
02:57:14 | INFO    |         MSE=3935684.6338 RMSE=1983.8560 MAE=1162.9888 R2=0.0794
02:57:14 | INFO    |   [6/8] N-HiTS...
02:57:14 | WARNING |   [N-HiTS] samples=33<50, skip (小样本不稳定)
02:57:14 | INFO    |   [N-HiTS] 跳过 (未安装或失败)
02:57:14 | INFO    |   [7/8] 两阶段预测...
02:57:15 | INFO    |   [两阶段] Stage1分类准确率=83.33%, 非零训练样本=42
02:57:15 | INFO    |         MSE=1891835.4287 RMSE=1375.4401 MAE=1061.5215 R2=0.5575
02:57:15 | INFO    |   [图表] 特征重要性(交流避雷器) → outputs/figures\特征重要性_交流避雷器.png
02:57:15 | INFO    | 
02:57:15 | INFO    | [2/8] 处理 电容式电压互感器 (电容式电压互感器)...
02:57:15 | INFO    |   [Spearman因子选择] 电容式电压互感器: top4=['project_count', 'monthly_bid_count', 'transformer_bids', 'uhv_bids']
02:57:15 | INFO    |   [特征工程] top4=['project_count', 'monthly_bid_count', 'transformer_bids', 'uhv_bids'], n_feat=13维, 训练=69月
02:57:15 | DEBUG   |   训练集: 69月, 测试集: 12月
02:57:15 | INFO    |   [3/8] 模型一: CatBoost...
02:57:15 | INFO    |   [CatBoost基线] iterations=1500, lr=0.02, depth=6, l2=3, loss=RMSE
02:57:15 | INFO    |         MSE=9623.2425 RMSE=98.0981 MAE=82.0832 R2=0.1442
02:57:15 | INFO    |   [Baseline] NaiveSeasonal: R2=-1.7481
02:57:15 | INFO    |   [Baseline] Persistence: R2=-2.4236
02:57:15 | INFO    |   [Baseline] SARIMA: R2=-0.5009
02:57:15 | INFO    |   [5/8] Conditional-CatBoost...
02:57:16 | INFO    |         MSE=10840.9790 RMSE=104.1200 MAE=86.1595 R2=0.0359
02:57:16 | INFO    |   [6/8] N-HiTS...
02:57:16 | WARNING |   [N-HiTS] samples=33<50, skip (小样本不稳定)
02:57:16 | INFO    |   [N-HiTS] 跳过 (未安装或失败)
02:57:16 | INFO    |   [7/8] 两阶段预测...
02:57:16 | INFO    |   [两阶段] Stage1分类准确率=83.33%, 非零训练样本=42
02:57:16 | INFO    |         MSE=7504.4649 RMSE=86.6283 MAE=71.7663 R2=0.3326
02:57:17 | INFO    |   [图表] 特征重要性(电容式电压互感器) → outputs/figures\特征重要性_电容式电压互感器.png
02:57:17 | INFO    | 
02:57:17 | INFO    | [2/8] 处理 交流支柱绝缘子 (交流支柱绝缘子)...
02:57:17 | INFO    |   [Spearman因子选择] 交流支柱绝缘子: top4=['project_count', 'transformer_bids', 'monthly_bid_count', 'uhv_bids']
02:57:17 | INFO    |   [特征工程] top4=['project_count', 'transformer_bids', 'monthly_bid_count', 'uhv_bids'], n_feat=13维, 训练=69月
02:57:17 | DEBUG   |   训练集: 69月, 测试集: 12月
02:57:17 | INFO    |   [3/8] 模型一: CatBoost...
02:57:17 | INFO    |   [CatBoost基线] iterations=1500, lr=0.02, depth=6, l2=3, loss=RMSE
02:57:17 | INFO    |         MSE=925941.4462 RMSE=962.2585 MAE=765.3215 R2=0.2978
02:57:17 | INFO    |   [Baseline] NaiveSeasonal: R2=-1.2457
02:57:17 | INFO    |   [Baseline] Persistence: R2=-0.4130
02:57:17 | INFO    |   [Baseline] SARIMA: R2=-0.3865
02:57:17 | INFO    |   [5/8] Conditional-CatBoost...
02:57:17 | INFO    |         MSE=938114.4548 RMSE=968.5631 MAE=788.2311 R2=0.2886
02:57:17 | INFO    |   [6/8] N-HiTS...
02:57:17 | WARNING |   [N-HiTS] samples=33<50, skip (小样本不稳定)
02:57:17 | INFO    |   [N-HiTS] 跳过 (未安装或失败)
02:57:17 | INFO    |   [7/8] 两阶段预测...
02:57:18 | INFO    |   [两阶段] Stage1分类准确率=83.33%, 非零训练样本=42
02:57:18 | INFO    |         MSE=1115307.9837 RMSE=1056.0814 MAE=802.3057 R2=0.1542
02:57:18 | INFO    |   [图表] 特征重要性(交流支柱绝缘子) → outputs/figures\特征重要性_交流支柱绝缘子.png
02:57:18 | INFO    | 
02:57:18 | INFO    | [2/8] 处理 断路器保护 (断路器保护)...
02:57:18 | INFO    |   [Spearman因子选择] 断路器保护: top4=['project_count', 'monthly_bid_count', 'uhv_bids', 'transformer_bids']
02:57:18 | INFO    |   [特征工程] top4=['project_count', 'monthly_bid_count', 'uhv_bids', 'transformer_bids'], n_feat=13维, 训练=69月
02:57:18 | DEBUG   |   训练集: 69月, 测试集: 12月
02:57:18 | INFO    |   [3/8] 模型一: CatBoost...
02:57:18 | INFO    |   [CatBoost基线] iterations=1500, lr=0.02, depth=6, l2=3, loss=RMSE
02:57:19 | INFO    |         MSE=209.5768 RMSE=14.4768 MAE=10.4576 R2=0.6189
02:57:19 | INFO    |   [Baseline] NaiveSeasonal: R2=-0.5356
02:57:19 | INFO    |   [Baseline] Persistence: R2=-4.2483
02:57:19 | INFO    |   [Baseline] SARIMA: R2=-0.5684
02:57:19 | INFO    |   [5/8] Conditional-CatBoost...
02:57:19 | INFO    |         MSE=202.3055 RMSE=14.2234 MAE=10.0524 R2=0.6321
02:57:19 | INFO    |   [6/8] N-HiTS...
02:57:19 | WARNING |   [N-HiTS] samples=33<50, skip (小样本不稳定)
02:57:19 | INFO    |   [N-HiTS] 跳过 (未安装或失败)
02:57:19 | INFO    |   [7/8] 两阶段预测...
02:57:20 | INFO    |   [两阶段] Stage1分类准确率=83.33%, 非零训练样本=41
02:57:20 | INFO    |         MSE=357.5034 RMSE=18.9078 MAE=15.1614 R2=0.3499
02:57:20 | INFO    |   [图表] 特征重要性(断路器保护) → outputs/figures\特征重要性_断路器保护.png
02:57:20 | INFO    | 
02:57:20 | INFO    | [2/8] 处理 电抗器保护 (电抗器保护)...
02:57:20 | INFO    |   [Spearman因子选择] 电抗器保护: top4=['project_count', 'monthly_bid_count', 'uhv_bids', 'transformer_bids']
02:57:20 | INFO    |   [特征工程] top4=['project_count', 'monthly_bid_count', 'uhv_bids', 'transformer_bids'], n_feat=13维, 训练=69月
02:57:20 | DEBUG   |   训练集: 69月, 测试集: 12月
02:57:20 | INFO    |   [3/8] 模型一: CatBoost...
02:57:20 | INFO    |   [CatBoost基线] iterations=1500, lr=0.02, depth=6, l2=3, loss=RMSE
02:57:20 | INFO    |         MSE=46.0932 RMSE=6.7892 MAE=5.3528 R2=0.3381
02:57:20 | INFO    |   [Baseline] NaiveSeasonal: R2=-2.5457
02:57:20 | INFO    |   [Baseline] Persistence: R2=-0.0483
02:57:20 | INFO    |   [Baseline] SARIMA: R2=-3.2378
02:57:20 | INFO    |   [5/8] Conditional-CatBoost...
02:57:21 | INFO    |         MSE=43.5077 RMSE=6.5960 MAE=5.2684 R2=0.3752
02:57:21 | INFO    |   [6/8] N-HiTS...
02:57:21 | WARNING |   [N-HiTS] samples=33<50, skip (小样本不稳定)
02:57:21 | INFO    |   [N-HiTS] 跳过 (未安装或失败)
02:57:21 | INFO    |   [7/8] 两阶段预测...
02:57:22 | INFO    |   [两阶段] Stage1分类准确率=100.00%, 非零训练样本=41
02:57:22 | INFO    |         MSE=43.1723 RMSE=6.5706 MAE=4.6949 R2=0.3801
02:57:22 | INFO    |   [图表] 特征重要性(电抗器保护) → outputs/figures\特征重要性_电抗器保护.png
02:57:22 | INFO    | 
02:57:22 | INFO    | [8/8] 汇总评估与可视化...
02:57:22 | INFO    | 
02:57:22 | INFO    | ========================================================================================================================
02:57:22 | INFO    | 评估指标汇总表
02:57:22 | INFO    | ========================================================================================================================
02:57:22 | INFO    | 物资               模型                              MSE         RMSE          MAE          R^2
02:57:22 | INFO    | ------------------------------------------------------------------------------------------------------------------------
02:57:22 | INFO    | 交流避雷器            CatBoost               3905155.9647    1976.1467    1132.0517       0.0865
02:57:22 | INFO    |                  NaiveSeasonal          3863131.4167    1965.4850    1331.0833       0.0963
02:57:22 | INFO    |                  Persistence            6279299.5833    2505.8531    1428.4167      -0.4689
02:57:22 | INFO    |                  SARIMA                 3082744.7301    1755.7747    1356.8946       0.2789
02:57:22 | INFO    |                  CondCatBoost           3935684.6338    1983.8560    1162.9888       0.0794
02:57:22 | INFO    |                  TwoStage               1891835.4287    1375.4401    1061.5215       0.5575
02:57:22 | INFO    | ------------------------------------------------------------------------------------------------------------------------
02:57:22 | INFO    | 电容式电压互感器         CatBoost                  9623.2425      98.0981      82.0832       0.1442
02:57:22 | INFO    |                  NaiveSeasonal            30901.1667     175.7873     145.5000      -1.7481
02:57:22 | INFO    |                  Persistence              38497.2500     196.2072     169.0833      -2.4236
02:57:22 | INFO    |                  SARIMA                   16876.7335     129.9105     108.6409      -0.5009
02:57:22 | INFO    |                  CondCatBoost             10840.9790     104.1200      86.1595       0.0359
02:57:22 | INFO    |                  TwoStage                  7504.4649      86.6283      71.7663       0.3326
02:57:22 | INFO    | ------------------------------------------------------------------------------------------------------------------------
02:57:22 | INFO    | 交流支柱绝缘子          CatBoost                925941.4462     962.2585     765.3215       0.2978
02:57:22 | INFO    |                  NaiveSeasonal          2961393.5000    1720.8700    1333.1667      -1.2457
02:57:22 | INFO    |                  Persistence            1863355.5000    1365.0478    1111.5000      -0.4130
02:57:22 | INFO    |                  SARIMA                 1828421.8534    1352.1915    1126.2574      -0.3865
02:57:22 | INFO    |                  CondCatBoost            938114.4548     968.5631     788.2311       0.2886
02:57:22 | INFO    |                  TwoStage               1115307.9837    1056.0814     802.3057       0.1542
02:57:22 | INFO    | ------------------------------------------------------------------------------------------------------------------------
02:57:22 | INFO    | 断路器保护            CatBoost                   209.5768      14.4768      10.4576       0.6189
02:57:22 | INFO    |                  NaiveSeasonal              844.4167      29.0588      20.2500      -0.5356
02:57:22 | INFO    |                  Persistence               2886.0000      53.7215      51.3333      -4.2483
02:57:22 | INFO    |                  SARIMA                     862.4666      29.3678      27.5372      -0.5684
02:57:22 | INFO    |                  CondCatBoost               202.3055      14.2234      10.0524       0.6321
02:57:22 | INFO    |                  TwoStage                   357.5034      18.9078      15.1614       0.3499
02:57:22 | INFO    | ------------------------------------------------------------------------------------------------------------------------
02:57:22 | INFO    | 电抗器保护            CatBoost                    46.0932       6.7892       5.3528       0.3381
02:57:22 | INFO    |                  NaiveSeasonal              246.9167      15.7136      13.0833      -2.5457
02:57:22 | INFO    |                  Persistence                 73.0000       8.5440       6.8333      -0.0483
02:57:22 | INFO    |                  SARIMA                     295.1140      17.1789      15.0759      -3.2378
02:57:22 | INFO    |                  CondCatBoost                43.5077       6.5960       5.2684       0.3752
02:57:22 | INFO    |                  TwoStage                    43.1723       6.5706       4.6949       0.3801
02:57:22 | INFO    | ------------------------------------------------------------------------------------------------------------------------
02:57:22 | INFO    | 
02:57:22 | INFO    |   [图表] 预测对比图(交流避雷器) → outputs/figures\预测对比_交流避雷器.png
02:57:23 | INFO    |   [图表] 预测对比图(电容式电压互感器) → outputs/figures\预测对比_电容式电压互感器.png
02:57:23 | INFO    |   [图表] 预测对比图(交流支柱绝缘子) → outputs/figures\预测对比_交流支柱绝缘子.png
02:57:23 | INFO    |   [图表] 预测对比图(断路器保护) → outputs/figures\预测对比_断路器保护.png
02:57:23 | INFO    |   [图表] 预测对比图(电抗器保护) → outputs/figures\预测对比_电抗器保护.png
02:57:25 | INFO    |   [图表] 指标对比图 → outputs/figures\指标对比图.png
02:57:25 | INFO    | 
02:57:25 | INFO    | ======================================================================
02:57:25 | INFO    |   模型性能排序 (按R^2)
02:57:25 | INFO    | ======================================================================
02:57:25 | INFO    |   交流避雷器: [1st] TwoStage (R^2=0.5575)  [2nd] SARIMA (R^2=0.2789)  [3rd] NaiveSeasonal (R^2=0.0963)
02:57:25 | INFO    |   电容式电压互感器: [1st] TwoStage (R^2=0.3326)  [2nd] CatBoost (R^2=0.1442)  [3rd] CondCatBoost (R^2=0.0359)
02:57:25 | INFO    |   交流支柱绝缘子: [1st] CatBoost (R^2=0.2978)  [2nd] CondCatBoost (R^2=0.2886)  [3rd] TwoStage (R^2=0.1542)
02:57:25 | INFO    |   断路器保护: [1st] CondCatBoost (R^2=0.6321)  [2nd] CatBoost (R^2=0.6189)  [3rd] TwoStage (R^2=0.3499)
02:57:25 | INFO    |   电抗器保护: [1st] TwoStage (R^2=0.3801)  [2nd] CondCatBoost (R^2=0.3752)  [3rd] CatBoost (R^2=0.3381)
02:57:25 | INFO    | 
02:57:25 | INFO    | 所有图表已保存至: C:\Users\董文涛\PycharmProjects\vmd-catboost\outputs\figures/
02:57:25 | INFO    | 日志文件: C:\Users\董文涛\PycharmProjects\vmd-catboost\outputs\logs\main_20260708_025712.log
02:57:25 | INFO    | 完成!
