03:01:21 | INFO    | ======================================================================
03:01:21 | INFO    |   配电网物资需求预测 —— VMD-CatBoost 模型对比实验
03:01:21 | INFO    |   物资: Top5采购频率最高 (从ECP数据自动选择)
03:01:21 | INFO    |   因子: 批次事件特征 + 项目数量 + 自回归滞后
03:01:21 | INFO    |   模型: CatBoost / Conditional-CatBoost / N-HiTS / TwoStage + NaiveSeasonal/Persistence/SARIMA
03:01:21 | INFO    | ======================================================================
03:01:21 | INFO    |   日志文件: outputs/logs\main_20260708_030121.log
03:01:21 | INFO    | [1/8] 加载数据...
03:01:21 | INFO    | 读取已有数据文件: inputs\data.xlsx
03:01:21 | INFO    |   Sheet[火灾报警系统]: 81 条, demand范围=[0.00, 18.00]
03:01:21 | INFO    |   Sheet[线路在线监测装置]: 81 条, demand范围=[0.00, 1549.00]
03:01:21 | INFO    |   Sheet[一体化电源系统]: 81 条, demand范围=[0.00, 27.00]
03:01:21 | INFO    |   Sheet[变电在线监测装置]: 81 条, demand范围=[0.00, 36.00]
03:01:21 | INFO    |   Sheet[端子箱]: 81 条, demand范围=[0.00, 75.00]
03:01:21 | INFO    |   物资: ['火灾报警系统', '线路在线监测装置', '一体化电源系统', '变电在线监测装置', '端子箱']
03:01:22 | INFO    |   [图表] 需求量曲线 → outputs/figures\需求量曲线.png
03:01:22 | INFO    | 
03:01:22 | INFO    | [2/8] 处理 火灾报警系统 (火灾报警系统)...
03:01:22 | INFO    |   [Spearman因子选择] 火灾报警系统: top4=['project_count', 'transformer_bids', 'monthly_bid_count', 'has_batch']
03:01:22 | INFO    |   [特征工程] top4=['project_count', 'transformer_bids', 'monthly_bid_count', 'has_batch'], n_feat=13维, 训练=69月
03:01:22 | DEBUG   |   训练集: 69月, 测试集: 12月
03:01:22 | INFO    |   [3/8] 模型一: CatBoost...
03:01:22 | INFO    |   [CatBoost基线] iterations=1500, lr=0.02, depth=6, l2=3, loss=RMSE
03:01:22 | INFO    |         MSE=12.6136 RMSE=3.5516 MAE=2.0903 R2=-0.2013
03:01:22 | INFO    |   [Baseline] NaiveSeasonal: R2=0.0317
03:01:22 | INFO    |   [Baseline] Persistence: R2=0.0000
03:01:22 | INFO    |   [Baseline] SARIMA: R2=0.1713
03:01:22 | INFO    |   [5/8] Conditional-CatBoost...
03:01:23 | INFO    |         MSE=13.1427 RMSE=3.6253 MAE=2.1517 R2=-0.2517
03:01:23 | INFO    |   [6/8] N-HiTS...
03:01:23 | WARNING |   [N-HiTS] samples=33<50, skip (小样本不稳定)
03:01:23 | INFO    |   [N-HiTS] 跳过 (未安装或失败)
03:01:23 | INFO    |   [7/8] 两阶段预测...
03:01:24 | INFO    |   [两阶段] Stage1分类准确率=41.67%, 非零训练样本=27
03:01:24 | INFO    |         MSE=11.5083 RMSE=3.3924 MAE=2.0628 R2=-0.0960
03:01:25 | INFO    |   [图表] 特征重要性(火灾报警系统) → outputs/figures\特征重要性_火灾报警系统.png
03:01:25 | INFO    | 
03:01:25 | INFO    | [2/8] 处理 线路在线监测装置 (线路在线监测装置)...
03:01:25 | INFO    |   [Spearman因子选择] 线路在线监测装置: top4=['project_count', 'transformer_bids', 'monthly_bid_count', 'has_batch']
03:01:25 | INFO    |   [特征工程] top4=['project_count', 'transformer_bids', 'monthly_bid_count', 'has_batch'], n_feat=13维, 训练=69月
03:01:25 | DEBUG   |   训练集: 69月, 测试集: 12月
03:01:25 | INFO    |   [3/8] 模型一: CatBoost...
03:01:25 | INFO    |   [CatBoost基线] iterations=1500, lr=0.02, depth=6, l2=3, loss=RMSE
03:01:25 | INFO    |         MSE=198831.7489 RMSE=445.9055 MAE=249.2842 R2=-0.1471
03:01:25 | INFO    |   [Baseline] NaiveSeasonal: R2=-0.3704
03:01:25 | INFO    |   [Baseline] Persistence: R2=-0.3496
03:01:25 | INFO    |   [Baseline] SARIMA: R2=-0.3473
03:01:25 | INFO    |   [5/8] Conditional-CatBoost...
03:01:25 | INFO    |         MSE=199872.4912 RMSE=447.0710 MAE=250.8833 R2=-0.1531
03:01:25 | INFO    |   [6/8] N-HiTS...
03:01:25 | WARNING |   [N-HiTS] samples=33<50, skip (小样本不稳定)
03:01:25 | INFO    |   [N-HiTS] 跳过 (未安装或失败)
03:01:25 | INFO    |   [7/8] 两阶段预测...
03:01:26 | INFO    |   [两阶段] Stage1分类准确率=33.33%, 非零训练样本=25
03:01:26 | INFO    |         MSE=197571.0000 RMSE=444.4896 MAE=253.9427 R2=-0.1398
03:01:26 | INFO    |   [图表] 特征重要性(线路在线监测装置) → outputs/figures\特征重要性_线路在线监测装置.png
03:01:26 | INFO    | 
03:01:26 | INFO    | [2/8] 处理 一体化电源系统 (一体化电源系统)...
03:01:26 | INFO    |   [Spearman因子选择] 一体化电源系统: top4=['project_count', 'transformer_bids', 'monthly_bid_count', 'has_batch']
03:01:26 | INFO    |   [特征工程] top4=['project_count', 'transformer_bids', 'monthly_bid_count', 'has_batch'], n_feat=13维, 训练=69月
03:01:26 | DEBUG   |   训练集: 69月, 测试集: 12月
03:01:26 | INFO    |   [3/8] 模型一: CatBoost...
03:01:26 | INFO    |   [CatBoost基线] iterations=1500, lr=0.02, depth=6, l2=3, loss=RMSE
03:01:27 | INFO    |         MSE=7.0874 RMSE=2.6622 MAE=2.0011 R2=-0.1454
03:01:27 | INFO    |   [Baseline] NaiveSeasonal: R2=-0.6835
03:01:27 | INFO    |   [Baseline] Persistence: R2=-0.2525
03:01:27 | INFO    |   [Baseline] SARIMA: R2=-0.7632
03:01:27 | INFO    |   [5/8] Conditional-CatBoost...
03:01:29 | INFO    |         MSE=5.9133 RMSE=2.4317 MAE=1.8080 R2=0.0443
03:01:29 | INFO    |   [6/8] N-HiTS...
03:01:29 | WARNING |   [N-HiTS] samples=33<50, skip (小样本不稳定)
03:01:29 | INFO    |   [N-HiTS] 跳过 (未安装或失败)
03:01:29 | INFO    |   [7/8] 两阶段预测...
03:01:30 | INFO    |   [两阶段] Stage1分类准确率=91.67%, 非零训练样本=24
03:01:30 | INFO    |         MSE=4.8106 RMSE=2.1933 MAE=1.5214 R2=0.2225
03:01:30 | INFO    |   [图表] 特征重要性(一体化电源系统) → outputs/figures\特征重要性_一体化电源系统.png
03:01:30 | INFO    | 
03:01:30 | INFO    | [2/8] 处理 变电在线监测装置 (变电在线监测装置)...
03:01:30 | INFO    |   [Spearman因子选择] 变电在线监测装置: top4=['project_count', 'transformer_bids', 'monthly_bid_count', 'has_batch']
03:01:30 | INFO    |   [特征工程] top4=['project_count', 'transformer_bids', 'monthly_bid_count', 'has_batch'], n_feat=13维, 训练=69月
03:01:30 | DEBUG   |   训练集: 69月, 测试集: 12月
03:01:30 | INFO    |   [3/8] 模型一: CatBoost...
03:01:30 | INFO    |   [CatBoost基线] iterations=1500, lr=0.02, depth=6, l2=3, loss=RMSE
03:01:31 | INFO    |         MSE=140.9026 RMSE=11.8702 MAE=6.0585 R2=-0.0083
03:01:31 | INFO    |   [Baseline] NaiveSeasonal: R2=-0.3179
03:01:31 | INFO    |   [Baseline] Persistence: R2=-0.2100
03:01:31 | INFO    |   [Baseline] SARIMA: R2=-0.1095
03:01:31 | INFO    |   [5/8] Conditional-CatBoost...
03:01:31 | INFO    |         MSE=142.7006 RMSE=11.9457 MAE=5.9943 R2=-0.0212
03:01:31 | INFO    |   [6/8] N-HiTS...
03:01:31 | WARNING |   [N-HiTS] samples=33<50, skip (小样本不稳定)
03:01:31 | INFO    |   [N-HiTS] 跳过 (未安装或失败)
03:01:31 | INFO    |   [7/8] 两阶段预测...
03:01:32 | INFO    |   [两阶段] Stage1分类准确率=33.33%, 非零训练样本=23
03:01:32 | INFO    |         MSE=131.2946 RMSE=11.4584 MAE=6.9396 R2=0.0605
03:01:33 | INFO    |   [图表] 特征重要性(变电在线监测装置) → outputs/figures\特征重要性_变电在线监测装置.png
03:01:33 | INFO    | 
03:01:33 | INFO    | [2/8] 处理 端子箱 (端子箱)...
03:01:33 | INFO    |   [Spearman因子选择] 端子箱: top4=['project_count', 'transformer_bids', 'monthly_bid_count', 'has_batch']
03:01:33 | INFO    |   [特征工程] top4=['project_count', 'transformer_bids', 'monthly_bid_count', 'has_batch'], n_feat=13维, 训练=69月
03:01:33 | DEBUG   |   训练集: 69月, 测试集: 12月
03:01:33 | INFO    |   [3/8] 模型一: CatBoost...
03:01:33 | INFO    |   [CatBoost基线] iterations=1500, lr=0.02, depth=6, l2=3, loss=RMSE
03:01:33 | INFO    |         MSE=9.3157 RMSE=3.0522 MAE=1.4966 R2=0.0812
03:01:33 | INFO    |   [Baseline] NaiveSeasonal: R2=-44.1233
03:01:33 | INFO    |   [Baseline] Persistence: R2=-0.0685
03:01:34 | INFO    |   [Baseline] SARIMA: R2=-93.2558
03:01:34 | INFO    |   [5/8] Conditional-CatBoost...
03:01:35 | INFO    |         MSE=9.1961 RMSE=3.0325 MAE=1.5606 R2=0.0930
03:01:35 | INFO    |   [6/8] N-HiTS...
03:01:35 | WARNING |   [N-HiTS] samples=33<50, skip (小样本不稳定)
03:01:35 | INFO    |   [N-HiTS] 跳过 (未安装或失败)
03:01:35 | INFO    |   [7/8] 两阶段预测...
03:01:37 | INFO    |   [两阶段] Stage1分类准确率=100.00%, 非零训练样本=23
03:01:37 | INFO    |         MSE=9.1090 RMSE=3.0181 MAE=1.3959 R2=0.1016
03:01:37 | INFO    |   [图表] 特征重要性(端子箱) → outputs/figures\特征重要性_端子箱.png
03:01:37 | INFO    | 
03:01:37 | INFO    | [8/8] 汇总评估与可视化...
03:01:37 | INFO    | 
03:01:37 | INFO    | ========================================================================================================================
03:01:37 | INFO    | 评估指标汇总表
03:01:37 | INFO    | ========================================================================================================================
03:01:37 | INFO    | 物资               模型                              MSE         RMSE          MAE          R^2
03:01:37 | INFO    | ------------------------------------------------------------------------------------------------------------------------
03:01:37 | INFO    | 火灾报警系统           CatBoost                    12.6136       3.5516       2.0903      -0.2013
03:01:37 | INFO    |                  NaiveSeasonal               10.1667       3.1885       1.8333       0.0317
03:01:37 | INFO    |                  Persistence                 10.5000       3.2404       2.5000       0.0000
03:01:37 | INFO    |                  SARIMA                       8.7011       2.9498       1.5910       0.1713
03:01:37 | INFO    |                  CondCatBoost                13.1427       3.6253       2.1517      -0.2517
03:01:37 | INFO    |                  TwoStage                    11.5083       3.3924       2.0628      -0.0960
03:01:37 | INFO    | ------------------------------------------------------------------------------------------------------------------------
03:01:37 | INFO    | 线路在线监测装置         CatBoost                198831.7489     445.9055     249.2842      -0.1471
03:01:37 | INFO    |                  NaiveSeasonal           237541.2500     487.3820     264.9167      -0.3704
03:01:37 | INFO    |                  Persistence             233933.1667     483.6664     252.8333      -0.3496
03:01:37 | INFO    |                  SARIMA                  233530.4170     483.2498     263.4724      -0.3473
03:01:37 | INFO    |                  CondCatBoost            199872.4912     447.0710     250.8833      -0.1531
03:01:37 | INFO    |                  TwoStage                197571.0000     444.4896     253.9427      -0.1398
03:01:37 | INFO    | ------------------------------------------------------------------------------------------------------------------------
03:01:37 | INFO    | 一体化电源系统          CatBoost                     7.0874       2.6622       2.0011      -0.1454
03:01:37 | INFO    |                  NaiveSeasonal               10.4167       3.2275       2.4167      -0.6835
03:01:37 | INFO    |                  Persistence                  7.7500       2.7839       2.0833      -0.2525
03:01:37 | INFO    |                  SARIMA                      10.9097       3.3030       2.5616      -0.7632
03:01:37 | INFO    |                  CondCatBoost                 5.9133       2.4317       1.8080       0.0443
03:01:37 | INFO    |                  TwoStage                     4.8106       2.1933       1.5214       0.2225
03:01:37 | INFO    | ------------------------------------------------------------------------------------------------------------------------
03:01:37 | INFO    | 变电在线监测装置         CatBoost                   140.9026      11.8702       6.0585      -0.0083
03:01:37 | INFO    |                  NaiveSeasonal              184.1667      13.5708       8.6667      -0.3179
03:01:37 | INFO    |                  Persistence                169.0833      13.0032       6.2500      -0.2100
03:01:37 | INFO    |                  SARIMA                     155.0440      12.4517       7.8086      -0.1095
03:01:37 | INFO    |                  CondCatBoost               142.7006      11.9457       5.9943      -0.0212
03:01:37 | INFO    |                  TwoStage                   131.2946      11.4584       6.9396       0.0605
03:01:37 | INFO    | ------------------------------------------------------------------------------------------------------------------------
03:01:37 | INFO    | 端子箱              CatBoost                     9.3157       3.0522       1.4966       0.0812
03:01:37 | INFO    |                  NaiveSeasonal              457.5000      21.3892       8.0000     -44.1233
03:01:37 | INFO    |                  Persistence                 10.8333       3.2914       1.6667      -0.0685
03:01:37 | INFO    |                  SARIMA                     955.6488      30.9136      12.1893     -93.2558
03:01:37 | INFO    |                  CondCatBoost                 9.1961       3.0325       1.5606       0.0930
03:01:37 | INFO    |                  TwoStage                     9.1090       3.0181       1.3959       0.1016
03:01:37 | INFO    | ------------------------------------------------------------------------------------------------------------------------
03:01:37 | INFO    | 
03:01:38 | INFO    |   [图表] 预测对比图(火灾报警系统) → outputs/figures\预测对比_火灾报警系统.png
03:01:38 | INFO    |   [图表] 预测对比图(线路在线监测装置) → outputs/figures\预测对比_线路在线监测装置.png
03:01:39 | INFO    |   [图表] 预测对比图(一体化电源系统) → outputs/figures\预测对比_一体化电源系统.png
03:01:39 | INFO    |   [图表] 预测对比图(变电在线监测装置) → outputs/figures\预测对比_变电在线监测装置.png
03:01:40 | INFO    |   [图表] 预测对比图(端子箱) → outputs/figures\预测对比_端子箱.png
03:01:42 | INFO    |   [图表] 指标对比图 → outputs/figures\指标对比图.png
03:01:42 | INFO    | 
03:01:42 | INFO    | ======================================================================
03:01:42 | INFO    |   模型性能排序 (按R^2)
03:01:42 | INFO    | ======================================================================
03:01:42 | INFO    |   火灾报警系统: [1st] SARIMA (R^2=0.1713)  [2nd] NaiveSeasonal (R^2=0.0317)  [3rd] Persistence (R^2=0.0000)
03:01:42 | INFO    |   线路在线监测装置: [1st] TwoStage (R^2=-0.1398)  [2nd] CatBoost (R^2=-0.1471)  [3rd] CondCatBoost (R^2=-0.1531)
03:01:42 | INFO    |   一体化电源系统: [1st] TwoStage (R^2=0.2225)  [2nd] CondCatBoost (R^2=0.0443)  [3rd] CatBoost (R^2=-0.1454)
03:01:42 | INFO    |   变电在线监测装置: [1st] TwoStage (R^2=0.0605)  [2nd] CatBoost (R^2=-0.0083)  [3rd] CondCatBoost (R^2=-0.0212)
03:01:42 | INFO    |   端子箱: [1st] TwoStage (R^2=0.1016)  [2nd] CondCatBoost (R^2=0.0930)  [3rd] CatBoost (R^2=0.0812)
03:01:42 | INFO    | 
03:01:42 | INFO    | 所有图表已保存至: C:\Users\董文涛\PycharmProjects\vmd-catboost\outputs\figures/
03:01:42 | INFO    | 日志文件: C:\Users\董文涛\PycharmProjects\vmd-catboost\outputs\logs\main_20260708_030121.log
03:01:42 | INFO    | 完成!
