04:11:34 | INFO    | ======================================================================
04:11:34 | INFO    |   配电网物资需求预测 —— VMD-CatBoost 模型对比实验
04:11:34 | INFO    |   物资: Top5采购频率最高 (从ECP数据自动选择)
04:11:34 | INFO    |   因子: 批次事件特征 + 项目数量 + 自回归滞后
04:11:34 | INFO    |   模型: CatBoost / Conditional-CatBoost / N-HiTS / TwoStage + NaiveSeasonal/Persistence/SARIMA
04:11:34 | INFO    | ======================================================================
04:11:34 | INFO    |   日志文件: outputs/logs\main_20260708_041134.log
04:11:34 | INFO    | [1/8] 加载数据...
04:11:34 | INFO    | 读取已有数据文件: inputs\data.xlsx
04:11:34 | INFO    |   Sheet[火灾报警系统]: 81 条, demand范围=[0.00, 18.00]
04:11:34 | INFO    |   Sheet[线路在线监测装置]: 81 条, demand范围=[0.00, 1549.00]
04:11:34 | INFO    |   Sheet[一体化电源系统]: 81 条, demand范围=[0.00, 27.00]
04:11:34 | INFO    |   Sheet[变电在线监测装置]: 81 条, demand范围=[0.00, 36.00]
04:11:34 | INFO    |   Sheet[端子箱]: 81 条, demand范围=[0.00, 75.00]
04:11:34 | INFO    |   物资: ['火灾报警系统', '线路在线监测装置', '一体化电源系统', '变电在线监测装置', '端子箱']
04:11:35 | INFO    |   [图表] 需求量曲线 → outputs/figures\需求量曲线.png
04:11:35 | INFO    | 
04:11:35 | INFO    | [2/8] 处理 火灾报警系统 (火灾报警系统)...
04:11:35 | INFO    |   [Spearman因子选择] 火灾报警系统: top4=['project_count', 'transformer_bids', 'monthly_bid_count', 'uhv_bids']
04:11:35 | INFO    |   [特征工程] top4=['project_count', 'transformer_bids', 'monthly_bid_count', 'uhv_bids'], n_feat=13维, 训练=69月
04:11:35 | DEBUG   |   训练集: 69月, 测试集: 12月
04:11:35 | INFO    |   [3/8] 模型一: CatBoost...
04:11:35 | INFO    |         MSE=13.4546 RMSE=3.6681 MAE=2.1631 R2=-0.2814
04:11:35 | INFO    |   [Baseline] NaiveSeasonal: R2=0.0317
04:11:35 | INFO    |   [Baseline] NaiveMean: R2=-0.0871
04:11:35 | INFO    |   [Baseline] TSB: R2=-0.0593
04:11:35 | INFO    |   [Baseline] Persistence: R2=0.0000
04:11:36 | INFO    |   [Baseline] SARIMA: R2=0.1713
04:11:36 | INFO    |   [5/8] Conditional-CatBoost...
04:11:36 | INFO    |   [5/8] CatBoost-2S...
04:11:36 | INFO    |   [5/8] CatBoost-2S: R2=-0.0785
04:11:36 | INFO    |   [6/8] Conditional-CatBoost...
04:11:37 | INFO    |         MSE=11.3316 RMSE=3.3662 MAE=1.9646 R2=-0.0792
04:11:37 | INFO    |   [6/8] N-HiTS...
04:11:37 | WARNING |   [N-HiTS] samples=33<50, skip (小样本不稳定)
04:11:37 | INFO    |   [N-HiTS] 跳过 (未安装或失败)
04:11:37 | INFO    |   [基线] Croston-SBA: R2=-0.3945 sMAPE=133.8
04:11:39 | INFO    |   [对比] LightGBM: R2=-0.0802
04:11:39 | INFO    |   [7/8] 两阶段预测...
04:11:39 | INFO    |   [两阶段] Stage1分类准确率=66.67%, 非零训练样本=27
04:11:39 | INFO    |         MSE=11.6295 RMSE=3.4102 MAE=2.0006 R2=-0.1076
04:11:41 | INFO    |   [图表] 特征重要性(火灾报警系统) → outputs/figures\特征重要性_火灾报警系统.png
04:11:41 | INFO    | 
04:11:41 | INFO    | [2/8] 处理 线路在线监测装置 (线路在线监测装置)...
04:11:41 | INFO    |   [Spearman因子选择] 线路在线监测装置: top4=['project_count', 'transformer_bids', 'monthly_bid_count', 'uhv_bids']
04:11:41 | INFO    |   [特征工程] top4=['project_count', 'transformer_bids', 'monthly_bid_count', 'uhv_bids'], n_feat=13维, 训练=69月
04:11:41 | DEBUG   |   训练集: 69月, 测试集: 12月
04:11:41 | INFO    |   [3/8] 模型一: CatBoost...
04:11:41 | INFO    |         MSE=201875.9383 RMSE=449.3061 MAE=255.3061 R2=-0.1647
04:11:41 | INFO    |   [Baseline] NaiveSeasonal: R2=-0.3704
04:11:41 | INFO    |   [Baseline] NaiveMean: R2=-0.1727
04:11:41 | INFO    |   [Baseline] TSB: R2=-0.1827
04:11:41 | INFO    |   [Baseline] Persistence: R2=-0.3496
04:11:41 | INFO    |   [Baseline] SARIMA: R2=-0.3473
04:11:41 | INFO    |   [5/8] Conditional-CatBoost...
04:11:41 | INFO    |   [5/8] CatBoost-2S...
04:11:42 | INFO    |   [5/8] CatBoost-2S: R2=-0.1425
04:11:42 | INFO    |   [6/8] Conditional-CatBoost...
04:11:42 | INFO    |         MSE=197931.7212 RMSE=444.8952 MAE=245.8297 R2=-0.1419
04:11:42 | INFO    |   [6/8] N-HiTS...
04:11:42 | WARNING |   [N-HiTS] samples=33<50, skip (小样本不稳定)
04:11:42 | INFO    |   [N-HiTS] 跳过 (未安装或失败)
04:11:42 | INFO    |   [基线] Croston-SBA: R2=-0.3634 sMAPE=132.9
04:11:43 | INFO    |   [对比] LightGBM: R2=-0.1409
04:11:43 | INFO    |   [7/8] 两阶段预测...
04:11:44 | INFO    |   [两阶段] Stage1分类准确率=66.67%, 非零训练样本=25
04:11:44 | INFO    |         MSE=187079.1198 RMSE=432.5264 MAE=224.4709 R2=-0.0793
04:11:45 | INFO    |   [图表] 特征重要性(线路在线监测装置) → outputs/figures\特征重要性_线路在线监测装置.png
04:11:45 | INFO    | 
04:11:45 | INFO    | [2/8] 处理 一体化电源系统 (一体化电源系统)...
04:11:45 | INFO    |   [Spearman因子选择] 一体化电源系统: top4=['project_count', 'transformer_bids', 'monthly_bid_count', 'uhv_bids']
04:11:45 | INFO    |   [特征工程] top4=['project_count', 'transformer_bids', 'monthly_bid_count', 'uhv_bids'], n_feat=13维, 训练=69月
04:11:45 | DEBUG   |   训练集: 69月, 测试集: 12月
04:11:45 | INFO    |   [3/8] 模型一: CatBoost...
04:11:46 | INFO    |         MSE=6.3107 RMSE=2.5121 MAE=1.7978 R2=-0.0199
04:11:46 | INFO    |   [Baseline] NaiveSeasonal: R2=-0.6835
04:11:46 | INFO    |   [Baseline] NaiveMean: R2=-0.1232
04:11:46 | INFO    |   [Baseline] TSB: R2=-0.0955
04:11:46 | INFO    |   [Baseline] Persistence: R2=-0.2525
04:11:46 | INFO    |   [Baseline] SARIMA: R2=-0.7632
04:11:46 | INFO    |   [5/8] Conditional-CatBoost...
04:11:46 | INFO    |   [5/8] CatBoost-2S...
04:11:46 | INFO    |   [5/8] CatBoost-2S: R2=0.1361
04:11:46 | INFO    |   [6/8] Conditional-CatBoost...
04:11:47 | INFO    |         MSE=4.9158 RMSE=2.2172 MAE=1.5632 R2=0.2055
04:11:47 | INFO    |   [6/8] N-HiTS...
04:11:47 | WARNING |   [N-HiTS] samples=33<50, skip (小样本不稳定)
04:11:47 | INFO    |   [N-HiTS] 跳过 (未安装或失败)
04:11:47 | INFO    |   [基线] Croston-SBA: R2=-0.7657 sMAPE=125.5
04:11:48 | INFO    |   [对比] LightGBM: R2=0.3564
04:11:48 | INFO    |   [7/8] 两阶段预测...
04:11:49 | INFO    |   [两阶段] Stage1分类准确率=83.33%, 非零训练样本=24
04:11:49 | INFO    |         MSE=5.2435 RMSE=2.2899 MAE=1.6192 R2=0.1526
04:11:50 | INFO    |   [图表] 特征重要性(一体化电源系统) → outputs/figures\特征重要性_一体化电源系统.png
04:11:50 | INFO    | 
04:11:50 | INFO    | [2/8] 处理 变电在线监测装置 (变电在线监测装置)...
04:11:50 | INFO    |   [Spearman因子选择] 变电在线监测装置: top4=['project_count', 'transformer_bids', 'monthly_bid_count', 'uhv_bids']
04:11:50 | INFO    |   [特征工程] top4=['project_count', 'transformer_bids', 'monthly_bid_count', 'uhv_bids'], n_feat=13维, 训练=69月
04:11:50 | DEBUG   |   训练集: 69月, 测试集: 12月
04:11:50 | INFO    |   [3/8] 模型一: CatBoost...
04:11:50 | INFO    |         MSE=142.0547 RMSE=11.9187 MAE=5.9480 R2=-0.0165
04:11:50 | INFO    |   [Baseline] NaiveSeasonal: R2=-0.3179
04:11:50 | INFO    |   [Baseline] NaiveMean: R2=-0.1480
04:11:50 | INFO    |   [Baseline] TSB: R2=-0.1095
04:11:50 | INFO    |   [Baseline] Persistence: R2=-0.2100
04:11:50 | INFO    |   [Baseline] SARIMA: R2=-0.1095
04:11:50 | INFO    |   [5/8] Conditional-CatBoost...
04:11:50 | INFO    |   [5/8] CatBoost-2S...
04:11:51 | INFO    |   [5/8] CatBoost-2S: R2=0.0716
04:11:51 | INFO    |   [6/8] Conditional-CatBoost...
04:11:52 | INFO    |         MSE=128.3187 RMSE=11.3278 MAE=6.8174 R2=0.0818
04:11:52 | INFO    |   [6/8] N-HiTS...
04:11:52 | WARNING |   [N-HiTS] samples=33<50, skip (小样本不稳定)
04:11:52 | INFO    |   [N-HiTS] 跳过 (未安装或失败)
04:11:52 | INFO    |   [基线] Croston-SBA: R2=-0.2957 sMAPE=122.3
04:11:53 | INFO    |   [对比] LightGBM: R2=0.0724
04:11:53 | INFO    |   [7/8] 两阶段预测...
04:11:54 | INFO    |   [两阶段] Stage1分类准确率=58.33%, 非零训练样本=23
04:11:54 | INFO    |         MSE=128.2027 RMSE=11.3227 MAE=6.5688 R2=0.0826
04:11:55 | INFO    |   [图表] 特征重要性(变电在线监测装置) → outputs/figures\特征重要性_变电在线监测装置.png
04:11:55 | INFO    | 
04:11:55 | INFO    | [2/8] 处理 端子箱 (端子箱)...
04:11:55 | INFO    |   [Spearman因子选择] 端子箱: top4=['project_count', 'transformer_bids', 'monthly_bid_count', 'uhv_bids']
04:11:55 | INFO    |   [特征工程] top4=['project_count', 'transformer_bids', 'monthly_bid_count', 'uhv_bids'], n_feat=13维, 训练=69月
04:11:55 | DEBUG   |   训练集: 69月, 测试集: 12月
04:11:55 | INFO    |   [3/8] 模型一: CatBoost...
04:11:56 | INFO    |         MSE=9.2706 RMSE=3.0448 MAE=1.5581 R2=0.0856
04:11:56 | INFO    |   [Baseline] NaiveSeasonal: R2=-44.1233
04:11:56 | INFO    |   [Baseline] NaiveMean: R2=-0.0044
04:11:56 | INFO    |   [Baseline] TSB: R2=-0.3546
04:11:56 | INFO    |   [Baseline] Persistence: R2=-0.0685
04:11:56 | INFO    |   [Baseline] SARIMA: R2=-93.2558
04:11:56 | INFO    |   [5/8] Conditional-CatBoost...
04:11:56 | INFO    |   [5/8] CatBoost-2S...
04:11:57 | INFO    |   [5/8] CatBoost-2S: R2=0.1100
04:11:57 | INFO    |   [6/8] Conditional-CatBoost...
04:11:58 | INFO    |         MSE=9.0154 RMSE=3.0026 MAE=1.4689 R2=0.1108
04:11:58 | INFO    |   [6/8] N-HiTS...
04:11:58 | WARNING |   [N-HiTS] samples=33<50, skip (小样本不稳定)
04:11:58 | INFO    |   [N-HiTS] 跳过 (未安装或失败)
04:11:58 | INFO    |   [基线] Croston-SBA: R2=0.0351 sMAPE=129.4
04:11:59 | INFO    |   [对比] LightGBM: R2=0.2918
04:11:59 | INFO    |   [7/8] 两阶段预测...
04:12:01 | INFO    |   [两阶段] Stage1分类准确率=75.00%, 非零训练样本=23
04:12:01 | INFO    |         MSE=9.0415 RMSE=3.0069 MAE=1.4510 R2=0.1082
04:12:02 | INFO    |   [图表] 特征重要性(端子箱) → outputs/figures\特征重要性_端子箱.png
04:12:02 | INFO    | 
04:12:02 | INFO    | [8/8] 汇总评估与可视化...
04:12:02 | INFO    | 
04:12:02 | INFO    | ========================================================================================================================
04:12:02 | INFO    | 评估指标汇总表
04:12:02 | INFO    | ========================================================================================================================
04:12:02 | INFO    | 物资               模型                        MSE       RMSE    sMAPE     MASE       R2
04:12:02 | INFO    | ----------------------------------------------------------------------------------------------------------------------------------
04:12:02 | INFO    | 火灾报警系统           CatBoost                13.45       3.67   124.9%   0.580  -0.281
04:12:02 | INFO    |                  NaiveSeasonal           10.17       3.19   103.6%   0.492   0.032
04:12:02 | INFO    |                  NaiveMean               11.41       3.38   135.5%   0.542  -0.087
04:12:02 | INFO    |                  Persistence             10.50       3.24   141.2%   0.671   0.000
04:12:02 | INFO    |                  SARIMA                   8.70       2.95   140.3%   0.427   0.171
04:12:02 | INFO    |                  TSB                     11.12       3.34   137.3%   0.565  -0.059
04:12:02 | INFO    |                  Croston-SBA             14.64       3.83   133.8%   0.579  -0.395
04:12:02 | INFO    |                  Theta                   11.58       3.40   136.5%   0.536  -0.103
04:12:02 | INFO    |                  SES                     11.50       3.39   135.0%   0.537  -0.095
04:12:02 | INFO    |                  CatBoost-2S             11.32       3.37   140.4%   0.527  -0.079
04:12:02 | INFO    |                  Ridge-2S                11.22       3.35   138.8%   0.529  -0.069
04:12:02 | INFO    |                  ElasticNet-2S           11.23       3.35   138.6%   0.530  -0.070
04:12:02 | INFO    |                  GP-2S                   11.23       3.35   138.6%   0.530  -0.070
04:12:02 | INFO    |                  CondCatBoost            11.33       3.37   140.4%   0.527  -0.079
04:12:02 | INFO    |                  LightGBM                11.34       3.37   140.3%   0.527  -0.080
04:12:02 | INFO    |                  TwoStage                11.63       3.41   145.8%   0.537  -0.108
04:12:02 | INFO    | ----------------------------------------------------------------------------------------------------------------------------------
04:12:02 | INFO    | 线路在线监测装置         CatBoost            201875.94     449.31   150.4%   0.561  -0.165
04:12:02 | INFO    |                  NaiveSeasonal       237541.25     487.38   152.7%   0.582  -0.370
04:12:02 | INFO    |                  NaiveMean           203261.63     450.85   152.8%   0.548  -0.173
04:12:02 | INFO    |                  Persistence         233933.17     483.67   187.8%   0.556  -0.350
04:12:02 | INFO    |                  SARIMA              233530.42     483.25   192.8%   0.579  -0.347
04:12:02 | INFO    |                  TSB                 205008.63     452.78   154.3%   0.548  -0.183
04:12:02 | INFO    |                  Croston-SBA         236324.47     486.13   132.9%   0.568  -0.363
04:12:02 | INFO    |                  Theta               220976.21     470.08   167.2%   0.549  -0.275
04:12:02 | INFO    |                  SES                 216440.18     465.23   163.1%   0.548  -0.249
04:12:02 | INFO    |                  CatBoost-2S         198037.77     445.01   138.4%   0.541  -0.142
04:12:02 | INFO    |                  Ridge-2S            202253.72     449.73   145.2%   0.541  -0.167
04:12:02 | INFO    |                  ElasticNet-2S       221665.01     470.81   115.2%   0.587  -0.279
04:12:02 | INFO    |                  GP-2S               201156.82     448.51   145.1%   0.541  -0.161
04:12:02 | INFO    |                  CondCatBoost        197931.72     444.90   138.3%   0.540  -0.142
04:12:02 | INFO    |                  LightGBM            197749.92     444.69   138.3%   0.539  -0.141
04:12:02 | INFO    |                  TwoStage            187079.12     432.53   132.2%   0.493  -0.079
04:12:02 | INFO    | ----------------------------------------------------------------------------------------------------------------------------------
04:12:02 | INFO    | 一体化电源系统          CatBoost                 6.31       2.51   120.9%   0.520  -0.020
04:12:02 | INFO    |                  NaiveSeasonal           10.42       3.23   143.2%   0.700  -0.683
04:12:02 | INFO    |                  NaiveMean                6.95       2.64   129.4%   0.585  -0.123
04:12:02 | INFO    |                  Persistence              7.75       2.78   143.5%   0.603  -0.253
04:12:02 | INFO    |                  SARIMA                  10.91       3.30   161.3%   0.742  -0.763
04:12:02 | INFO    |                  TSB                      6.78       2.60   126.0%   0.580  -0.096
04:12:02 | INFO    |                  Croston-SBA             10.93       3.31   125.5%   0.651  -0.766
04:12:02 | INFO    |                  Theta                    6.41       2.53   116.7%   0.566  -0.035
04:12:02 | INFO    |                  SES                      6.75       2.60   125.5%   0.579  -0.091
04:12:02 | INFO    |                  CatBoost-2S              5.35       2.31   114.9%   0.467   0.136
04:12:02 | INFO    |                  Ridge-2S                 4.18       2.05   106.1%   0.367   0.324
04:12:02 | INFO    |                  ElasticNet-2S            4.14       2.04   106.9%   0.387   0.331
04:12:02 | INFO    |                  GP-2S                    4.08       2.02   107.2%   0.406   0.341
04:12:02 | INFO    |                  CondCatBoost             4.92       2.22   114.7%   0.453   0.205
04:12:02 | INFO    |                  LightGBM                 3.98       2.00   104.7%   0.400   0.356
04:12:02 | INFO    |                  TwoStage                 5.24       2.29   113.9%   0.469   0.153
04:12:02 | INFO    | ----------------------------------------------------------------------------------------------------------------------------------
04:12:02 | INFO    | 变电在线监测装置         CatBoost               142.05      11.92   129.0%   0.711  -0.017
04:12:02 | INFO    |                  NaiveSeasonal          184.17      13.57   147.5%   1.036  -0.318
04:12:02 | INFO    |                  NaiveMean              160.42      12.67   129.1%   0.747  -0.148
04:12:02 | INFO    |                  Persistence            169.08      13.00   144.1%   0.747  -0.210
04:12:02 | INFO    |                  SARIMA                 155.04      12.45   137.5%   0.934  -0.110
04:12:02 | INFO    |                  TSB                    155.04      12.45   128.1%   0.767  -0.110
04:12:02 | INFO    |                  Croston-SBA            181.06      13.46   122.3%   0.782  -0.296
04:12:02 | INFO    |                  Theta                  134.15      11.58   131.8%   0.801   0.040
04:12:02 | INFO    |                  SES                    153.53      12.39   128.2%   0.775  -0.099
04:12:02 | INFO    |                  CatBoost-2S            129.74      11.39   134.9%   0.805   0.072
04:12:02 | INFO    |                  Ridge-2S               129.41      11.38   129.8%   0.755   0.074
04:12:02 | INFO    |                  ElasticNet-2S          130.03      11.40   129.5%   0.757   0.070
04:12:02 | INFO    |                  GP-2S                  130.03      11.40   129.5%   0.757   0.070
04:12:02 | INFO    |                  CondCatBoost           128.32      11.33   139.6%   0.815   0.082
04:12:02 | INFO    |                  LightGBM               129.63      11.39   129.3%   0.758   0.072
04:12:02 | INFO    |                  TwoStage               128.20      11.32   133.3%   0.785   0.083
04:12:02 | INFO    | ----------------------------------------------------------------------------------------------------------------------------------
04:12:02 | INFO    | 端子箱              CatBoost                 9.27       3.04   121.5%   0.714   0.086
04:12:02 | INFO    |                  NaiveSeasonal          457.50      21.39   154.7%   3.667 -44.123
04:12:02 | INFO    |                  NaiveMean               10.18       3.19   107.3%   0.857  -0.004
04:12:02 | INFO    |                  Persistence             10.83       3.29   119.7%   0.764  -0.069
04:12:02 | INFO    |                  SARIMA                 955.65      30.91   160.2%   5.587 -93.256
04:12:02 | INFO    |                  TSB                     13.73       3.71   131.5%   1.501  -0.355
04:12:02 | INFO    |                  Croston-SBA              9.78       3.13   129.4%   0.875   0.035
04:12:02 | INFO    |                  Theta                   20.26       4.50   141.2%   1.981  -0.999
04:12:02 | INFO    |                  SES                     12.72       3.57   128.5%   1.390  -0.255
04:12:02 | INFO    |                  CatBoost-2S              9.02       3.00   116.7%   0.672   0.110
04:12:02 | INFO    |                  Ridge-2S                 8.62       2.94   124.4%   1.111   0.150
04:12:02 | INFO    |                  ElasticNet-2S           11.03       3.32   126.2%   1.177  -0.088
04:12:02 | INFO    |                  GP-2S                    7.92       2.81   123.7%   1.089   0.219
04:12:02 | INFO    |                  CondCatBoost             9.02       3.00   116.2%   0.673   0.111
04:12:02 | INFO    |                  LightGBM                 7.18       2.68   113.6%   0.735   0.292
04:12:02 | INFO    |                  TwoStage                 9.04       3.01   116.1%   0.665   0.108
04:12:02 | INFO    | ----------------------------------------------------------------------------------------------------------------------------------
04:12:02 | INFO    | 
04:12:03 | INFO    |   [图表] 预测对比图(火灾报警系统) → outputs/figures\预测对比_火灾报警系统.png
04:12:03 | INFO    |   [图表] 预测对比图(线路在线监测装置) → outputs/figures\预测对比_线路在线监测装置.png
04:12:04 | INFO    |   [图表] 预测对比图(一体化电源系统) → outputs/figures\预测对比_一体化电源系统.png
04:12:04 | INFO    |   [图表] 预测对比图(变电在线监测装置) → outputs/figures\预测对比_变电在线监测装置.png
04:12:04 | INFO    |   [图表] 预测对比图(端子箱) → outputs/figures\预测对比_端子箱.png
04:12:06 | INFO    |   [图表] 指标对比图 → outputs/figures\指标对比图.png
04:12:06 | INFO    | 
04:12:06 | INFO    | ======================================================================
04:12:06 | INFO    |   模型性能排序 (按R^2)
04:12:06 | INFO    | ======================================================================
04:12:06 | INFO    |   火灾报警系统: [1st] SARIMA (R^2=0.1713)  [2nd] NaiveSeasonal (R^2=0.0317)  [3rd] Persistence (R^2=0.0000)
04:12:06 | INFO    |   线路在线监测装置: [1st] TwoStage (R^2=-0.0793)  [2nd] LightGBM (R^2=-0.1409)  [3rd] CondCatBoost (R^2=-0.1419)
04:12:06 | INFO    |   一体化电源系统: [1st] LightGBM (R^2=0.3564)  [2nd] GP-2S (R^2=0.3405)  [3rd] ElasticNet-2S (R^2=0.3305)
04:12:06 | INFO    |   变电在线监测装置: [1st] TwoStage (R^2=0.0826)  [2nd] CondCatBoost (R^2=0.0818)  [3rd] Ridge-2S (R^2=0.0739)
04:12:06 | INFO    |   端子箱: [1st] LightGBM (R^2=0.2918)  [2nd] GP-2S (R^2=0.2186)  [3rd] Ridge-2S (R^2=0.1500)
04:12:06 | INFO    | 
04:12:06 | INFO    | 所有图表已保存至: C:\Users\董文涛\PycharmProjects\vmd-catboost\outputs\figures/
04:12:06 | INFO    | 日志文件: C:\Users\董文涛\PycharmProjects\vmd-catboost\outputs\logs\main_20260708_041134.log
04:12:06 | INFO    | 完成!
