20:12:37 | INFO    | ======================================================================
20:12:37 | INFO    |   配电网物资需求预测 —— VMD-CatBoost 模型对比实验
20:12:37 | INFO    |   物资: 10KV电缆 / 柱上变压器台成套设备 / 10kv交流避雷器
20:12:37 | INFO    |   模型: CatBoost / VMD-CatBoost / VMD-LSTM-CatBoost / VMD-LSTM / VMD-SVR
20:12:37 | INFO    | ======================================================================
20:12:37 | INFO    |   日志文件: outputs/logs\main_20260615_201237.log
20:12:37 | INFO    | [1/8] 加载数据...
20:12:37 | INFO    | 读取已有数据文件: inputs/data\data.xlsx
20:12:37 | INFO    |   Sheet[10KV电缆]: 60 条, demand范围=[0.00, 30.00]
20:12:37 | INFO    |   Sheet[柱上变压器台成套设备]: 60 条, demand范围=[0.00, 18.00]
20:12:37 | INFO    |   Sheet[10kv交流避雷器]: 60 条, demand范围=[0.00, 87.00]
20:12:46 | INFO    |   [图表] 需求量曲线 → outputs/figures\demand_curves_60m.png
20:12:46 | INFO    | 
20:12:46 | INFO    | [2/8] 处理 10KV电缆 (cable)...
20:12:46 | INFO    |   Top-4 影响因子: ['investment', 'history_demand', 'load_growth', 'equipment_cost']
20:12:46 | INFO    |   [特征工程] 原始4因子 + lag1/lag2 + month_sin/cos = 8维特征
20:12:46 | DEBUG   |   训练集: 48月, 测试集: 12月
20:12:46 | INFO    |   [3/8] 模型一: CatBoost...
20:12:46 | INFO    |   [CatBoost基线] iterations=1500, lr=0.02, depth=6, l2=3, RMSE, 全8维特征
20:12:46 | INFO    |         MSE=59.6783 RMSE=7.7252 MAE=5.9921 R^2=0.3835
20:12:46 | INFO    |   [4/8] 模型二: VMD-CatBoost...
20:12:46 | DEBUG   |   [VMD优化] 最优K=3 (搜索范围[2, 3, 4, 5, 6], 频率分离阈值=1.5)
20:12:46 | INFO    |   [VMD-CatBoost] VMD最优K=3
20:12:46 | INFO    |   [VMD-CatBoost] IMF筛选: 3→3个 (保留[0, 1, 2])
20:12:47 | INFO    |         MSE=67.6471 RMSE=8.2248 MAE=6.3986 R^2=0.3012
20:12:51 | INFO    |   [图表] VMD分解图(cable) → outputs/figures\vmd_decomposition_cable.png
20:12:51 | INFO    |   [5/8] 模型三: VMD-LSTM-CatBoost...
20:12:51 | DEBUG   |   [VMD优化] 最优K=3 (搜索范围[2, 3, 4, 5, 6], 频率分离阈值=1.5)
20:12:51 | INFO    |   [VMD-LSTM-CatBoost] VMD最优K=3
20:12:51 | INFO    |   [VMD-LSTM-CatBoost] IMF筛选: 3→3个 | 残差=IMF1(新idx=0), 模态=['IMF2', 'IMF3']
20:12:51 | INFO    |   [LSTM架构] MultiFeatureLSTM | input_size=5, hidden_size=6, num_layers=2, dropout=0.25, ReduceLROnPlateau | CNN/池化层: 无(本模型不使用卷积/池化)
20:12:51 | INFO    |   [训练配置] optimizer=Adam, lr=0.002, weight_decay=0.0001, epochs=1000, patience=60, loss=MSELoss, batch_size=full_batch(全批次), device=cpu | 训练样本数(train_samples)=42, 序列长度(seq_len)=6
20:12:53 | DEBUG   |   [LSTM收敛] epoch=149, best_loss=0.006665
20:12:53 | DEBUG   |   [LSTM架构] SingleFeatureLSTM | hidden_size=6, num_layers=2, dropout=0.25, ReduceLROnPlateau | CNN/池化层: 无(本模型不使用卷积/池化)
20:12:53 | DEBUG   |   [训练配置] optimizer=Adam, lr=0.002, weight_decay=0.0001, epochs=1000, patience=60, loss=MSELoss, batch_size=full_batch(全批次), device=cpu | 训练样本数(train_samples)=42, 序列长度(seq_len)=6
20:12:54 | DEBUG   |   [LSTM收敛] epoch=72, best_loss=0.012034
20:12:54 | DEBUG   |   [LSTM架构] SingleFeatureLSTM | hidden_size=6, num_layers=2, dropout=0.25, ReduceLROnPlateau | CNN/池化层: 无(本模型不使用卷积/池化)
20:12:54 | DEBUG   |   [训练配置] optimizer=Adam, lr=0.002, weight_decay=0.0001, epochs=1000, patience=60, loss=MSELoss, batch_size=full_batch(全批次), device=cpu | 训练样本数(train_samples)=42, 序列长度(seq_len)=6
20:12:54 | DEBUG   |   [LSTM收敛] epoch=220, best_loss=0.004701
20:12:56 | INFO    |         MSE=39.1601 RMSE=6.2578 MAE=4.6967 R^2=0.5955
20:12:56 | INFO    |   [6/8] 模型四: VMD-LSTM(直接求和)...
20:12:56 | DEBUG   |   [VMD优化] 最优K=3 (搜索范围[2, 3, 4, 5, 6], 频率分离阈值=1.5)
20:12:56 | INFO    |   [VMD-LSTM直接求和] VMD最优K=3 → 1×MultiFeatureLSTM(hidden=8,do=0.25) + N×SingleFeatureLSTM(hidden=6,do=0.25) → 直接求和 | 序列长度(seq_len)=6, 输入特征数(input_features)=4(top-4因子)
20:12:56 | INFO    |   [VMD-LSTM直接求和] IMF筛选: 3→3个 | 残差=IMF1(新idx=0), 模态=['IMF2', 'IMF3']
20:12:56 | INFO    |   [LSTM架构] MultiFeatureLSTM | input_size=5, hidden_size=6, num_layers=2, dropout=0.25, ReduceLROnPlateau | CNN/池化层: 无(本模型不使用卷积/池化)
20:12:56 | INFO    |   [训练配置] optimizer=Adam, lr=0.002, weight_decay=0.0001, epochs=1000, patience=60, loss=MSELoss, batch_size=full_batch(全批次), device=cpu | 训练样本数(train_samples)=42, 序列长度(seq_len)=6
20:12:56 | DEBUG   |   [LSTM收敛] epoch=105, best_loss=0.001217
20:12:56 | DEBUG   |   [LSTM架构] SingleFeatureLSTM | hidden_size=6, num_layers=2, dropout=0.25, ReduceLROnPlateau | CNN/池化层: 无(本模型不使用卷积/池化)
20:12:56 | DEBUG   |   [训练配置] optimizer=Adam, lr=0.002, weight_decay=0.0001, epochs=1000, patience=60, loss=MSELoss, batch_size=full_batch(全批次), device=cpu | 训练样本数(train_samples)=42, 序列长度(seq_len)=6
20:12:57 | DEBUG   |   [LSTM收敛] epoch=175, best_loss=0.010095
20:12:57 | DEBUG   |   [LSTM架构] SingleFeatureLSTM | hidden_size=6, num_layers=2, dropout=0.25, ReduceLROnPlateau | CNN/池化层: 无(本模型不使用卷积/池化)
20:12:57 | DEBUG   |   [训练配置] optimizer=Adam, lr=0.002, weight_decay=0.0001, epochs=1000, patience=60, loss=MSELoss, batch_size=full_batch(全批次), device=cpu | 训练样本数(train_samples)=42, 序列长度(seq_len)=6
20:12:58 | DEBUG   |   [LSTM收敛] epoch=267, best_loss=0.005263
20:12:58 | INFO    |         MSE=98.9786 RMSE=9.9488 MAE=8.6960 R^2=-0.0224
20:12:58 | INFO    |   [7/8] 模型五: VMD-SVR...
20:12:58 | DEBUG   |   [VMD优化] 最优K=3 (搜索范围[2, 3, 4, 5, 6], 频率分离阈值=1.5)
20:12:58 | INFO    |   [VMD-SVR] VMD最优K=3
20:12:58 | INFO    |   [VMD-SVR] IMF筛选: 3→3个 (保留[0, 1, 2])
20:12:58 | INFO    |   [SVR超参数] kernel=rbf, C=[0.1, 1, 10, 100], gamma=['scale', 'auto', 0.01, 0.1], epsilon=[0.01, 0.05, 0.1, 0.2] | GridSearchCV(cv=3, scoring=neg_mse) | 输入特征数(input_features)=11 (3个IMF+4因子)
20:12:58 | INFO    |   [SVR最优参数] C=100, gamma=auto, epsilon=0.1
20:12:58 | INFO    |         MSE=81.4694 RMSE=9.0260 MAE=7.3043 R^2=0.1584
20:12:59 | INFO    |   [图表] 特征重要性(cable) → outputs/figures\feature_importance_cable.png
20:12:59 | INFO    | 
20:12:59 | INFO    | [2/8] 处理 柱上变压器台成套设备 (transformer)...
20:12:59 | INFO    |   Top-4 影响因子: ['load_growth', 'investment', 'history_demand', 'equipment_cost']
20:12:59 | INFO    |   [特征工程] 原始4因子 + lag1/lag2 + month_sin/cos = 8维特征
20:12:59 | DEBUG   |   训练集: 48月, 测试集: 12月
20:12:59 | INFO    |   [3/8] 模型一: CatBoost...
20:12:59 | INFO    |   [CatBoost基线] iterations=1500, lr=0.02, depth=6, l2=3, RMSE, 全8维特征
20:12:59 | INFO    |         MSE=24.0834 RMSE=4.9075 MAE=4.5132 R^2=0.3351
20:12:59 | INFO    |   [4/8] 模型二: VMD-CatBoost...
20:12:59 | DEBUG   |   [VMD优化] 最优K=3 (搜索范围[2, 3, 4, 5, 6], 频率分离阈值=1.5)
20:12:59 | INFO    |   [VMD-CatBoost] VMD最优K=3
20:12:59 | INFO    |   [VMD-CatBoost] IMF筛选: 3→3个 (保留[0, 1, 2])
20:13:00 | INFO    |         MSE=41.8175 RMSE=6.4666 MAE=6.0281 R^2=-0.1545
20:13:04 | INFO    |   [图表] VMD分解图(transformer) → outputs/figures\vmd_decomposition_transformer.png
20:13:04 | INFO    |   [5/8] 模型三: VMD-LSTM-CatBoost...
20:13:04 | DEBUG   |   [VMD优化] 最优K=3 (搜索范围[2, 3, 4, 5, 6], 频率分离阈值=1.5)
20:13:04 | INFO    |   [VMD-LSTM-CatBoost] VMD最优K=3
20:13:04 | INFO    |   [VMD-LSTM-CatBoost] IMF筛选: 3→3个 | 残差=IMF1(新idx=0), 模态=['IMF2', 'IMF3']
20:13:04 | INFO    |   [LSTM架构] MultiFeatureLSTM | input_size=5, hidden_size=6, num_layers=2, dropout=0.25, ReduceLROnPlateau | CNN/池化层: 无(本模型不使用卷积/池化)
20:13:04 | INFO    |   [训练配置] optimizer=Adam, lr=0.002, weight_decay=0.0001, epochs=1000, patience=60, loss=MSELoss, batch_size=full_batch(全批次), device=cpu | 训练样本数(train_samples)=42, 序列长度(seq_len)=6
20:13:05 | DEBUG   |   [LSTM收敛] epoch=214, best_loss=0.002331
20:13:05 | DEBUG   |   [LSTM架构] SingleFeatureLSTM | hidden_size=6, num_layers=2, dropout=0.25, ReduceLROnPlateau | CNN/池化层: 无(本模型不使用卷积/池化)
20:13:05 | DEBUG   |   [训练配置] optimizer=Adam, lr=0.002, weight_decay=0.0001, epochs=1000, patience=60, loss=MSELoss, batch_size=full_batch(全批次), device=cpu | 训练样本数(train_samples)=42, 序列长度(seq_len)=6
20:13:07 | DEBUG   |   [LSTM收敛] epoch=508, best_loss=0.016264
20:13:07 | DEBUG   |   [LSTM架构] SingleFeatureLSTM | hidden_size=6, num_layers=2, dropout=0.25, ReduceLROnPlateau | CNN/池化层: 无(本模型不使用卷积/池化)
20:13:07 | DEBUG   |   [训练配置] optimizer=Adam, lr=0.002, weight_decay=0.0001, epochs=1000, patience=60, loss=MSELoss, batch_size=full_batch(全批次), device=cpu | 训练样本数(train_samples)=42, 序列长度(seq_len)=6
20:13:08 | DEBUG   |   [LSTM收敛] epoch=193, best_loss=0.003662
20:13:09 | INFO    |         MSE=16.8747 RMSE=4.1079 MAE=3.7915 R^2=0.5341
20:13:09 | INFO    |   [6/8] 模型四: VMD-LSTM(直接求和)...
20:13:09 | DEBUG   |   [VMD优化] 最优K=3 (搜索范围[2, 3, 4, 5, 6], 频率分离阈值=1.5)
20:13:09 | INFO    |   [VMD-LSTM直接求和] VMD最优K=3 → 1×MultiFeatureLSTM(hidden=8,do=0.25) + N×SingleFeatureLSTM(hidden=6,do=0.25) → 直接求和 | 序列长度(seq_len)=6, 输入特征数(input_features)=4(top-4因子)
20:13:09 | INFO    |   [VMD-LSTM直接求和] IMF筛选: 3→3个 | 残差=IMF1(新idx=0), 模态=['IMF2', 'IMF3']
20:13:09 | INFO    |   [LSTM架构] MultiFeatureLSTM | input_size=5, hidden_size=6, num_layers=2, dropout=0.25, ReduceLROnPlateau | CNN/池化层: 无(本模型不使用卷积/池化)
20:13:09 | INFO    |   [训练配置] optimizer=Adam, lr=0.002, weight_decay=0.0001, epochs=1000, patience=60, loss=MSELoss, batch_size=full_batch(全批次), device=cpu | 训练样本数(train_samples)=42, 序列长度(seq_len)=6
20:13:10 | DEBUG   |   [LSTM收敛] epoch=178, best_loss=0.004889
20:13:10 | DEBUG   |   [LSTM架构] SingleFeatureLSTM | hidden_size=6, num_layers=2, dropout=0.25, ReduceLROnPlateau | CNN/池化层: 无(本模型不使用卷积/池化)
20:13:10 | DEBUG   |   [训练配置] optimizer=Adam, lr=0.002, weight_decay=0.0001, epochs=1000, patience=60, loss=MSELoss, batch_size=full_batch(全批次), device=cpu | 训练样本数(train_samples)=42, 序列长度(seq_len)=6
20:13:13 | DEBUG   |   [LSTM收敛] epoch=541, best_loss=0.016327
20:13:13 | DEBUG   |   [LSTM架构] SingleFeatureLSTM | hidden_size=6, num_layers=2, dropout=0.25, ReduceLROnPlateau | CNN/池化层: 无(本模型不使用卷积/池化)
20:13:13 | DEBUG   |   [训练配置] optimizer=Adam, lr=0.002, weight_decay=0.0001, epochs=1000, patience=60, loss=MSELoss, batch_size=full_batch(全批次), device=cpu | 训练样本数(train_samples)=42, 序列长度(seq_len)=6
20:13:13 | DEBUG   |   [LSTM收敛] epoch=165, best_loss=0.005031
20:13:13 | INFO    |         MSE=54.1201 RMSE=7.3566 MAE=6.7697 R^2=-0.4941
20:13:13 | INFO    |   [7/8] 模型五: VMD-SVR...
20:13:13 | DEBUG   |   [VMD优化] 最优K=3 (搜索范围[2, 3, 4, 5, 6], 频率分离阈值=1.5)
20:13:13 | INFO    |   [VMD-SVR] VMD最优K=3
20:13:13 | INFO    |   [VMD-SVR] IMF筛选: 3→3个 (保留[0, 1, 2])
20:13:13 | INFO    |   [SVR超参数] kernel=rbf, C=[0.1, 1, 10, 100], gamma=['scale', 'auto', 0.01, 0.1], epsilon=[0.01, 0.05, 0.1, 0.2] | GridSearchCV(cv=3, scoring=neg_mse) | 输入特征数(input_features)=11 (3个IMF+4因子)
20:13:14 | INFO    |   [SVR最优参数] C=100, gamma=0.01, epsilon=0.2
20:13:14 | INFO    |         MSE=59.9461 RMSE=7.7425 MAE=6.9232 R^2=-0.6550
20:13:14 | INFO    |   [图表] 特征重要性(transformer) → outputs/figures\feature_importance_transformer.png
20:13:14 | INFO    | 
20:13:14 | INFO    | [2/8] 处理 10kv交流避雷器 (arrester)...
20:13:14 | INFO    |   Top-4 影响因子: ['lightning_count', 'typhoon_count', 'rainstorm_count', 'load_growth']
20:13:14 | INFO    |   [特征工程] 原始4因子 + lag1/lag2 + month_sin/cos = 8维特征
20:13:14 | DEBUG   |   训练集: 48月, 测试集: 12月
20:13:14 | INFO    |   [3/8] 模型一: CatBoost...
20:13:14 | INFO    |   [CatBoost基线] iterations=1500, lr=0.02, depth=6, l2=3, RMSE, 全8维特征
20:13:15 | INFO    |         MSE=114.6097 RMSE=10.7056 MAE=7.8018 R^2=0.6191
20:13:15 | INFO    |   [4/8] 模型二: VMD-CatBoost...
20:13:15 | DEBUG   |   [VMD优化] 最优K=3 (搜索范围[2, 3, 4, 5, 6], 频率分离阈值=1.5)
20:13:15 | INFO    |   [VMD-CatBoost] VMD最优K=3
20:13:15 | INFO    |   [VMD-CatBoost] IMF筛选: 3→3个 (保留[0, 1, 2])
20:13:16 | INFO    |         MSE=199.0748 RMSE=14.1094 MAE=11.0629 R^2=0.3383
20:13:22 | INFO    |   [图表] VMD分解图(arrester) → outputs/figures\vmd_decomposition_arrester.png
20:13:22 | INFO    |   [5/8] 模型三: VMD-LSTM-CatBoost...
20:13:22 | DEBUG   |   [VMD优化] 最优K=3 (搜索范围[2, 3, 4, 5, 6], 频率分离阈值=1.5)
20:13:22 | INFO    |   [VMD-LSTM-CatBoost] VMD最优K=3
20:13:22 | INFO    |   [VMD-LSTM-CatBoost] IMF筛选: 3→3个 | 残差=IMF1(新idx=0), 模态=['IMF2', 'IMF3']
20:13:22 | INFO    |   [LSTM架构] MultiFeatureLSTM | input_size=5, hidden_size=6, num_layers=2, dropout=0.25, ReduceLROnPlateau | CNN/池化层: 无(本模型不使用卷积/池化)
20:13:22 | INFO    |   [训练配置] optimizer=Adam, lr=0.002, weight_decay=0.0001, epochs=1000, patience=60, loss=MSELoss, batch_size=full_batch(全批次), device=cpu | 训练样本数(train_samples)=42, 序列长度(seq_len)=6
20:13:22 | DEBUG   |   [LSTM收敛] epoch=166, best_loss=0.001821
20:13:22 | DEBUG   |   [LSTM架构] SingleFeatureLSTM | hidden_size=6, num_layers=2, dropout=0.25, ReduceLROnPlateau | CNN/池化层: 无(本模型不使用卷积/池化)
20:13:22 | DEBUG   |   [训练配置] optimizer=Adam, lr=0.002, weight_decay=0.0001, epochs=1000, patience=60, loss=MSELoss, batch_size=full_batch(全批次), device=cpu | 训练样本数(train_samples)=42, 序列长度(seq_len)=6
20:13:27 | DEBUG   |   [LSTM收敛] epoch=1000(max), best_loss=0.025725
20:13:27 | DEBUG   |   [LSTM架构] SingleFeatureLSTM | hidden_size=6, num_layers=2, dropout=0.25, ReduceLROnPlateau | CNN/池化层: 无(本模型不使用卷积/池化)
20:13:27 | DEBUG   |   [训练配置] optimizer=Adam, lr=0.002, weight_decay=0.0001, epochs=1000, patience=60, loss=MSELoss, batch_size=full_batch(全批次), device=cpu | 训练样本数(train_samples)=42, 序列长度(seq_len)=6
20:13:31 | DEBUG   |   [LSTM收敛] epoch=1000(max), best_loss=0.008688
20:13:33 | INFO    |         MSE=141.5163 RMSE=11.8961 MAE=9.3995 R^2=0.5296
20:13:33 | INFO    |   [6/8] 模型四: VMD-LSTM(直接求和)...
20:13:33 | DEBUG   |   [VMD优化] 最优K=3 (搜索范围[2, 3, 4, 5, 6], 频率分离阈值=1.5)
20:13:33 | INFO    |   [VMD-LSTM直接求和] VMD最优K=3 → 1×MultiFeatureLSTM(hidden=8,do=0.25) + N×SingleFeatureLSTM(hidden=6,do=0.25) → 直接求和 | 序列长度(seq_len)=6, 输入特征数(input_features)=4(top-4因子)
20:13:33 | INFO    |   [VMD-LSTM直接求和] IMF筛选: 3→3个 | 残差=IMF1(新idx=0), 模态=['IMF2', 'IMF3']
20:13:33 | INFO    |   [LSTM架构] MultiFeatureLSTM | input_size=5, hidden_size=6, num_layers=2, dropout=0.25, ReduceLROnPlateau | CNN/池化层: 无(本模型不使用卷积/池化)
20:13:33 | INFO    |   [训练配置] optimizer=Adam, lr=0.002, weight_decay=0.0001, epochs=1000, patience=60, loss=MSELoss, batch_size=full_batch(全批次), device=cpu | 训练样本数(train_samples)=42, 序列长度(seq_len)=6
20:13:35 | DEBUG   |   [LSTM收敛] epoch=383, best_loss=0.002014
20:13:35 | DEBUG   |   [LSTM架构] SingleFeatureLSTM | hidden_size=6, num_layers=2, dropout=0.25, ReduceLROnPlateau | CNN/池化层: 无(本模型不使用卷积/池化)
20:13:35 | DEBUG   |   [训练配置] optimizer=Adam, lr=0.002, weight_decay=0.0001, epochs=1000, patience=60, loss=MSELoss, batch_size=full_batch(全批次), device=cpu | 训练样本数(train_samples)=42, 序列长度(seq_len)=6
20:13:39 | DEBUG   |   [LSTM收敛] epoch=1000(max), best_loss=0.025725
20:13:39 | DEBUG   |   [LSTM架构] SingleFeatureLSTM | hidden_size=6, num_layers=2, dropout=0.25, ReduceLROnPlateau | CNN/池化层: 无(本模型不使用卷积/池化)
20:13:39 | DEBUG   |   [训练配置] optimizer=Adam, lr=0.002, weight_decay=0.0001, epochs=1000, patience=60, loss=MSELoss, batch_size=full_batch(全批次), device=cpu | 训练样本数(train_samples)=42, 序列长度(seq_len)=6
20:13:40 | DEBUG   |   [LSTM收敛] epoch=132, best_loss=0.007511
20:13:40 | INFO    |         MSE=327.0795 RMSE=18.0853 MAE=13.8795 R^2=-0.0872
20:13:40 | INFO    |   [7/8] 模型五: VMD-SVR...
20:13:40 | DEBUG   |   [VMD优化] 最优K=3 (搜索范围[2, 3, 4, 5, 6], 频率分离阈值=1.5)
20:13:40 | INFO    |   [VMD-SVR] VMD最优K=3
20:13:40 | INFO    |   [VMD-SVR] IMF筛选: 3→3个 (保留[0, 1, 2])
20:13:40 | INFO    |   [SVR超参数] kernel=rbf, C=[0.1, 1, 10, 100], gamma=['scale', 'auto', 0.01, 0.1], epsilon=[0.01, 0.05, 0.1, 0.2] | GridSearchCV(cv=3, scoring=neg_mse) | 输入特征数(input_features)=11 (3个IMF+4因子)
20:13:40 | INFO    |   [SVR最优参数] C=100, gamma=auto, epsilon=0.1
20:13:40 | INFO    |         MSE=676.7858 RMSE=26.0151 MAE=20.2025 R^2=-1.2495
20:13:47 | INFO    |   [图表] 特征重要性(arrester) → outputs/figures\feature_importance_arrester.png
20:13:47 | INFO    | 
20:13:47 | INFO    | [8/8] 汇总评估与可视化...
20:13:47 | INFO    | 
20:13:47 | INFO    | ========================================================================================================================
20:13:47 | INFO    | 评估指标汇总表
20:13:47 | INFO    | ========================================================================================================================
20:13:47 | INFO    | 物资               模型                              MSE         RMSE          MAE          R^2
20:13:47 | INFO    | ------------------------------------------------------------------------------------------------------------------------
20:13:47 | INFO    | 10KV电缆           CatBoost                    59.6783       7.7252       5.9921       0.3835
20:13:47 | INFO    |                  VMD-CatBoost                67.6471       8.2248       6.3986       0.3012
20:13:47 | INFO    |                  VMD-LSTM-CatBoost           39.1601       6.2578       4.6967       0.5955
20:13:47 | INFO    |                  VMD-LSTM                    98.9786       9.9488       8.6960      -0.0224
20:13:47 | INFO    |                  VMD-SVR                     81.4694       9.0260       7.3043       0.1584
20:13:47 | INFO    | ------------------------------------------------------------------------------------------------------------------------
20:13:47 | INFO    | 柱上变压器台成套设备       CatBoost                    24.0834       4.9075       4.5132       0.3351
20:13:47 | INFO    |                  VMD-CatBoost                41.8175       6.4666       6.0281      -0.1545
20:13:47 | INFO    |                  VMD-LSTM-CatBoost           16.8747       4.1079       3.7915       0.5341
20:13:47 | INFO    |                  VMD-LSTM                    54.1201       7.3566       6.7697      -0.4941
20:13:47 | INFO    |                  VMD-SVR                     59.9461       7.7425       6.9232      -0.6550
20:13:47 | INFO    | ------------------------------------------------------------------------------------------------------------------------
20:13:47 | INFO    | 10kv交流避雷器        CatBoost                   114.6097      10.7056       7.8018       0.6191
20:13:47 | INFO    |                  VMD-CatBoost               199.0748      14.1094      11.0629       0.3383
20:13:47 | INFO    |                  VMD-LSTM-CatBoost          141.5163      11.8961       9.3995       0.5296
20:13:47 | INFO    |                  VMD-LSTM                   327.0795      18.0853      13.8795      -0.0872
20:13:47 | INFO    |                  VMD-SVR                    676.7858      26.0151      20.2025      -1.2495
20:13:47 | INFO    | ------------------------------------------------------------------------------------------------------------------------
20:13:47 | INFO    | 
20:13:47 | INFO    |   [文件] 指标JSON → outputs/figures\metrics_summary.json
20:13:49 | INFO    |   [图表] 预测对比图(cable) → outputs/figures\prediction_comparison_cable.png
20:13:51 | INFO    |   [图表] 预测对比图(transformer) → outputs/figures\prediction_comparison_transformer.png
20:13:55 | INFO    |   [图表] 预测对比图(arrester) → outputs/figures\prediction_comparison_arrester.png
20:14:00 | INFO    |   [图表] 指标对比图 → outputs/figures\metrics_comparison.png
20:14:00 | INFO    | 
20:14:00 | INFO    | ======================================================================
20:14:00 | INFO    |   模型性能排序 (按R^2)
20:14:00 | INFO    | ======================================================================
20:14:00 | INFO    |   10KV电缆: [1st] VMD-LSTM-CatBoost (R^2=0.5955)  [2nd] CatBoost (R^2=0.3835)  [3rd] VMD-CatBoost (R^2=0.3012)
20:14:00 | INFO    |   柱上变压器台成套设备: [1st] VMD-LSTM-CatBoost (R^2=0.5341)  [2nd] CatBoost (R^2=0.3351)  [3rd] VMD-CatBoost (R^2=-0.1545)
20:14:00 | INFO    |   10kv交流避雷器: [1st] CatBoost (R^2=0.6191)  [2nd] VMD-LSTM-CatBoost (R^2=0.5296)  [3rd] VMD-CatBoost (R^2=0.3383)
20:14:00 | INFO    | 
20:14:00 | INFO    | 所有图表已保存至: C:\Users\lilacseeking\PycharmProjects\vmd-catboost\outputs\figures/
20:14:00 | INFO    | 日志文件: C:\Users\lilacseeking\PycharmProjects\vmd-catboost\outputs\logs\main_20260615_201237.log
20:14:00 | INFO    | 完成!
