03:12:40 | INFO    | ======================================================================
03:12:40 | INFO    |   配电网物资需求预测 —— VMD-CatBoost 模型对比实验
03:12:40 | INFO    |   物资: Top5采购频率最高 (从ECP数据自动选择)
03:12:40 | INFO    |   因子: 批次事件特征 + 项目数量 + 自回归滞后
03:12:40 | INFO    |   模型: CatBoost / Conditional-CatBoost / N-HiTS / TwoStage + NaiveSeasonal/Persistence/SARIMA
03:12:40 | INFO    | ======================================================================
03:12:40 | INFO    |   日志文件: outputs/logs\main_20260708_031240.log
03:12:40 | INFO    | [1/8] 加载数据...
03:12:40 | INFO    | 读取已有数据文件: inputs\data.xlsx
03:12:40 | INFO    |   Sheet[交流避雷器]: 81 条, demand范围=[0.00, 7580.00]
03:12:40 | INFO    |   Sheet[电容式电压互感器]: 81 条, demand范围=[0.00, 426.00]
03:12:40 | INFO    |   Sheet[交流支柱绝缘子]: 81 条, demand范围=[0.00, 4888.00]
03:12:40 | INFO    |   Sheet[断路器保护]: 81 条, demand范围=[0.00, 173.00]
03:12:40 | INFO    |   Sheet[电抗器保护]: 81 条, demand范围=[0.00, 67.00]
03:12:40 | INFO    |   物资: ['交流避雷器', '电容式电压互感器', '交流支柱绝缘子', '断路器保护', '电抗器保护']
03:12:41 | INFO    |   [图表] 需求量曲线 → outputs/figures\需求量曲线.png
03:12:41 | INFO    | 
03:12:41 | INFO    | [2/8] 处理 交流避雷器 (交流避雷器)...
03:12:41 | INFO    |   [Spearman因子选择] 交流避雷器: top4=['project_count', 'transformer_bids', 'monthly_bid_count', 'uhv_bids']
03:12:41 | INFO    |   [特征工程] top4=['project_count', 'transformer_bids', 'monthly_bid_count', 'uhv_bids'], n_feat=13维, 训练=69月
03:12:41 | DEBUG   |   训练集: 69月, 测试集: 12月
03:12:41 | INFO    |   [3/8] 模型一: CatBoost...
03:12:41 | INFO    |         MSE=1786518.4839 RMSE=1336.6071 MAE=1005.7992 R2=0.5821
03:12:41 | INFO    |   [Baseline] NaiveSeasonal: R2=0.0963
03:12:41 | INFO    |   [Baseline] Persistence: R2=-0.4689
03:12:41 | INFO    |   [Baseline] SARIMA: R2=0.2789
03:12:41 | INFO    |   [5/8] Conditional-CatBoost...
03:12:42 | INFO    |         MSE=1978230.8263 RMSE=1406.4959 MAE=1042.7295 R2=0.5373
03:12:42 | INFO    |   [6/8] N-HiTS...
03:12:42 | WARNING |   [N-HiTS] samples=33<50, skip (小样本不稳定)
03:12:42 | INFO    |   [N-HiTS] 跳过 (未安装或失败)
03:12:42 | INFO    |   [7/8] 两阶段预测...
03:12:43 | INFO    |   [两阶段] Stage1分类准确率=83.33%, 非零训练样本=42
03:12:43 | INFO    |         MSE=1891835.4287 RMSE=1375.4401 MAE=1061.5215 R2=0.5575
03:12:43 | INFO    |   [图表] 特征重要性(交流避雷器) → outputs/figures\特征重要性_交流避雷器.png
03:12:43 | INFO    | 
03:12:43 | INFO    | [2/8] 处理 电容式电压互感器 (电容式电压互感器)...
03:12:43 | INFO    |   [Spearman因子选择] 电容式电压互感器: top4=['project_count', 'monthly_bid_count', 'transformer_bids', 'uhv_bids']
03:12:43 | INFO    |   [特征工程] top4=['project_count', 'monthly_bid_count', 'transformer_bids', 'uhv_bids'], n_feat=13维, 训练=69月
03:12:43 | DEBUG   |   训练集: 69月, 测试集: 12月
03:12:43 | INFO    |   [3/8] 模型一: CatBoost...
03:12:44 | INFO    |         MSE=7156.2680 RMSE=84.5947 MAE=69.5285 R2=0.3636
03:12:44 | INFO    |   [Baseline] NaiveSeasonal: R2=-1.7481
03:12:44 | INFO    |   [Baseline] Persistence: R2=-2.4236
03:12:44 | INFO    |   [Baseline] SARIMA: R2=-0.5009
03:12:44 | INFO    |   [5/8] Conditional-CatBoost...
03:12:45 | INFO    |         MSE=7876.6793 RMSE=88.7507 MAE=73.2689 R2=0.2995
03:12:45 | INFO    |   [6/8] N-HiTS...
03:12:45 | WARNING |   [N-HiTS] samples=33<50, skip (小样本不稳定)
03:12:45 | INFO    |   [N-HiTS] 跳过 (未安装或失败)
03:12:45 | INFO    |   [7/8] 两阶段预测...
03:12:45 | INFO    |   [两阶段] Stage1分类准确率=83.33%, 非零训练样本=42
03:12:45 | INFO    |         MSE=7504.4649 RMSE=86.6283 MAE=71.7663 R2=0.3326
03:12:45 | INFO    |   [图表] 特征重要性(电容式电压互感器) → outputs/figures\特征重要性_电容式电压互感器.png
03:12:45 | INFO    | 
03:12:45 | INFO    | [2/8] 处理 交流支柱绝缘子 (交流支柱绝缘子)...
03:12:45 | INFO    |   [Spearman因子选择] 交流支柱绝缘子: top4=['project_count', 'transformer_bids', 'monthly_bid_count', 'uhv_bids']
03:12:45 | INFO    |   [特征工程] top4=['project_count', 'transformer_bids', 'monthly_bid_count', 'uhv_bids'], n_feat=13维, 训练=69月
03:12:45 | DEBUG   |   训练集: 69月, 测试集: 12月
03:12:45 | INFO    |   [3/8] 模型一: CatBoost...
03:12:46 | INFO    |         MSE=1117023.2642 RMSE=1056.8932 MAE=792.4929 R2=0.1529
03:12:46 | INFO    |   [Baseline] NaiveSeasonal: R2=-1.2457
03:12:46 | INFO    |   [Baseline] Persistence: R2=-0.4130
03:12:46 | INFO    |   [Baseline] SARIMA: R2=-0.3865
03:12:46 | INFO    |   [5/8] Conditional-CatBoost...
03:12:47 | INFO    |         MSE=1118546.8221 RMSE=1057.6137 MAE=792.4435 R2=0.1518
03:12:47 | INFO    |   [6/8] N-HiTS...
03:12:47 | WARNING |   [N-HiTS] samples=33<50, skip (小样本不稳定)
03:12:47 | INFO    |   [N-HiTS] 跳过 (未安装或失败)
03:12:47 | INFO    |   [7/8] 两阶段预测...
03:12:47 | INFO    |   [两阶段] Stage1分类准确率=83.33%, 非零训练样本=42
03:12:47 | INFO    |         MSE=1115307.9837 RMSE=1056.0814 MAE=802.3057 R2=0.1542
03:12:48 | INFO    |   [图表] 特征重要性(交流支柱绝缘子) → outputs/figures\特征重要性_交流支柱绝缘子.png
03:12:48 | INFO    | 
03:12:48 | INFO    | [2/8] 处理 断路器保护 (断路器保护)...
03:12:48 | INFO    |   [Spearman因子选择] 断路器保护: top4=['project_count', 'monthly_bid_count', 'uhv_bids', 'transformer_bids']
03:12:48 | INFO    |   [特征工程] top4=['project_count', 'monthly_bid_count', 'uhv_bids', 'transformer_bids'], n_feat=13维, 训练=69月
03:12:48 | DEBUG   |   训练集: 69月, 测试集: 12月
03:12:48 | INFO    |   [3/8] 模型一: CatBoost...
03:12:48 | INFO    |         MSE=377.4989 RMSE=19.4293 MAE=15.2919 R2=0.3135
03:12:48 | INFO    |   [Baseline] NaiveSeasonal: R2=-0.5356
03:12:48 | INFO    |   [Baseline] Persistence: R2=-4.2483
03:12:48 | INFO    |   [Baseline] SARIMA: R2=-0.5684
03:12:48 | INFO    |   [5/8] Conditional-CatBoost...
03:12:49 | INFO    |         MSE=392.5417 RMSE=19.8127 MAE=15.4221 R2=0.2861
03:12:49 | INFO    |   [6/8] N-HiTS...
03:12:49 | WARNING |   [N-HiTS] samples=33<50, skip (小样本不稳定)
03:12:49 | INFO    |   [N-HiTS] 跳过 (未安装或失败)
03:12:49 | INFO    |   [7/8] 两阶段预测...
03:12:49 | INFO    |   [两阶段] Stage1分类准确率=83.33%, 非零训练样本=41
03:12:49 | INFO    |         MSE=357.5034 RMSE=18.9078 MAE=15.1614 R2=0.3499
03:12:50 | INFO    |   [图表] 特征重要性(断路器保护) → outputs/figures\特征重要性_断路器保护.png
03:12:50 | INFO    | 
03:12:50 | INFO    | [2/8] 处理 电抗器保护 (电抗器保护)...
03:12:50 | INFO    |   [Spearman因子选择] 电抗器保护: top4=['project_count', 'monthly_bid_count', 'uhv_bids', 'transformer_bids']
03:12:50 | INFO    |   [特征工程] top4=['project_count', 'monthly_bid_count', 'uhv_bids', 'transformer_bids'], n_feat=13维, 训练=69月
03:12:50 | DEBUG   |   训练集: 69月, 测试集: 12月
03:12:50 | INFO    |   [3/8] 模型一: CatBoost...
03:12:50 | INFO    |         MSE=44.8277 RMSE=6.6954 MAE=5.0733 R2=0.3563
03:12:50 | INFO    |   [Baseline] NaiveSeasonal: R2=-2.5457
03:12:50 | INFO    |   [Baseline] Persistence: R2=-0.0483
03:12:51 | INFO    |   [Baseline] SARIMA: R2=-3.2378
03:12:51 | INFO    |   [5/8] Conditional-CatBoost...
03:12:51 | INFO    |         MSE=35.6836 RMSE=5.9736 MAE=4.8643 R2=0.4876
03:12:51 | INFO    |   [6/8] N-HiTS...
03:12:51 | WARNING |   [N-HiTS] samples=33<50, skip (小样本不稳定)
03:12:51 | INFO    |   [N-HiTS] 跳过 (未安装或失败)
03:12:51 | INFO    |   [7/8] 两阶段预测...
03:12:52 | INFO    |   [两阶段] Stage1分类准确率=100.00%, 非零训练样本=41
03:12:52 | INFO    |         MSE=43.1723 RMSE=6.5706 MAE=4.6949 R2=0.3801
03:12:52 | INFO    |   [图表] 特征重要性(电抗器保护) → outputs/figures\特征重要性_电抗器保护.png
03:12:52 | INFO    | 
03:12:52 | INFO    | [8/8] 汇总评估与可视化...
03:12:52 | INFO    | 
03:12:52 | INFO    | ========================================================================================================================
03:12:52 | INFO    | 评估指标汇总表
03:12:52 | INFO    | ========================================================================================================================
03:12:52 | INFO    | 物资               模型                              MSE         RMSE          MAE          R^2
03:12:52 | INFO    | ------------------------------------------------------------------------------------------------------------------------
03:12:52 | INFO    | 交流避雷器            CatBoost               1786518.4839    1336.6071    1005.7992       0.5821
03:12:52 | INFO    |                  NaiveSeasonal          3863131.4167    1965.4850    1331.0833       0.0963
03:12:52 | INFO    |                  Persistence            6279299.5833    2505.8531    1428.4167      -0.4689
03:12:52 | INFO    |                  SARIMA                 3082744.7301    1755.7747    1356.8946       0.2789
03:12:52 | INFO    |                  CondCatBoost           1978230.8263    1406.4959    1042.7295       0.5373
03:12:52 | INFO    |                  TwoStage               1891835.4287    1375.4401    1061.5215       0.5575
03:12:52 | INFO    | ------------------------------------------------------------------------------------------------------------------------
03:12:52 | INFO    | 电容式电压互感器         CatBoost                  7156.2680      84.5947      69.5285       0.3636
03:12:52 | INFO    |                  NaiveSeasonal            30901.1667     175.7873     145.5000      -1.7481
03:12:52 | INFO    |                  Persistence              38497.2500     196.2072     169.0833      -2.4236
03:12:52 | INFO    |                  SARIMA                   16876.7335     129.9105     108.6409      -0.5009
03:12:52 | INFO    |                  CondCatBoost              7876.6793      88.7507      73.2689       0.2995
03:12:52 | INFO    |                  TwoStage                  7504.4649      86.6283      71.7663       0.3326
03:12:52 | INFO    | ------------------------------------------------------------------------------------------------------------------------
03:12:52 | INFO    | 交流支柱绝缘子          CatBoost               1117023.2642    1056.8932     792.4929       0.1529
03:12:52 | INFO    |                  NaiveSeasonal          2961393.5000    1720.8700    1333.1667      -1.2457
03:12:52 | INFO    |                  Persistence            1863355.5000    1365.0478    1111.5000      -0.4130
03:12:52 | INFO    |                  SARIMA                 1828421.8534    1352.1915    1126.2574      -0.3865
03:12:52 | INFO    |                  CondCatBoost           1118546.8221    1057.6137     792.4435       0.1518
03:12:52 | INFO    |                  TwoStage               1115307.9837    1056.0814     802.3057       0.1542
03:12:52 | INFO    | ------------------------------------------------------------------------------------------------------------------------
03:12:52 | INFO    | 断路器保护            CatBoost                   377.4989      19.4293      15.2919       0.3135
03:12:52 | INFO    |                  NaiveSeasonal              844.4167      29.0588      20.2500      -0.5356
03:12:52 | INFO    |                  Persistence               2886.0000      53.7215      51.3333      -4.2483
03:12:52 | INFO    |                  SARIMA                     862.4666      29.3678      27.5372      -0.5684
03:12:52 | INFO    |                  CondCatBoost               392.5417      19.8127      15.4221       0.2861
03:12:52 | INFO    |                  TwoStage                   357.5034      18.9078      15.1614       0.3499
03:12:52 | INFO    | ------------------------------------------------------------------------------------------------------------------------
03:12:52 | INFO    | 电抗器保护            CatBoost                    44.8277       6.6954       5.0733       0.3563
03:12:52 | INFO    |                  NaiveSeasonal              246.9167      15.7136      13.0833      -2.5457
03:12:52 | INFO    |                  Persistence                 73.0000       8.5440       6.8333      -0.0483
03:12:52 | INFO    |                  SARIMA                     295.1140      17.1789      15.0759      -3.2378
03:12:52 | INFO    |                  CondCatBoost                35.6836       5.9736       4.8643       0.4876
03:12:52 | INFO    |                  TwoStage                    43.1723       6.5706       4.6949       0.3801
03:12:52 | INFO    | ------------------------------------------------------------------------------------------------------------------------
03:12:52 | INFO    | 
03:12:53 | INFO    |   [图表] 预测对比图(交流避雷器) → outputs/figures\预测对比_交流避雷器.png
03:12:53 | INFO    |   [图表] 预测对比图(电容式电压互感器) → outputs/figures\预测对比_电容式电压互感器.png
03:12:53 | INFO    |   [图表] 预测对比图(交流支柱绝缘子) → outputs/figures\预测对比_交流支柱绝缘子.png
03:12:53 | INFO    |   [图表] 预测对比图(断路器保护) → outputs/figures\预测对比_断路器保护.png
03:12:54 | INFO    |   [图表] 预测对比图(电抗器保护) → outputs/figures\预测对比_电抗器保护.png
03:12:55 | INFO    |   [图表] 指标对比图 → outputs/figures\指标对比图.png
03:12:55 | INFO    | 
03:12:55 | INFO    | ======================================================================
03:12:55 | INFO    |   模型性能排序 (按R^2)
03:12:55 | INFO    | ======================================================================
03:12:55 | INFO    |   交流避雷器: [1st] CatBoost (R^2=0.5821)  [2nd] TwoStage (R^2=0.5575)  [3rd] CondCatBoost (R^2=0.5373)
03:12:55 | INFO    |   电容式电压互感器: [1st] CatBoost (R^2=0.3636)  [2nd] TwoStage (R^2=0.3326)  [3rd] CondCatBoost (R^2=0.2995)
03:12:55 | INFO    |   交流支柱绝缘子: [1st] TwoStage (R^2=0.1542)  [2nd] CatBoost (R^2=0.1529)  [3rd] CondCatBoost (R^2=0.1518)
03:12:55 | INFO    |   断路器保护: [1st] TwoStage (R^2=0.3499)  [2nd] CatBoost (R^2=0.3135)  [3rd] CondCatBoost (R^2=0.2861)
03:12:55 | INFO    |   电抗器保护: [1st] CondCatBoost (R^2=0.4876)  [2nd] TwoStage (R^2=0.3801)  [3rd] CatBoost (R^2=0.3563)
03:12:55 | INFO    | 
03:12:55 | INFO    | 所有图表已保存至: C:\Users\董文涛\PycharmProjects\vmd-catboost\outputs\figures/
03:12:55 | INFO    | 日志文件: C:\Users\董文涛\PycharmProjects\vmd-catboost\outputs\logs\main_20260708_031240.log
03:12:55 | INFO    | 完成!
