22:55:59 | INFO    | ======================================================================
22:55:59 | INFO    |   PIPELINE: Route C: Pooled Two-Stage Prediction with Guardrail
22:55:59 | INFO    |   Stage1=pooled classifier(620 rows), Stage2=per-material Optuna, Guardrail=F1>baseline
22:55:59 | INFO    |   日志文件: D:\Users\dell\PycharmProjects\vmd-catboost\scripts\..\outputs\logs\RouteC_20260709_225559.log
22:55:59 | INFO    | ======================================================================
22:55:59 | INFO    | 
22:55:59 | INFO    | [Step 1] 数据加载
22:55:59 | INFO    |        10种物资 + 6维共享特征 + 8维自回归 + Stage1标签构建
22:56:00 | INFO    |        物资清单
22:56:00 | INFO    |        ------------------------------------------------------------------
22:56:00 | INFO    |        AC_Arrester         | 交流避雷器        | 避雷器/绝缘子  | 39       | 11     
22:56:00 | INFO    |        CVT                 | 电容式电压互感器     | 其他       | 39       | 11     
22:56:00 | INFO    |        Post_Insulator      | 交流支柱绝缘子      | 避雷器/绝缘子  | 39       | 9      
22:56:00 | INFO    |        Breaker_Protect     | 断路器保护        | 断路器/组合电器 | 38       | 10     
22:56:00 | INFO    |        Reactor_Protect     | 电抗器保护        | 保护/监控    | 38       | 10     
22:56:00 | INFO    |        Line_Protect        | 线路保护         | 保护/监控    | 37       | 10     
22:56:00 | INFO    |        T10kV               | 10kV变压器      | 变压器      | 37       | 10     
22:56:00 | INFO    |        Transformer_Protect | 变压器保护        | 变压器      | 37       | 10     
22:56:00 | INFO    |        Busbar_Protect      | 母线保护         | 保护/监控    | 37       | 10     
22:56:00 | INFO    |        GIS_500kV           | 500kVGIS组合电器 | 开关柜/环网柜  | 36       | 11     
22:56:00 | INFO    |        ------------------------------------------------------------------
22:56:00 | INFO    | 
22:56:00 | INFO    | [Step 2] 特征工程
22:56:00 | INFO    |        构建14维零泄露特征(6 shared + 8 self-lag) + Stage1池化训练集
22:56:00 | INFO    |        - 池化训练集: 620行, pos=377 (60.8%), neg=243
22:56:00 | INFO    |        - 池化基线(全预测多数类)准确率: 60.8%
22:56:00 | INFO    |        - 数据泄露检查: PASS — 所有特征仅使用t-1之前历史数据, material_id仅作为组标识
22:56:00 | INFO    |   [Step 2] OK (0.0s) | 620 pooled training rows, 120 test rows
22:56:00 | DEBUG   |        = 620 pooled training rows, 120 test rows
22:56:00 | INFO    | 
22:56:00 | INFO    | [Step 3] 定义搜索函数
22:56:00 | INFO    |        Stage1分类器F1搜索 + Stage2回归器R2搜索
22:56:00 | INFO    |   [Step 3] OK (0.0s) | Search spaces: Stage1=10 params, Stage2=10 params
22:56:00 | DEBUG   |        = Search spaces: Stage1=10 params, Stage2=10 params
22:56:00 | INFO    | 
22:56:00 | INFO    | [Step 4] Stage1: 池化分类器Optuna
22:56:00 | INFO    |        80 trials, 最大化验证集F1
22:56:07 | INFO    |        - Stage1 best F1 on val: 0.9722
22:56:07 | INFO    |        - Stage1 best params: colsample_bytree=0.589, learning_rate=0.0614, max_depth=7, min_child_samples=12, min_split_gain=0.0935, n_estimators=394, num_leaves=99, reg_alpha=4.77, reg_lambda=0.225, subsample=0.585
22:56:07 | INFO    |   [Step 4] OK (7.7s) | Pooled classifier trained, 120 test probabilities generated
22:56:07 | DEBUG   |        = Pooled classifier trained, 120 test probabilities generated
22:56:07 | INFO    | 
22:56:07 | INFO    | [Step 5] Guardrail: Stage1分类质量检查
22:56:07 | INFO    |        验证集F1 > baseline → 通过; 否则→fallback
22:56:07 | INFO    |        -   [AC_Arrester           ] F1=1.000, baseline=0.478, TP=11, FN=0, FP=0, TN=1 → PASS
22:56:07 | INFO    |        -   [CVT                   ] F1=1.000, baseline=0.478, TP=11, FN=0, FP=0, TN=1 → PASS
22:56:07 | INFO    |        -   [Post_Insulator        ] F1=0.900, baseline=0.429, TP=9, FN=0, FP=2, TN=1 → PASS
22:56:07 | INFO    |        -   [Breaker_Protect       ] F1=0.952, baseline=0.455, TP=10, FN=0, FP=1, TN=1 → PASS
22:56:07 | INFO    |        -   [Reactor_Protect       ] F1=0.952, baseline=0.455, TP=10, FN=0, FP=1, TN=1 → PASS
22:56:07 | INFO    |        -   [Line_Protect          ] F1=0.952, baseline=0.455, TP=10, FN=0, FP=1, TN=1 → PASS
22:56:07 | INFO    |        -   [T10kV                 ] F1=0.952, baseline=0.455, TP=10, FN=0, FP=1, TN=1 → PASS
22:56:07 | INFO    |        -   [Transformer_Protect   ] F1=0.952, baseline=0.455, TP=10, FN=0, FP=1, TN=1 → PASS
22:56:07 | INFO    |        -   [Busbar_Protect        ] F1=0.952, baseline=0.455, TP=10, FN=0, FP=1, TN=1 → PASS
22:56:07 | INFO    |        -   [GIS_500kV             ] F1=1.000, baseline=0.478, TP=11, FN=0, FP=0, TN=1 → PASS
22:56:07 | INFO    |        - Guardrail: 10/10 PASS, 0/10 FAIL (will fallback to single-stage Optuna)
22:56:07 | INFO    |   [Step 5] OK (0.0s) | 10 guardrail passed, 0 need fallback
22:56:07 | DEBUG   |        = 10 guardrail passed, 0 need fallback
22:56:07 | INFO    | 
22:56:07 | INFO    | [Step 6] Stage2: 回归器训练 + 最终预测
22:56:07 | INFO    |        通过guardrail的用两阶段, 否则fallback单阶段
22:56:07 | INFO    |        - 先运行单阶段Optuna基准(全部10种)...
22:56:59 | INFO    |        - 运行RouteC池化两阶段预测...
22:57:01 | INFO    |        [AC_Arrester] BaseR2=0.3356 | TwoStageR2=0.2843 | Delta=-0.0513 | N_Train=39 | Mode=prob_weighted
22:57:03 | INFO    |        [CVT] BaseR2=0.4031 | TwoStageR2=0.3292 | Delta=-0.0740 | N_Train=39 | Mode=prob_weighted
22:57:05 | INFO    |        [Post_Insulator] BaseR2=0.3495 | TwoStageR2=0.3733 | Delta=+0.0238+ | N_Train=39 | Mode=prob_weighted
22:57:08 | INFO    |        [Breaker_Protect] BaseR2=0.4912 | TwoStageR2=0.3067 | Delta=-0.1845 | N_Train=38 | Mode=prob_weighted
22:57:10 | INFO    |        [Reactor_Protect] BaseR2=0.0024 | TwoStageR2=0.2619 | Delta=+0.2594+ | N_Train=38 | Mode=prob_weighted
22:57:13 | INFO    |        [Line_Protect] BaseR2=0.4498 | TwoStageR2=0.2628 | Delta=-0.1870 | N_Train=37 | Mode=prob_weighted
22:57:15 | INFO    |        [T10kV] BaseR2=0.5049 | TwoStageR2=0.3775 | Delta=-0.1274 | N_Train=37 | Mode=prob_weighted
22:57:18 | INFO    |        [Transformer_Protect] BaseR2=0.2365 | TwoStageR2=0.3133 | Delta=+0.0768+ | N_Train=37 | Mode=prob_weighted
22:57:21 | INFO    |        [Busbar_Protect] BaseR2=0.4089 | TwoStageR2=0.4727 | Delta=+0.0639+ | N_Train=37 | Mode=prob_weighted
22:57:24 | INFO    |        [GIS_500kV] BaseR2=-0.2051 | TwoStageR2=0.0671 | Delta=+0.2722+ | N_Train=36 | Mode=prob_weighted
22:57:24 | INFO    | 
22:57:24 | INFO    | [Step 7] 误差传播分析: MSE由Stage1误差贡献了多少?
22:57:24 | INFO    |        对通过guardrail的物资做MSE分解
22:57:24 | INFO    |        MSE分解 (仅Passed物资)
22:57:24 | INFO    |        ------------------------------------------------------------------------------------
22:57:24 | INFO    |        AC_Arrester      | 3052894   | 0              | 0              | 3052105 | 0,0      
22:57:24 | INFO    |        CVT              | 7313      | 0              | 0              | 7312    | 0,0      
22:57:24 | INFO    |        Post_Insulator   | 771752    | 0              | 358802 (46%)   | 412523  | 0,2      
22:57:24 | INFO    |        Breaker_Protect  | 482       | 0              | 10 (2%)        | 472     | 0,1      
22:57:24 | INFO    |        Reactor_Protect  | 45        | 0              | 3 (7%)         | 42      | 0,1      
22:57:24 | INFO    |        Line_Protect     | 46609     | 0              | 140 (0%)       | 46465   | 0,1      
22:57:24 | INFO    |        T10kV            | 1742      | 0              | 274 (16%)      | 1468    | 0,1      
22:57:24 | INFO    |        Transformer_Prot | 9723      | 0              | 10 (0%)        | 9713    | 0,1      
22:57:24 | INFO    |        Busbar_Protect   | 1568      | 0              | 47 (3%)        | 1521    | 0,1      
22:57:24 | INFO    |        GIS_500kV        | 1450      | 0              | 0              | 1450    | 0,0      
22:57:24 | INFO    |        ------------------------------------------------------------------------------------
22:57:24 | INFO    |        - FN贡献>30% MSE的物资: 0个 (阈值:可接受=0)
22:57:24 | INFO    | 
22:57:24 | INFO    | [Step 8] 汇总对比
22:57:24 | INFO    |        RouteC TwoStage vs SingleStage Optuna基准
22:57:24 | INFO    |        RouteC TwoStage vs SingleStage Optuna
22:57:24 | INFO    |        -------------------------------------------------------------------------------------------
22:57:24 | INFO    |        AC_Arrester         | 避雷器/绝缘子  | 0.3356   | 0.2843     | -0.0513 | Single   | prob_weighted
22:57:24 | INFO    |        CVT                 | 其他       | 0.4031   | 0.3292     | -0.0740 | Single   | prob_weighted
22:57:24 | INFO    |        Post_Insulator      | 避雷器/绝缘子  | 0.3495   | 0.3733     | +0.0238 | TwoStage | prob_weighted
22:57:24 | INFO    |        Breaker_Protect     | 断路器/组合电器 | 0.4912   | 0.3067     | -0.1845 | Single   | prob_weighted
22:57:24 | INFO    |        Reactor_Protect     | 保护/监控    | 0.0024   | 0.2619     | +0.2594 | TwoStage | prob_weighted
22:57:24 | INFO    |        Line_Protect        | 保护/监控    | 0.4498   | 0.2628     | -0.1870 | Single   | prob_weighted
22:57:24 | INFO    |        T10kV               | 变压器      | 0.5049   | 0.3775     | -0.1274 | Single   | prob_weighted
22:57:24 | INFO    |        Transformer_Protect | 变压器      | 0.2365   | 0.3133     | +0.0768 | TwoStage | prob_weighted
22:57:24 | INFO    |        Busbar_Protect      | 保护/监控    | 0.4089   | 0.4727     | +0.0639 | TwoStage | prob_weighted
22:57:24 | INFO    |        GIS_500kV           | 开关柜/环网柜  | -0.2051  | 0.0671     | +0.2722 | TwoStage | prob_weighted
22:57:24 | INFO    |        -------------------------------------------------------------------------------------------
22:57:24 | INFO    |        - Mean R2: Single=0.2977, TwoStage=0.3049 (Δ=+0.0072)
22:57:24 | INFO    |        - TwoStage wins: 5/10 total, 5/10 among guardrail-passed
22:57:24 | INFO    |        - Guardrail passed: 10/10
22:57:24 | INFO    | 
22:57:24 | INFO    | [Step 9] 对比实验: 概率加权 vs 硬阈值
22:57:24 | INFO    |        对通过guardrail的物资做两方案对比
22:57:24 | INFO    |        概率加权 vs 硬阈值 (仅Passed物资)
22:57:24 | INFO    |        --------------------------------------------------------------------
22:57:24 | INFO    |        AC_Arrester      | 0.2843     | 0.2657     | +0.0186 | ProbWeight   
22:57:24 | INFO    |        CVT              | 0.3292     | 0.2672     | +0.0620 | ProbWeight   
22:57:24 | INFO    |        Post_Insulator   | 0.3733     | 0.2962     | +0.0771 | ProbWeight   
22:57:24 | INFO    |        Breaker_Protect  | 0.3067     | 0.2574     | +0.0493 | ProbWeight   
22:57:24 | INFO    |        Reactor_Protect  | 0.2619     | -0.2926    | +0.5545 | ProbWeight   
22:57:24 | INFO    |        Line_Protect     | 0.2628     | 0.2406     | +0.0222 | ProbWeight   
22:57:24 | INFO    |        T10kV            | 0.3775     | 0.4006     | -0.0231 | HardThreshold
22:57:24 | INFO    |        Transformer_Prot | 0.3133     | 0.3217     | -0.0084 | HardThreshold
22:57:24 | INFO    |        Busbar_Protect   | 0.4727     | 0.4363     | +0.0364 | ProbWeight   
22:57:24 | INFO    |        GIS_500kV        | 0.0671     | 0.2099     | -0.1428 | HardThreshold
22:57:24 | INFO    |        --------------------------------------------------------------------
22:57:24 | INFO    |        - 概率加权胜出: 7/10
22:57:24 | INFO    | 
22:57:24 | INFO    | [Step 10] 可视化 + 导出
22:57:24 | INFO    |        6张图 + JSON + 日志
