===== Route A: 14-dim Self-Lag + LightGBM Optuna (100 trials) =====
Date: 2026-07-09T18:03:03      No data leakage

Material                  Cat                NZ_T NZ_Test  Default   Optuna     Seas     Mean
-----------------------------------------------------------------------------------------------
交流避雷器                     避雷器/绝缘子              39     11   0.1805   0.2982   0.0502  -0.0000
电容式电压互感器                  其他                   39     11   0.3593   0.4031  -2.1934  -0.0005
交流支柱绝缘子                   避雷器/绝缘子              39      9   0.3435   0.3495  -1.5958  -0.0003
断路器保护                     断路器/组合电器             38     10   0.5927   0.4912  -0.0988  -0.0179
电抗器保护                     保护/监控                38     10  -0.1144  -0.1007  -2.9457  -0.6441
线路保护                      保护/监控                37     10   0.3062   0.4999   0.0913  -0.0000
10kV变压器                   变压器                  37     10   0.4582   0.5333  -1.1466  -0.0001
变压器保护                     变压器                  37     10   0.2230   0.2365   0.3408  -0.0123
母线保护                      保护/监控                37     10   0.3469   0.4042   0.4178  -0.0333
500kVGIS组合电器              开关柜/环网柜              36     11   0.0057  -0.3865  -1.8022  -0.0249

Mean R2: 0.2729 | Median R2: 0.3763
Wins vs Seasonal: 8/10 | Wins vs Default: 8/10

Best per-material hyperparameters:
  [AC_Arrester]: n_est=329 depth=2 leaves=74 lr=0.0528 alpha=0.4100 lambda=0.0231
  [CVT]: n_est=375 depth=3 leaves=35 lr=0.0420 alpha=0.2964 lambda=0.0242
  [Post_Insulator]: n_est=222 depth=6 leaves=72 lr=0.0610 alpha=0.0059 lambda=0.1461
  [Breaker_Protect]: n_est=400 depth=5 leaves=76 lr=0.0440 alpha=0.1916 lambda=0.0296
  [Reactor_Protect]: n_est=383 depth=2 leaves=57 lr=0.0168 alpha=0.0432 lambda=0.3921
  [Line_Protect]: n_est=359 depth=4 leaves=15 lr=0.0999 alpha=0.1280 lambda=0.0329
  [T10kV]: n_est=293 depth=2 leaves=29 lr=0.0917 alpha=0.0307 lambda=0.1471
  [Transformer_Protect]: n_est=394 depth=5 leaves=49 lr=0.0326 alpha=4.8066 lambda=4.8380
  [Busbar_Protect]: n_est=383 depth=4 leaves=36 lr=0.0819 alpha=0.0078 lambda=2.7601
  [GIS_500kV]: n_est=303 depth=2 leaves=44 lr=0.0636 alpha=0.8212 lambda=0.2527
