===== Route B: 22-dim Zero-Leakage + LightGBM Optuna (80 trials) =====
Date: 2026-07-09T19:01:19      Features: shared(5)+self-lag(8)+global-lag1(3)+cooc-lag1(4)+seasonal(2)
All cross-material features use t-1 (lag1) — zero data leakage

Material                  Cat                  RouteA  RouteB_D  RouteB_O     B-A     Seas
------------------------------------------------------------------------------------------
交流避雷器                     避雷器/绝缘子              0.2982    0.2472    0.3471 +0.0489   0.0502
电容式电压互感器                  其他                   0.4031    0.3046    0.4805 +0.0774  -2.1934
交流支柱绝缘子                   避雷器/绝缘子              0.3495    0.2978    0.3796 +0.0301  -1.5958
断路器保护                     断路器/组合电器             0.4912    0.5447    0.4255 -0.0657  -0.0988
电抗器保护                     保护/监控               -0.1007   -0.0199    0.0118 +0.1125  -2.9457
线路保护                      保护/监控                0.4999    0.3103    0.4362 -0.0637   0.0913
10kV变压器                   变压器                  0.5333    0.4135    0.4582 -0.0751  -1.1466
变压器保护                     变压器                  0.2365    0.2325    0.2723 +0.0358   0.3408
母线保护                      保护/监控                0.4042    0.3265    0.4109 +0.0067   0.4178
500kVGIS组合电器              开关柜/环网柜             -0.3865    0.0292    0.0622 +0.4487  -1.8022

Route A Mean: 0.2729 | Route B Mean: 0.3284 | Delta: +0.0556
Route B > Route A: 7/10

Ablation results:
  [AC_Arrester           ]: full=0.3471  no_cooc=0.3140  no_global=0.2285  no_seasonal=0.3407
  [CVT                   ]: full=0.4805  no_cooc=0.3981  no_global=0.3830  no_seasonal=0.4752
  [Post_Insulator        ]: full=0.3796  no_cooc=0.3613  no_global=0.3286  no_seasonal=0.3440
  [Breaker_Protect       ]: full=0.4255  no_cooc=0.4357  no_global=0.4610  no_seasonal=0.4218
  [Reactor_Protect       ]: full=0.0118  no_cooc=-0.2431  no_global=-0.4284  no_seasonal=-0.0603
  [Line_Protect          ]: full=0.4362  no_cooc=0.4587  no_global=0.4851  no_seasonal=0.4758
  [T10kV                 ]: full=0.4582  no_cooc=0.5277  no_global=0.5634  no_seasonal=0.5324
  [Transformer_Protect   ]: full=0.2723  no_cooc=0.2769  no_global=0.2995  no_seasonal=0.2723
  [Busbar_Protect        ]: full=0.4109  no_cooc=0.3741  no_global=0.3921  no_seasonal=0.3545
  [GIS_500kV             ]: full=0.0622  no_cooc=0.0731  no_global=0.0540  no_seasonal=0.0643
